nohup: ignoring input
Setting up the environment...
Job started on ISSFLab.engin.umd.umich.edu at Fri Apr 17 00:48:33 EDT 2026
Python version: Python 3.12.12
PyTorch version: 2.6.0+cu124
CUDA available: True
Current GPU: NVIDIA A100-PCIE-40GB
NVIDIA A100-PCIE-40GB
NVIDIA A100-PCIE-40GB
----------------------------------------------------------------
ASV5_TRAIN_ROOT=/data/Data/ASVSpoof5/No_Laundering_train/flac
ASV5_TRAIN_PROTOCOL=/data/Data/ASVSpoof5/protocols/ASVspoof5_train_protocol.txt
ASV5_DEV_ROOT=/data/Data/ASVSpoof5/No_Laundering_dev/flac
ASV5_DEV_PROTOCOL=/data/Data/ASVSpoof5/protocols/ASVspoof5.dev.metadata.txt
ASV5_EVAL_ROOT=/data/Data/ASVSpoof5/No_Laundering_eval/flac
ASV5_EVAL_PROTOCOL=/data/Data/ASVSpoof5/protocols/ASVspoof5.eval.track_1.tsv
EXPERIMENT NAME: asv5_supcon_geodesic_temp_0.07
Using BATCH_SIZE=32, NUM_GPUS=2
Warning: You are sending unauthenticated requests to the HF Hub. Please set a HF_TOKEN to enable higher rate limits and faster downloads.
[INFO] device=cuda
Loading weights:   0%|          | 0/422 [00:00<?, ?it/s]Loading weights: 100%|██████████| 422/422 [00:00<00:00, 39591.03it/s]
[1mWav2Vec2Model LOAD REPORT[0m from: facebook/wav2vec2-xls-r-300m
Key                          | Status     |  | 
-----------------------------+------------+--+-
project_hid.weight           | UNEXPECTED |  | 
project_hid.bias             | UNEXPECTED |  | 
project_q.weight             | UNEXPECTED |  | 
quantizer.weight_proj.bias   | UNEXPECTED |  | 
quantizer.weight_proj.weight | UNEXPECTED |  | 
project_q.bias               | UNEXPECTED |  | 
quantizer.codevectors        | UNEXPECTED |  | 

Notes:
- UNEXPECTED:	can be ignored when loading from different task/architecture; not ok if you expect identical arch.
[INFO] No encoder_state_dict in ckpt (encoder likely frozen during Stage-1).
[OK] Saved asv5:train -> X=(182357, 256), y=(182357,), hist={0: 163560, 1: 18797}
[OK] Saved asv5:dev -> X=(140950, 256), y=(140950,), hist={0: 109616, 1: 31334}
run_train_stage1.sh: line 177: ct_stage1_embeddings_generic.py: command not found
