nohup: ignoring input
Setting up the environment...
Job started on ISSFLab.engin.umd.umich.edu at Fri Apr 17 12:14:47 EDT 2026
Python version: Python 3.12.12
PyTorch version: 2.6.0+cu124
CUDA available: True
Current GPU: NVIDIA A100-PCIE-40GB
NVIDIA A100-PCIE-40GB
NVIDIA A100-PCIE-40GB
----------------------------------------------------------------
ASV5_TRAIN_ROOT=/data/Data/ASVSpoof5/No_Laundering_train/flac
ASV5_TRAIN_PROTOCOL=/data/Data/ASVSpoof5/protocols/ASVspoof5_train_protocol.txt
ASV5_DEV_ROOT=/data/Data/ASVSpoof5/No_Laundering_dev/flac
ASV5_DEV_PROTOCOL=/data/Data/ASVSpoof5/protocols/ASVspoof5.dev.metadata.txt
ASV5_EVAL_ROOT=/data/Data/ASVSpoof5/No_Laundering_eval/flac
ASV5_EVAL_PROTOCOL=/data/Data/ASVSpoof5/protocols/ASVspoof5.eval.track_1.tsv
EXPERIMENT NAME: asv5_bat_128_supcon_geodesic_temp_0.07
Using BATCH_SIZE=128, NUM_GPUS=2
W0417 12:14:53.695000 896178 torch/distributed/run.py:792] 
W0417 12:14:53.695000 896178 torch/distributed/run.py:792] *****************************************
W0417 12:14:53.695000 896178 torch/distributed/run.py:792] Setting OMP_NUM_THREADS environment variable for each process to be 1 in default, to avoid your system being overloaded, please further tune the variable for optimal performance in your application as needed. 
W0417 12:14:53.695000 896178 torch/distributed/run.py:792] *****************************************
[W417 12:15:00.166676067 CUDAFunctions.cpp:109] Warning: CUDA initialization: CUDA driver initialization failed, you might not have a CUDA gpu. (function operator())
Traceback (most recent call last):
  File "/home/jsudan/wav2vec_contr_loss/train_stage1_asv5.py", line 368, in <module>
    main()
  File "/home/jsudan/wav2vec_contr_loss/train_stage1_asv5.py", line 51, in main
    is_distributed, rank, world_size, local_rank = setup_distributed()
                                                   ^^^^^^^^^^^^^^^^^^^
  File "/home/jsudan/wav2vec_contr_loss/stage1_utils.py", line 400, in setup_distributed
    dist.init_process_group(backend="nccl", init_method="env://")
  File "/home/jsudan/.myenv/lib64/python3.12/site-packages/torch/distributed/c10d_logger.py", line 81, in wrapper
    return func(*args, **kwargs)
           ^^^^^^^^^^^^^^^^^^^^^
  File "/home/jsudan/.myenv/lib64/python3.12/site-packages/torch/distributed/c10d_logger.py", line 95, in wrapper
    func_return = func(*args, **kwargs)
                  ^^^^^^^^^^^^^^^^^^^^^
  File "/home/jsudan/.myenv/lib64/python3.12/site-packages/torch/distributed/distributed_c10d.py", line 1721, in init_process_group
    default_pg, _ = _new_process_group_helper(
                    ^^^^^^^^^^^^^^^^^^^^^^^^^^
  File "/home/jsudan/.myenv/lib64/python3.12/site-packages/torch/distributed/distributed_c10d.py", line 1982, in _new_process_group_helper
    backend_class = ProcessGroupNCCL(
                    ^^^^^^^^^^^^^^^^^
ValueError: ProcessGroupNCCL is only supported with GPUs, no GPUs found!
[W417 12:15:00.195629093 CUDAFunctions.cpp:109] Warning: CUDA initialization: CUDA driver initialization failed, you might not have a CUDA gpu. (function operator())
Traceback (most recent call last):
  File "/home/jsudan/wav2vec_contr_loss/train_stage1_asv5.py", line 368, in <module>
    main()
  File "/home/jsudan/wav2vec_contr_loss/train_stage1_asv5.py", line 51, in main
    is_distributed, rank, world_size, local_rank = setup_distributed()
                                                   ^^^^^^^^^^^^^^^^^^^
  File "/home/jsudan/wav2vec_contr_loss/stage1_utils.py", line 400, in setup_distributed
    dist.init_process_group(backend="nccl", init_method="env://")
  File "/home/jsudan/.myenv/lib64/python3.12/site-packages/torch/distributed/c10d_logger.py", line 81, in wrapper
    return func(*args, **kwargs)
           ^^^^^^^^^^^^^^^^^^^^^
  File "/home/jsudan/.myenv/lib64/python3.12/site-packages/torch/distributed/c10d_logger.py", line 95, in wrapper
    func_return = func(*args, **kwargs)
                  ^^^^^^^^^^^^^^^^^^^^^
  File "/home/jsudan/.myenv/lib64/python3.12/site-packages/torch/distributed/distributed_c10d.py", line 1721, in init_process_group
    default_pg, _ = _new_process_group_helper(
                    ^^^^^^^^^^^^^^^^^^^^^^^^^^
  File "/home/jsudan/.myenv/lib64/python3.12/site-packages/torch/distributed/distributed_c10d.py", line 1982, in _new_process_group_helper
    backend_class = ProcessGroupNCCL(
                    ^^^^^^^^^^^^^^^^^
ValueError: ProcessGroupNCCL is only supported with GPUs, no GPUs found!
W0417 12:15:01.464000 896178 torch/distributed/elastic/multiprocessing/api.py:897] Sending process 896268 closing signal SIGTERM
E0417 12:15:01.579000 896178 torch/distributed/elastic/multiprocessing/api.py:869] failed (exitcode: 1) local_rank: 0 (pid: 896267) of binary: /home/jsudan/.myenv/bin/python3.12
Traceback (most recent call last):
  File "/home/jsudan/.myenv/bin/torchrun", line 8, in <module>
    sys.exit(main())
             ^^^^^^
  File "/home/jsudan/.myenv/lib64/python3.12/site-packages/torch/distributed/elastic/multiprocessing/errors/__init__.py", line 355, in wrapper
    return f(*args, **kwargs)
           ^^^^^^^^^^^^^^^^^^
  File "/home/jsudan/.myenv/lib64/python3.12/site-packages/torch/distributed/run.py", line 918, in main
    run(args)
  File "/home/jsudan/.myenv/lib64/python3.12/site-packages/torch/distributed/run.py", line 909, in run
    elastic_launch(
  File "/home/jsudan/.myenv/lib64/python3.12/site-packages/torch/distributed/launcher/api.py", line 138, in __call__
    return launch_agent(self._config, self._entrypoint, list(args))
           ^^^^^^^^^^^^^^^^^^^^^^^^^^^^^^^^^^^^^^^^^^^^^^^^^^^^^^^^
  File "/home/jsudan/.myenv/lib64/python3.12/site-packages/torch/distributed/launcher/api.py", line 269, in launch_agent
    raise ChildFailedError(
torch.distributed.elastic.multiprocessing.errors.ChildFailedError: 
============================================================
train_stage1_asv5.py FAILED
------------------------------------------------------------
Failures:
  <NO_OTHER_FAILURES>
------------------------------------------------------------
Root Cause (first observed failure):
[0]:
  time      : 2026-04-17_12:15:01
  host      : ISSFLab.engin.umd.umich.edu
  rank      : 0 (local_rank: 0)
  exitcode  : 1 (pid: 896267)
  error_file: <N/A>
  traceback : To enable traceback see: https://pytorch.org/docs/stable/elastic/errors.html
============================================================
