Setting up the environment...
Job started on gl1522.arc-ts.umich.edu at Sat Feb 14 22:20:13 EST 2026
Python version: Python 3.9.7
PyTorch version: 2.8.0+cu128
CUDA available: True
Current GPU: NVIDIA A40
----------------------------------------------------------------
EXPERIMENT NAME: hbm_1024_mem_16384_supcon_temp_0.07
USE_QUEUE=1
QUEUE_SIZE=16384
ACCUM_STEPS=1
CENTER_BEFORE_NORM=0
GLOBAL_CENTER=0
Detected NUM_GPUS=1
Using BATCH_SIZE=32
Device: cuda
Loaded Stage-2 head: type=linear, in_dim=256, hidden_dim=128, dropout=0.2
[INFO] Scoring dataset 'asv19' -> /home/jsudan/wav2vec_contr_loss/scores/hbm_1024_mem_16384_supcon_temp_0.07/facebook/wav2vec2-xls-r-300m/score_cm_eval.txt
[OK] Wrote: /home/jsudan/wav2vec_contr_loss/scores/hbm_1024_mem_16384_supcon_temp_0.07/facebook/wav2vec2-xls-r-300m/score_cm_eval.txt
EER (asv19): 0.3397968139379006
[INFO] Scoring dataset 'itw' -> /home/jsudan/wav2vec_contr_loss/scores/hbm_1024_mem_16384_supcon_temp_0.07/facebook/wav2vec2-xls-r-300m/score_cm_itw.txt
[OK] Wrote: /home/jsudan/wav2vec_contr_loss/scores/hbm_1024_mem_16384_supcon_temp_0.07/facebook/wav2vec2-xls-r-300m/score_cm_itw.txt
EER (itw): 10.57248797038231
[INFO] Scoring dataset 'asv21_df' -> /home/jsudan/wav2vec_contr_loss/scores/hbm_1024_mem_16384_supcon_temp_0.07/asv21_df/score_cm_asv21_df.txt
[OK] Wrote: /home/jsudan/wav2vec_contr_loss/scores/hbm_1024_mem_16384_supcon_temp_0.07/asv21_df/score_cm_asv21_df.txt
EER (asv21_df): 6.716307490952886
[INFO] Scoring dataset 'asv21_la' -> /home/jsudan/wav2vec_contr_loss/scores/hbm_1024_mem_16384_supcon_temp_0.07/asv21_la/score_cm_asv21_la.txt
[2026-02-15T04:20:14.014] error: *** JOB 42664399 ON gl1522 CANCELLED AT 2026-02-15T04:20:14 DUE TO TIME LIMIT ***
