Setting up the environment...
Job started on gl1516.arc-ts.umich.edu at Sun Feb  1 02:28:10 EST 2026
Python version: Python 3.9.7
PyTorch version: 2.8.0+cu128
CUDA available: True
Current GPU: NVIDIA A40
NVIDIA A40
----------------------------------------------------------------
EXPERIMENT NAME: hbm_256_mem_bank_16384_supcon_geodesic_temp_0.5_uni_weight_0.01_uni_t_0.5
USE_QUEUE=1
QUEUE_SIZE=16384
ACCUM_STEPS=1
CENTER_BEFORE_NORM=1
GLOBAL_CENTER=1
Detected NUM_GPUS=2
Using BATCH_SIZE=32
W0201 02:28:18.156572 1993675 torch/distributed/run.py:774] 
W0201 02:28:18.156572 1993675 torch/distributed/run.py:774] *****************************************
W0201 02:28:18.156572 1993675 torch/distributed/run.py:774] Setting OMP_NUM_THREADS environment variable for each process to be 1 in default, to avoid your system being overloaded, please further tune the variable for optimal performance in your application as needed. 
W0201 02:28:18.156572 1993675 torch/distributed/run.py:774] *****************************************
[W201 02:28:18.113382740 socket.cpp:755] [c10d] The client socket cannot be initialized to connect to [localhost]:30030 (errno: 97 - Address family not supported by protocol).
[W201 02:28:18.114274227 socket.cpp:755] [c10d] The client socket cannot be initialized to connect to [localhost]:30030 (errno: 97 - Address family not supported by protocol).
[W201 02:28:18.115243259 socket.cpp:755] [c10d] The client socket cannot be initialized to connect to [localhost]:30030 (errno: 97 - Address family not supported by protocol).
[2026-02-01T02:28:22.982] error: *** JOB 41455530 ON gl1516 CANCELLED AT 2026-02-01T02:28:22 DUE to SIGNAL Terminated ***
