Setting up the environment...
Job started on gl1500.arc-ts.umich.edu at Fri Feb 13 21:07:12 EST 2026
Python version: Python 3.9.7
PyTorch version: 2.8.0+cu128
CUDA available: True
Current GPU: NVIDIA A40
----------------------------------------------------------------
EXPERIMENT NAME: mem_16384_supcon_temp_0.3
USE_QUEUE=1
QUEUE_SIZE=16384
ACCUM_STEPS=1
CENTER_BEFORE_NORM=0
GLOBAL_CENTER=0
Detected NUM_GPUS=1
Using BATCH_SIZE=32
Device: cuda
Loaded Stage-2 head: type=linear, in_dim=256, hidden_dim=128, dropout=0.2
[INFO] Scoring dataset 'fakexpose' -> /home/jsudan/wav2vec_contr_loss/scores/mem_16384_supcon_temp_0.3/fakexpose/score_cm_fakexpose.txt
[OK] Wrote: /home/jsudan/wav2vec_contr_loss/scores/mem_16384_supcon_temp_0.3/fakexpose/score_cm_fakexpose.txt
EER (fakexpose): 48.1709091481586
----------------------------------------------------------------
ASV19 pipeline finished at: Fri Feb 13 21:14:56 EST 2026
