Setting up the environment...
Job started on gl1524.arc-ts.umich.edu at Thu Feb  5 20:31:33 EST 2026
Python version: Python 3.9.7
PyTorch version: 2.8.0+cu128
CUDA available: True
Current GPU: NVIDIA A40
NVIDIA A40
----------------------------------------------------------------
MLAAD_ROOT=/nfs/turbo/umd-hafiz/issf_server_data/multilingual
MLAAD_PROTOCOL=/nfs/turbo/umd-hafiz/issf_server_data/multilingual/protocol_MLAAD_MAILabs_total_balanced.txt
MLAAD_STAGE2_SPLIT_SEED=2027
MLAAD_MAX_DURATION_SECONDS=10
USE_AMP=1
ACCUM_STEPS=2
USE_QUEUE=0
QUEUE_SIZE=16384
EXPERIMENT NAME: mlaad_supcon_geodesic_temp_0.05
Detected NUM_GPUS=2
Using BATCH_SIZE=32
[ERROR] Stage-1 checkpoint not found: /scratch/hafiz_root/hafiz1/jsudan/wav2vec_contr_loss/checkpoints_stage1/mlaad_supcon_geodesic_temp_0.05/wav2vec2-xls-r-300m_stage1_head_best.pt
