Setting up the environment...
Job started on gl1526.arc-ts.umich.edu at Sun Feb  1 17:08:08 EST 2026
Python version: Python 3.9.7
PyTorch version: 2.8.0+cu128
CUDA available: True
Current GPU: NVIDIA A40
NVIDIA A40
----------------------------------------------------------------
MLAAD_ROOT=/nfs/turbo/umd-hafiz/issf_server_data/multilingual
MLAAD_PROTOCOL=/nfs/turbo/umd-hafiz/issf_server_data/multilingual/protocol_MLAAD_MAILabs_total_balanced.txt
MLAAD_STAGE2_SPLIT_SEED=2027
MLAAD_MAX_DURATION_SECONDS=10
USE_AMP=1
ACCUM_STEPS=2
USE_QUEUE=0
QUEUE_SIZE=0
EXPERIMENT NAME: mlaad_mem_bank_0_supcon_geodesic_temp_0.05
Detected NUM_GPUS=2
Using BATCH_SIZE=32
Using device: cuda
[OK] Loaded finetuned encoder weights from checkpoint.
Traceback (most recent call last):
  File "/home/jsudan/wav2vec_contr_loss/extract_stage1_embeddings_all.py", line 291, in <module>
    main()
  File "/home/jsudan/wav2vec_contr_loss/extract_stage1_embeddings_all.py", line 285, in main
    train_ds, dev_ds = _split_dataset(full_ds, seed=args.mlaad_split_seed, train_frac=0.8)
  File "/home/jsudan/wav2vec_contr_loss/extract_stage1_embeddings_all.py", line 134, in _split_dataset
    dev_ds.data = [ds.data[i] for i in dev_idx]
  File "/home/jsudan/wav2vec_contr_loss/extract_stage1_embeddings_all.py", line 134, in <listcomp>
    dev_ds.data = [ds.data[i] for i in dev_idx]
IndexError: list index out of range
Using device: cuda
Traceback (most recent call last):
  File "/home/jsudan/wav2vec_contr_loss/train_stage2_classifier.py", line 66, in <module>
    main()
  File "/home/jsudan/wav2vec_contr_loss/train_stage2_classifier.py", line 34, in main
    X_train = np.load(train_emb_path).astype("float32")
  File "/home/jsudan/myenv/lib/python3.9/site-packages/numpy/lib/npyio.py", line 427, in load
    fid = stack.enter_context(open(os_fspath(file), "rb"))
FileNotFoundError: [Errno 2] No such file or directory: '/scratch/hafiz_root/hafiz1/jsudan/encoder_embeddings/stage1_embeddings/MLAAD/mlaad_mem_bank_0_supcon_geodesic_temp_0.05/train_embeddings.npy'
Traceback (most recent call last):
  File "/home/jsudan/wav2vec_contr_loss/generate_score_files_all.py", line 80, in <module>
    main()
  File "/home/jsudan/wav2vec_contr_loss/generate_score_files_all.py", line 46, in main
    clf = load_stage2_head(args.stage2_ckpt, device=device)
  File "/home/jsudan/wav2vec_contr_loss/generate_eval_score_file.py", line 98, in load_stage2_head
    ckpt = safe_load(ckpt_path, map_location=device)
  File "/home/jsudan/wav2vec_contr_loss/generate_eval_score_file.py", line 59, in safe_load
    return torch.load(ckpt_path, map_location=map_location, weights_only=False)
  File "/home/jsudan/myenv/lib/python3.9/site-packages/torch/serialization.py", line 1484, in load
    with _open_file_like(f, "rb") as opened_file:
  File "/home/jsudan/myenv/lib/python3.9/site-packages/torch/serialization.py", line 759, in _open_file_like
    return _open_file(name_or_buffer, mode)
  File "/home/jsudan/myenv/lib/python3.9/site-packages/torch/serialization.py", line 740, in __init__
    super().__init__(open(name, mode))
FileNotFoundError: [Errno 2] No such file or directory: 'checkpoints_stage2/mlaad_mem_bank_0_supcon_geodesic_temp_0.05/wav2vec2-xls-r-300m/stage2_binary_head_best.pt'
Using device: cuda
[OK] Loaded finetuned encoder weights from checkpoint.
Traceback (most recent call last):
  File "/home/jsudan/wav2vec_contr_loss/extract_stage1_embeddings_all.py", line 291, in <module>
    main()
  File "/home/jsudan/wav2vec_contr_loss/extract_stage1_embeddings_all.py", line 253, in main
    _save_embeddings(ds, args.itw_out_dir, "itw", backbone, device, args.batch_size, args.num_workers)
  File "/home/jsudan/wav2vec_contr_loss/extract_stage1_embeddings_all.py", line 105, in _save_embeddings
    z = backbone(waveforms, attn_mask)
  File "/home/jsudan/myenv/lib/python3.9/site-packages/torch/nn/modules/module.py", line 1773, in _wrapped_call_impl
    return self._call_impl(*args, **kwargs)
  File "/home/jsudan/myenv/lib/python3.9/site-packages/torch/nn/modules/module.py", line 1784, in _call_impl
    return forward_call(*args, **kwargs)
  File "/home/jsudan/myenv/lib/python3.9/site-packages/torch/utils/_contextlib.py", line 120, in decorate_context
    return func(*args, **kwargs)
  File "/home/jsudan/wav2vec_contr_loss/extract_stage1_embeddings_all.py", line 73, in forward
    hs_4d = self.encoder(waveforms, attention_mask=attention_mask)
  File "/home/jsudan/myenv/lib/python3.9/site-packages/torch/nn/modules/module.py", line 1773, in _wrapped_call_impl
    return self._call_impl(*args, **kwargs)
  File "/home/jsudan/myenv/lib/python3.9/site-packages/torch/nn/modules/module.py", line 1784, in _call_impl
    return forward_call(*args, **kwargs)
  File "/home/jsudan/wav2vec_contr_loss/encoder.py", line 55, in forward
    hidden_states = self._forward_frozen(waveforms, attention_mask)
  File "/home/jsudan/myenv/lib/python3.9/site-packages/torch/utils/_contextlib.py", line 120, in decorate_context
    return func(*args, **kwargs)
  File "/home/jsudan/wav2vec_contr_loss/encoder.py", line 34, in _forward_frozen
    out = self.model(
  File "/home/jsudan/myenv/lib/python3.9/site-packages/torch/nn/modules/module.py", line 1773, in _wrapped_call_impl
    return self._call_impl(*args, **kwargs)
  File "/home/jsudan/myenv/lib/python3.9/site-packages/torch/nn/modules/module.py", line 1784, in _call_impl
    return forward_call(*args, **kwargs)
  File "/home/jsudan/myenv/lib/python3.9/site-packages/transformers/models/wav2vec2/modeling_wav2vec2.py", line 1453, in forward
    extract_features = self.feature_extractor(input_values)
  File "/home/jsudan/myenv/lib/python3.9/site-packages/torch/nn/modules/module.py", line 1773, in _wrapped_call_impl
    return self._call_impl(*args, **kwargs)
  File "/home/jsudan/myenv/lib/python3.9/site-packages/torch/nn/modules/module.py", line 1784, in _call_impl
    return forward_call(*args, **kwargs)
  File "/home/jsudan/myenv/lib/python3.9/site-packages/transformers/models/wav2vec2/modeling_wav2vec2.py", line 431, in forward
    hidden_states = conv_layer(hidden_states)
  File "/home/jsudan/myenv/lib/python3.9/site-packages/transformers/modeling_layers.py", line 93, in __call__
    return super().__call__(*args, **kwargs)
  File "/home/jsudan/myenv/lib/python3.9/site-packages/torch/nn/modules/module.py", line 1773, in _wrapped_call_impl
    return self._call_impl(*args, **kwargs)
  File "/home/jsudan/myenv/lib/python3.9/site-packages/torch/nn/modules/module.py", line 1784, in _call_impl
    return forward_call(*args, **kwargs)
  File "/home/jsudan/myenv/lib/python3.9/site-packages/transformers/models/wav2vec2/modeling_wav2vec2.py", line 309, in forward
    hidden_states = self.layer_norm(hidden_states)
  File "/home/jsudan/myenv/lib/python3.9/site-packages/torch/nn/modules/module.py", line 1773, in _wrapped_call_impl
    return self._call_impl(*args, **kwargs)
  File "/home/jsudan/myenv/lib/python3.9/site-packages/torch/nn/modules/module.py", line 1784, in _call_impl
    return forward_call(*args, **kwargs)
  File "/home/jsudan/myenv/lib/python3.9/site-packages/torch/nn/modules/normalization.py", line 217, in forward
    return F.layer_norm(
  File "/home/jsudan/myenv/lib/python3.9/site-packages/torch/nn/functional.py", line 2905, in layer_norm
    return torch.layer_norm(
torch.OutOfMemoryError: CUDA out of memory. Tried to allocate 15.62 GiB. GPU 0 has a total capacity of 44.42 GiB of which 11.22 GiB is free. Including non-PyTorch memory, this process has 33.19 GiB memory in use. Of the allocated memory 32.88 GiB is allocated by PyTorch, and 6.94 MiB is reserved by PyTorch but unallocated. If reserved but unallocated memory is large try setting PYTORCH_CUDA_ALLOC_CONF=expandable_segments:True to avoid fragmentation.  See documentation for Memory Management  (https://pytorch.org/docs/stable/notes/cuda.html#environment-variables)
Traceback (most recent call last):
  File "/home/jsudan/wav2vec_contr_loss/generate_score_files_all.py", line 80, in <module>
    main()
  File "/home/jsudan/wav2vec_contr_loss/generate_score_files_all.py", line 46, in main
    clf = load_stage2_head(args.stage2_ckpt, device=device)
  File "/home/jsudan/wav2vec_contr_loss/generate_eval_score_file.py", line 98, in load_stage2_head
    ckpt = safe_load(ckpt_path, map_location=device)
  File "/home/jsudan/wav2vec_contr_loss/generate_eval_score_file.py", line 59, in safe_load
    return torch.load(ckpt_path, map_location=map_location, weights_only=False)
  File "/home/jsudan/myenv/lib/python3.9/site-packages/torch/serialization.py", line 1484, in load
    with _open_file_like(f, "rb") as opened_file:
  File "/home/jsudan/myenv/lib/python3.9/site-packages/torch/serialization.py", line 759, in _open_file_like
    return _open_file(name_or_buffer, mode)
  File "/home/jsudan/myenv/lib/python3.9/site-packages/torch/serialization.py", line 740, in __init__
    super().__init__(open(name, mode))
FileNotFoundError: [Errno 2] No such file or directory: 'checkpoints_stage2/mlaad_mem_bank_0_supcon_geodesic_temp_0.05/wav2vec2-xls-r-300m/stage2_binary_head_best.pt'
Traceback (most recent call last):
  File "/home/jsudan/wav2vec_contr_loss/eval_score_files.py", line 74, in <module>
    main()
  File "/home/jsudan/wav2vec_contr_loss/eval_score_files.py", line 55, in main
    scores, labels = _load_scores(path)
  File "/home/jsudan/wav2vec_contr_loss/eval_score_files.py", line 11, in _load_scores
    data = np.genfromtxt(path, dtype=str)
  File "/home/jsudan/myenv/lib/python3.9/site-packages/numpy/lib/npyio.py", line 1980, in genfromtxt
    fid = np.lib._datasource.open(fname, 'rt', encoding=encoding)
  File "/home/jsudan/myenv/lib/python3.9/site-packages/numpy/lib/_datasource.py", line 193, in open
    return ds.open(path, mode, encoding=encoding, newline=newline)
  File "/home/jsudan/myenv/lib/python3.9/site-packages/numpy/lib/_datasource.py", line 533, in open
    raise FileNotFoundError(f"{path} not found.")
FileNotFoundError: /home/jsudan/wav2vec_contr_loss/scores/mlaad_mem_bank_0_supcon_geodesic_temp_0.05/wav2vec2-xls-r-300m/score_cm_itw.txt not found.
Using device: cuda
[OK] Loaded finetuned encoder weights from checkpoint.
Traceback (most recent call last):
  File "/home/jsudan/wav2vec_contr_loss/extract_stage1_embeddings_all.py", line 291, in <module>
    main()
  File "/home/jsudan/wav2vec_contr_loss/extract_stage1_embeddings_all.py", line 196, in main
    _save_embeddings(ds, args.asv19_out_dir, "train", backbone, device, args.batch_size, args.num_workers)
  File "/home/jsudan/wav2vec_contr_loss/extract_stage1_embeddings_all.py", line 105, in _save_embeddings
    z = backbone(waveforms, attn_mask)
  File "/home/jsudan/myenv/lib/python3.9/site-packages/torch/nn/modules/module.py", line 1773, in _wrapped_call_impl
    return self._call_impl(*args, **kwargs)
  File "/home/jsudan/myenv/lib/python3.9/site-packages/torch/nn/modules/module.py", line 1784, in _call_impl
    return forward_call(*args, **kwargs)
  File "/home/jsudan/myenv/lib/python3.9/site-packages/torch/utils/_contextlib.py", line 120, in decorate_context
    return func(*args, **kwargs)
  File "/home/jsudan/wav2vec_contr_loss/extract_stage1_embeddings_all.py", line 73, in forward
    hs_4d = self.encoder(waveforms, attention_mask=attention_mask)
  File "/home/jsudan/myenv/lib/python3.9/site-packages/torch/nn/modules/module.py", line 1773, in _wrapped_call_impl
    return self._call_impl(*args, **kwargs)
  File "/home/jsudan/myenv/lib/python3.9/site-packages/torch/nn/modules/module.py", line 1784, in _call_impl
    return forward_call(*args, **kwargs)
  File "/home/jsudan/wav2vec_contr_loss/encoder.py", line 55, in forward
    hidden_states = self._forward_frozen(waveforms, attention_mask)
  File "/home/jsudan/myenv/lib/python3.9/site-packages/torch/utils/_contextlib.py", line 120, in decorate_context
    return func(*args, **kwargs)
  File "/home/jsudan/wav2vec_contr_loss/encoder.py", line 34, in _forward_frozen
    out = self.model(
  File "/home/jsudan/myenv/lib/python3.9/site-packages/torch/nn/modules/module.py", line 1773, in _wrapped_call_impl
    return self._call_impl(*args, **kwargs)
  File "/home/jsudan/myenv/lib/python3.9/site-packages/torch/nn/modules/module.py", line 1784, in _call_impl
    return forward_call(*args, **kwargs)
  File "/home/jsudan/myenv/lib/python3.9/site-packages/transformers/models/wav2vec2/modeling_wav2vec2.py", line 1453, in forward
    extract_features = self.feature_extractor(input_values)
  File "/home/jsudan/myenv/lib/python3.9/site-packages/torch/nn/modules/module.py", line 1773, in _wrapped_call_impl
    return self._call_impl(*args, **kwargs)
  File "/home/jsudan/myenv/lib/python3.9/site-packages/torch/nn/modules/module.py", line 1784, in _call_impl
    return forward_call(*args, **kwargs)
  File "/home/jsudan/myenv/lib/python3.9/site-packages/transformers/models/wav2vec2/modeling_wav2vec2.py", line 431, in forward
    hidden_states = conv_layer(hidden_states)
  File "/home/jsudan/myenv/lib/python3.9/site-packages/transformers/modeling_layers.py", line 93, in __call__
    return super().__call__(*args, **kwargs)
  File "/home/jsudan/myenv/lib/python3.9/site-packages/torch/nn/modules/module.py", line 1773, in _wrapped_call_impl
    return self._call_impl(*args, **kwargs)
  File "/home/jsudan/myenv/lib/python3.9/site-packages/torch/nn/modules/module.py", line 1784, in _call_impl
    return forward_call(*args, **kwargs)
  File "/home/jsudan/myenv/lib/python3.9/site-packages/transformers/models/wav2vec2/modeling_wav2vec2.py", line 309, in forward
    hidden_states = self.layer_norm(hidden_states)
  File "/home/jsudan/myenv/lib/python3.9/site-packages/torch/nn/modules/module.py", line 1773, in _wrapped_call_impl
    return self._call_impl(*args, **kwargs)
  File "/home/jsudan/myenv/lib/python3.9/site-packages/torch/nn/modules/module.py", line 1784, in _call_impl
    return forward_call(*args, **kwargs)
  File "/home/jsudan/myenv/lib/python3.9/site-packages/torch/nn/modules/normalization.py", line 217, in forward
    return F.layer_norm(
  File "/home/jsudan/myenv/lib/python3.9/site-packages/torch/nn/functional.py", line 2905, in layer_norm
    return torch.layer_norm(
torch.OutOfMemoryError: CUDA out of memory. Tried to allocate 12.20 GiB. GPU 0 has a total capacity of 44.42 GiB of which 10.50 GiB is free. Including non-PyTorch memory, this process has 33.91 GiB memory in use. Of the allocated memory 25.94 GiB is allocated by PyTorch, and 7.65 GiB is reserved by PyTorch but unallocated. If reserved but unallocated memory is large try setting PYTORCH_CUDA_ALLOC_CONF=expandable_segments:True to avoid fragmentation.  See documentation for Memory Management  (https://pytorch.org/docs/stable/notes/cuda.html#environment-variables)
Traceback (most recent call last):
  File "/home/jsudan/wav2vec_contr_loss/generate_score_files_all.py", line 80, in <module>
    main()
  File "/home/jsudan/wav2vec_contr_loss/generate_score_files_all.py", line 46, in main
    clf = load_stage2_head(args.stage2_ckpt, device=device)
  File "/home/jsudan/wav2vec_contr_loss/generate_eval_score_file.py", line 98, in load_stage2_head
    ckpt = safe_load(ckpt_path, map_location=device)
  File "/home/jsudan/wav2vec_contr_loss/generate_eval_score_file.py", line 59, in safe_load
    return torch.load(ckpt_path, map_location=map_location, weights_only=False)
  File "/home/jsudan/myenv/lib/python3.9/site-packages/torch/serialization.py", line 1484, in load
    with _open_file_like(f, "rb") as opened_file:
  File "/home/jsudan/myenv/lib/python3.9/site-packages/torch/serialization.py", line 759, in _open_file_like
    return _open_file(name_or_buffer, mode)
  File "/home/jsudan/myenv/lib/python3.9/site-packages/torch/serialization.py", line 740, in __init__
    super().__init__(open(name, mode))
FileNotFoundError: [Errno 2] No such file or directory: 'checkpoints_stage2/mlaad_mem_bank_0_supcon_geodesic_temp_0.05/wav2vec2-xls-r-300m/stage2_binary_head_best.pt'
Traceback (most recent call last):
  File "/home/jsudan/wav2vec_contr_loss/eval_score_files.py", line 74, in <module>
    main()
  File "/home/jsudan/wav2vec_contr_loss/eval_score_files.py", line 55, in main
    scores, labels = _load_scores(path)
  File "/home/jsudan/wav2vec_contr_loss/eval_score_files.py", line 11, in _load_scores
    data = np.genfromtxt(path, dtype=str)
  File "/home/jsudan/myenv/lib/python3.9/site-packages/numpy/lib/npyio.py", line 1980, in genfromtxt
    fid = np.lib._datasource.open(fname, 'rt', encoding=encoding)
  File "/home/jsudan/myenv/lib/python3.9/site-packages/numpy/lib/_datasource.py", line 193, in open
    return ds.open(path, mode, encoding=encoding, newline=newline)
  File "/home/jsudan/myenv/lib/python3.9/site-packages/numpy/lib/_datasource.py", line 533, in open
    raise FileNotFoundError(f"{path} not found.")
FileNotFoundError: /home/jsudan/wav2vec_contr_loss/scores/mlaad_mem_bank_0_supcon_geodesic_temp_0.05/wav2vec2-xls-r-300m/score_cm_eval.txt not found.
Using device: cuda
[OK] Loaded finetuned encoder weights from checkpoint.
Traceback (most recent call last):
  File "/home/jsudan/wav2vec_contr_loss/extract_stage1_embeddings_all.py", line 291, in <module>
    main()
  File "/home/jsudan/wav2vec_contr_loss/extract_stage1_embeddings_all.py", line 274, in main
    _save_embeddings(ds, args.fakexpose_out_dir, "fakexpose", backbone, device, args.batch_size, args.num_workers)
  File "/home/jsudan/wav2vec_contr_loss/extract_stage1_embeddings_all.py", line 105, in _save_embeddings
    z = backbone(waveforms, attn_mask)
  File "/home/jsudan/myenv/lib/python3.9/site-packages/torch/nn/modules/module.py", line 1773, in _wrapped_call_impl
    return self._call_impl(*args, **kwargs)
  File "/home/jsudan/myenv/lib/python3.9/site-packages/torch/nn/modules/module.py", line 1784, in _call_impl
    return forward_call(*args, **kwargs)
  File "/home/jsudan/myenv/lib/python3.9/site-packages/torch/utils/_contextlib.py", line 120, in decorate_context
    return func(*args, **kwargs)
  File "/home/jsudan/wav2vec_contr_loss/extract_stage1_embeddings_all.py", line 73, in forward
    hs_4d = self.encoder(waveforms, attention_mask=attention_mask)
  File "/home/jsudan/myenv/lib/python3.9/site-packages/torch/nn/modules/module.py", line 1773, in _wrapped_call_impl
    return self._call_impl(*args, **kwargs)
  File "/home/jsudan/myenv/lib/python3.9/site-packages/torch/nn/modules/module.py", line 1784, in _call_impl
    return forward_call(*args, **kwargs)
  File "/home/jsudan/wav2vec_contr_loss/encoder.py", line 55, in forward
    hidden_states = self._forward_frozen(waveforms, attention_mask)
  File "/home/jsudan/myenv/lib/python3.9/site-packages/torch/utils/_contextlib.py", line 120, in decorate_context
    return func(*args, **kwargs)
  File "/home/jsudan/wav2vec_contr_loss/encoder.py", line 34, in _forward_frozen
    out = self.model(
  File "/home/jsudan/myenv/lib/python3.9/site-packages/torch/nn/modules/module.py", line 1773, in _wrapped_call_impl
    return self._call_impl(*args, **kwargs)
  File "/home/jsudan/myenv/lib/python3.9/site-packages/torch/nn/modules/module.py", line 1784, in _call_impl
    return forward_call(*args, **kwargs)
  File "/home/jsudan/myenv/lib/python3.9/site-packages/transformers/models/wav2vec2/modeling_wav2vec2.py", line 1453, in forward
    extract_features = self.feature_extractor(input_values)
  File "/home/jsudan/myenv/lib/python3.9/site-packages/torch/nn/modules/module.py", line 1773, in _wrapped_call_impl
    return self._call_impl(*args, **kwargs)
  File "/home/jsudan/myenv/lib/python3.9/site-packages/torch/nn/modules/module.py", line 1784, in _call_impl
    return forward_call(*args, **kwargs)
  File "/home/jsudan/myenv/lib/python3.9/site-packages/transformers/models/wav2vec2/modeling_wav2vec2.py", line 431, in forward
    hidden_states = conv_layer(hidden_states)
  File "/home/jsudan/myenv/lib/python3.9/site-packages/transformers/modeling_layers.py", line 93, in __call__
    return super().__call__(*args, **kwargs)
  File "/home/jsudan/myenv/lib/python3.9/site-packages/torch/nn/modules/module.py", line 1773, in _wrapped_call_impl
    return self._call_impl(*args, **kwargs)
  File "/home/jsudan/myenv/lib/python3.9/site-packages/torch/nn/modules/module.py", line 1784, in _call_impl
    return forward_call(*args, **kwargs)
  File "/home/jsudan/myenv/lib/python3.9/site-packages/transformers/models/wav2vec2/modeling_wav2vec2.py", line 309, in forward
    hidden_states = self.layer_norm(hidden_states)
  File "/home/jsudan/myenv/lib/python3.9/site-packages/torch/nn/modules/module.py", line 1773, in _wrapped_call_impl
    return self._call_impl(*args, **kwargs)
  File "/home/jsudan/myenv/lib/python3.9/site-packages/torch/nn/modules/module.py", line 1784, in _call_impl
    return forward_call(*args, **kwargs)
  File "/home/jsudan/myenv/lib/python3.9/site-packages/torch/nn/modules/normalization.py", line 217, in forward
    return F.layer_norm(
  File "/home/jsudan/myenv/lib/python3.9/site-packages/torch/nn/functional.py", line 2905, in layer_norm
    return torch.layer_norm(
torch.OutOfMemoryError: CUDA out of memory. Tried to allocate 15.62 GiB. GPU 0 has a total capacity of 44.42 GiB of which 11.22 GiB is free. Including non-PyTorch memory, this process has 33.19 GiB memory in use. Of the allocated memory 32.88 GiB is allocated by PyTorch, and 6.94 MiB is reserved by PyTorch but unallocated. If reserved but unallocated memory is large try setting PYTORCH_CUDA_ALLOC_CONF=expandable_segments:True to avoid fragmentation.  See documentation for Memory Management  (https://pytorch.org/docs/stable/notes/cuda.html#environment-variables)
Traceback (most recent call last):
  File "/home/jsudan/wav2vec_contr_loss/generate_score_files_all.py", line 80, in <module>
    main()
  File "/home/jsudan/wav2vec_contr_loss/generate_score_files_all.py", line 46, in main
    clf = load_stage2_head(args.stage2_ckpt, device=device)
  File "/home/jsudan/wav2vec_contr_loss/generate_eval_score_file.py", line 98, in load_stage2_head
    ckpt = safe_load(ckpt_path, map_location=device)
  File "/home/jsudan/wav2vec_contr_loss/generate_eval_score_file.py", line 59, in safe_load
    return torch.load(ckpt_path, map_location=map_location, weights_only=False)
  File "/home/jsudan/myenv/lib/python3.9/site-packages/torch/serialization.py", line 1484, in load
    with _open_file_like(f, "rb") as opened_file:
  File "/home/jsudan/myenv/lib/python3.9/site-packages/torch/serialization.py", line 759, in _open_file_like
    return _open_file(name_or_buffer, mode)
  File "/home/jsudan/myenv/lib/python3.9/site-packages/torch/serialization.py", line 740, in __init__
    super().__init__(open(name, mode))
FileNotFoundError: [Errno 2] No such file or directory: 'checkpoints_stage2/mlaad_mem_bank_0_supcon_geodesic_temp_0.05/wav2vec2-xls-r-300m/stage2_binary_head_best.pt'
Traceback (most recent call last):
  File "/home/jsudan/wav2vec_contr_loss/eval_score_files.py", line 74, in <module>
    main()
  File "/home/jsudan/wav2vec_contr_loss/eval_score_files.py", line 55, in main
    scores, labels = _load_scores(path)
  File "/home/jsudan/wav2vec_contr_loss/eval_score_files.py", line 11, in _load_scores
    data = np.genfromtxt(path, dtype=str)
  File "/home/jsudan/myenv/lib/python3.9/site-packages/numpy/lib/npyio.py", line 1980, in genfromtxt
    fid = np.lib._datasource.open(fname, 'rt', encoding=encoding)
  File "/home/jsudan/myenv/lib/python3.9/site-packages/numpy/lib/_datasource.py", line 193, in open
    return ds.open(path, mode, encoding=encoding, newline=newline)
  File "/home/jsudan/myenv/lib/python3.9/site-packages/numpy/lib/_datasource.py", line 533, in open
    raise FileNotFoundError(f"{path} not found.")
FileNotFoundError: /home/jsudan/wav2vec_contr_loss/scores/mlaad_mem_bank_0_supcon_geodesic_temp_0.05/fakexpose/score_cm_fakexpose.txt not found.
Using device: cuda
[OK] Loaded finetuned encoder weights from checkpoint.
[INFO] FamousFigures: loaded 348136 samples (subset=all).
Traceback (most recent call last):
  File "/home/jsudan/wav2vec_contr_loss/extract_stage1_embeddings_all.py", line 291, in <module>
    main()
  File "/home/jsudan/wav2vec_contr_loss/extract_stage1_embeddings_all.py", line 264, in main
    _save_embeddings(ds, args.ff_out_dir, "ff", backbone, device, args.batch_size, args.num_workers)
  File "/home/jsudan/wav2vec_contr_loss/extract_stage1_embeddings_all.py", line 105, in _save_embeddings
    z = backbone(waveforms, attn_mask)
  File "/home/jsudan/myenv/lib/python3.9/site-packages/torch/nn/modules/module.py", line 1773, in _wrapped_call_impl
    return self._call_impl(*args, **kwargs)
  File "/home/jsudan/myenv/lib/python3.9/site-packages/torch/nn/modules/module.py", line 1784, in _call_impl
    return forward_call(*args, **kwargs)
  File "/home/jsudan/myenv/lib/python3.9/site-packages/torch/utils/_contextlib.py", line 120, in decorate_context
    return func(*args, **kwargs)
  File "/home/jsudan/wav2vec_contr_loss/extract_stage1_embeddings_all.py", line 73, in forward
    hs_4d = self.encoder(waveforms, attention_mask=attention_mask)
  File "/home/jsudan/myenv/lib/python3.9/site-packages/torch/nn/modules/module.py", line 1773, in _wrapped_call_impl
    return self._call_impl(*args, **kwargs)
  File "/home/jsudan/myenv/lib/python3.9/site-packages/torch/nn/modules/module.py", line 1784, in _call_impl
    return forward_call(*args, **kwargs)
  File "/home/jsudan/wav2vec_contr_loss/encoder.py", line 55, in forward
    hidden_states = self._forward_frozen(waveforms, attention_mask)
  File "/home/jsudan/myenv/lib/python3.9/site-packages/torch/utils/_contextlib.py", line 120, in decorate_context
    return func(*args, **kwargs)
  File "/home/jsudan/wav2vec_contr_loss/encoder.py", line 34, in _forward_frozen
    out = self.model(
  File "/home/jsudan/myenv/lib/python3.9/site-packages/torch/nn/modules/module.py", line 1773, in _wrapped_call_impl
    return self._call_impl(*args, **kwargs)
  File "/home/jsudan/myenv/lib/python3.9/site-packages/torch/nn/modules/module.py", line 1784, in _call_impl
    return forward_call(*args, **kwargs)
  File "/home/jsudan/myenv/lib/python3.9/site-packages/transformers/models/wav2vec2/modeling_wav2vec2.py", line 1453, in forward
    extract_features = self.feature_extractor(input_values)
  File "/home/jsudan/myenv/lib/python3.9/site-packages/torch/nn/modules/module.py", line 1773, in _wrapped_call_impl
    return self._call_impl(*args, **kwargs)
  File "/home/jsudan/myenv/lib/python3.9/site-packages/torch/nn/modules/module.py", line 1784, in _call_impl
    return forward_call(*args, **kwargs)
  File "/home/jsudan/myenv/lib/python3.9/site-packages/transformers/models/wav2vec2/modeling_wav2vec2.py", line 431, in forward
    hidden_states = conv_layer(hidden_states)
  File "/home/jsudan/myenv/lib/python3.9/site-packages/transformers/modeling_layers.py", line 93, in __call__
    return super().__call__(*args, **kwargs)
  File "/home/jsudan/myenv/lib/python3.9/site-packages/torch/nn/modules/module.py", line 1773, in _wrapped_call_impl
    return self._call_impl(*args, **kwargs)
  File "/home/jsudan/myenv/lib/python3.9/site-packages/torch/nn/modules/module.py", line 1784, in _call_impl
    return forward_call(*args, **kwargs)
  File "/home/jsudan/myenv/lib/python3.9/site-packages/transformers/models/wav2vec2/modeling_wav2vec2.py", line 309, in forward
    hidden_states = self.layer_norm(hidden_states)
  File "/home/jsudan/myenv/lib/python3.9/site-packages/torch/nn/modules/module.py", line 1773, in _wrapped_call_impl
    return self._call_impl(*args, **kwargs)
  File "/home/jsudan/myenv/lib/python3.9/site-packages/torch/nn/modules/module.py", line 1784, in _call_impl
    return forward_call(*args, **kwargs)
  File "/home/jsudan/myenv/lib/python3.9/site-packages/torch/nn/modules/normalization.py", line 217, in forward
    return F.layer_norm(
  File "/home/jsudan/myenv/lib/python3.9/site-packages/torch/nn/functional.py", line 2905, in layer_norm
    return torch.layer_norm(
torch.OutOfMemoryError: CUDA out of memory. Tried to allocate 15.62 GiB. GPU 0 has a total capacity of 44.42 GiB of which 11.22 GiB is free. Including non-PyTorch memory, this process has 33.19 GiB memory in use. Of the allocated memory 32.88 GiB is allocated by PyTorch, and 6.94 MiB is reserved by PyTorch but unallocated. If reserved but unallocated memory is large try setting PYTORCH_CUDA_ALLOC_CONF=expandable_segments:True to avoid fragmentation.  See documentation for Memory Management  (https://pytorch.org/docs/stable/notes/cuda.html#environment-variables)
Traceback (most recent call last):
  File "/home/jsudan/wav2vec_contr_loss/generate_score_files_all.py", line 80, in <module>
    main()
  File "/home/jsudan/wav2vec_contr_loss/generate_score_files_all.py", line 46, in main
    clf = load_stage2_head(args.stage2_ckpt, device=device)
  File "/home/jsudan/wav2vec_contr_loss/generate_eval_score_file.py", line 98, in load_stage2_head
    ckpt = safe_load(ckpt_path, map_location=device)
  File "/home/jsudan/wav2vec_contr_loss/generate_eval_score_file.py", line 59, in safe_load
    return torch.load(ckpt_path, map_location=map_location, weights_only=False)
  File "/home/jsudan/myenv/lib/python3.9/site-packages/torch/serialization.py", line 1484, in load
    with _open_file_like(f, "rb") as opened_file:
  File "/home/jsudan/myenv/lib/python3.9/site-packages/torch/serialization.py", line 759, in _open_file_like
    return _open_file(name_or_buffer, mode)
  File "/home/jsudan/myenv/lib/python3.9/site-packages/torch/serialization.py", line 740, in __init__
    super().__init__(open(name, mode))
FileNotFoundError: [Errno 2] No such file or directory: 'checkpoints_stage2/mlaad_mem_bank_0_supcon_geodesic_temp_0.05/wav2vec2-xls-r-300m/stage2_binary_head_best.pt'
Traceback (most recent call last):
  File "/home/jsudan/wav2vec_contr_loss/eval_score_files.py", line 74, in <module>
    main()
  File "/home/jsudan/wav2vec_contr_loss/eval_score_files.py", line 55, in main
    scores, labels = _load_scores(path)
  File "/home/jsudan/wav2vec_contr_loss/eval_score_files.py", line 11, in _load_scores
    data = np.genfromtxt(path, dtype=str)
  File "/home/jsudan/myenv/lib/python3.9/site-packages/numpy/lib/npyio.py", line 1980, in genfromtxt
    fid = np.lib._datasource.open(fname, 'rt', encoding=encoding)
  File "/home/jsudan/myenv/lib/python3.9/site-packages/numpy/lib/_datasource.py", line 193, in open
    return ds.open(path, mode, encoding=encoding, newline=newline)
  File "/home/jsudan/myenv/lib/python3.9/site-packages/numpy/lib/_datasource.py", line 533, in open
    raise FileNotFoundError(f"{path} not found.")
FileNotFoundError: /home/jsudan/wav2vec_contr_loss/scores/mlaad_mem_bank_0_supcon_geodesic_temp_0.05/famous_figures/score_cm_ff.txt not found.
Using device: cuda
[OK] Loaded finetuned encoder weights from checkpoint.
Traceback (most recent call last):
  File "/home/jsudan/wav2vec_contr_loss/extract_stage1_embeddings_all.py", line 291, in <module>
    main()
  File "/home/jsudan/wav2vec_contr_loss/extract_stage1_embeddings_all.py", line 225, in main
    _save_embeddings(ds, args.asv5_out_dir, "train", backbone, device, args.batch_size, args.num_workers)
  File "/home/jsudan/wav2vec_contr_loss/extract_stage1_embeddings_all.py", line 105, in _save_embeddings
    z = backbone(waveforms, attn_mask)
  File "/home/jsudan/myenv/lib/python3.9/site-packages/torch/nn/modules/module.py", line 1773, in _wrapped_call_impl
    return self._call_impl(*args, **kwargs)
  File "/home/jsudan/myenv/lib/python3.9/site-packages/torch/nn/modules/module.py", line 1784, in _call_impl
    return forward_call(*args, **kwargs)
  File "/home/jsudan/myenv/lib/python3.9/site-packages/torch/utils/_contextlib.py", line 120, in decorate_context
    return func(*args, **kwargs)
  File "/home/jsudan/wav2vec_contr_loss/extract_stage1_embeddings_all.py", line 73, in forward
    hs_4d = self.encoder(waveforms, attention_mask=attention_mask)
  File "/home/jsudan/myenv/lib/python3.9/site-packages/torch/nn/modules/module.py", line 1773, in _wrapped_call_impl
    return self._call_impl(*args, **kwargs)
  File "/home/jsudan/myenv/lib/python3.9/site-packages/torch/nn/modules/module.py", line 1784, in _call_impl
    return forward_call(*args, **kwargs)
  File "/home/jsudan/wav2vec_contr_loss/encoder.py", line 55, in forward
    hidden_states = self._forward_frozen(waveforms, attention_mask)
  File "/home/jsudan/myenv/lib/python3.9/site-packages/torch/utils/_contextlib.py", line 120, in decorate_context
    return func(*args, **kwargs)
  File "/home/jsudan/wav2vec_contr_loss/encoder.py", line 34, in _forward_frozen
    out = self.model(
  File "/home/jsudan/myenv/lib/python3.9/site-packages/torch/nn/modules/module.py", line 1773, in _wrapped_call_impl
    return self._call_impl(*args, **kwargs)
  File "/home/jsudan/myenv/lib/python3.9/site-packages/torch/nn/modules/module.py", line 1784, in _call_impl
    return forward_call(*args, **kwargs)
  File "/home/jsudan/myenv/lib/python3.9/site-packages/transformers/models/wav2vec2/modeling_wav2vec2.py", line 1453, in forward
    extract_features = self.feature_extractor(input_values)
  File "/home/jsudan/myenv/lib/python3.9/site-packages/torch/nn/modules/module.py", line 1773, in _wrapped_call_impl
    return self._call_impl(*args, **kwargs)
  File "/home/jsudan/myenv/lib/python3.9/site-packages/torch/nn/modules/module.py", line 1784, in _call_impl
    return forward_call(*args, **kwargs)
  File "/home/jsudan/myenv/lib/python3.9/site-packages/transformers/models/wav2vec2/modeling_wav2vec2.py", line 431, in forward
    hidden_states = conv_layer(hidden_states)
  File "/home/jsudan/myenv/lib/python3.9/site-packages/transformers/modeling_layers.py", line 93, in __call__
    return super().__call__(*args, **kwargs)
  File "/home/jsudan/myenv/lib/python3.9/site-packages/torch/nn/modules/module.py", line 1773, in _wrapped_call_impl
    return self._call_impl(*args, **kwargs)
  File "/home/jsudan/myenv/lib/python3.9/site-packages/torch/nn/modules/module.py", line 1784, in _call_impl
    return forward_call(*args, **kwargs)
  File "/home/jsudan/myenv/lib/python3.9/site-packages/transformers/models/wav2vec2/modeling_wav2vec2.py", line 309, in forward
    hidden_states = self.layer_norm(hidden_states)
  File "/home/jsudan/myenv/lib/python3.9/site-packages/torch/nn/modules/module.py", line 1773, in _wrapped_call_impl
    return self._call_impl(*args, **kwargs)
  File "/home/jsudan/myenv/lib/python3.9/site-packages/torch/nn/modules/module.py", line 1784, in _call_impl
    return forward_call(*args, **kwargs)
  File "/home/jsudan/myenv/lib/python3.9/site-packages/torch/nn/modules/normalization.py", line 217, in forward
    return F.layer_norm(
  File "/home/jsudan/myenv/lib/python3.9/site-packages/torch/nn/functional.py", line 2905, in layer_norm
    return torch.layer_norm(
torch.OutOfMemoryError: CUDA out of memory. Tried to allocate 15.62 GiB. GPU 0 has a total capacity of 44.42 GiB of which 11.22 GiB is free. Including non-PyTorch memory, this process has 33.19 GiB memory in use. Of the allocated memory 32.88 GiB is allocated by PyTorch, and 6.94 MiB is reserved by PyTorch but unallocated. If reserved but unallocated memory is large try setting PYTORCH_CUDA_ALLOC_CONF=expandable_segments:True to avoid fragmentation.  See documentation for Memory Management  (https://pytorch.org/docs/stable/notes/cuda.html#environment-variables)
Traceback (most recent call last):
  File "/home/jsudan/wav2vec_contr_loss/generate_score_files_all.py", line 80, in <module>
    main()
  File "/home/jsudan/wav2vec_contr_loss/generate_score_files_all.py", line 46, in main
    clf = load_stage2_head(args.stage2_ckpt, device=device)
  File "/home/jsudan/wav2vec_contr_loss/generate_eval_score_file.py", line 98, in load_stage2_head
    ckpt = safe_load(ckpt_path, map_location=device)
  File "/home/jsudan/wav2vec_contr_loss/generate_eval_score_file.py", line 59, in safe_load
    return torch.load(ckpt_path, map_location=map_location, weights_only=False)
  File "/home/jsudan/myenv/lib/python3.9/site-packages/torch/serialization.py", line 1484, in load
    with _open_file_like(f, "rb") as opened_file:
  File "/home/jsudan/myenv/lib/python3.9/site-packages/torch/serialization.py", line 759, in _open_file_like
    return _open_file(name_or_buffer, mode)
  File "/home/jsudan/myenv/lib/python3.9/site-packages/torch/serialization.py", line 740, in __init__
    super().__init__(open(name, mode))
FileNotFoundError: [Errno 2] No such file or directory: 'checkpoints_stage2/mlaad_mem_bank_0_supcon_geodesic_temp_0.05/wav2vec2-xls-r-300m/stage2_binary_head_best.pt'
Traceback (most recent call last):
  File "/home/jsudan/wav2vec_contr_loss/eval_score_files.py", line 74, in <module>
    main()
  File "/home/jsudan/wav2vec_contr_loss/eval_score_files.py", line 55, in main
    scores, labels = _load_scores(path)
  File "/home/jsudan/wav2vec_contr_loss/eval_score_files.py", line 11, in _load_scores
    data = np.genfromtxt(path, dtype=str)
  File "/home/jsudan/myenv/lib/python3.9/site-packages/numpy/lib/npyio.py", line 1980, in genfromtxt
    fid = np.lib._datasource.open(fname, 'rt', encoding=encoding)
  File "/home/jsudan/myenv/lib/python3.9/site-packages/numpy/lib/_datasource.py", line 193, in open
    return ds.open(path, mode, encoding=encoding, newline=newline)
  File "/home/jsudan/myenv/lib/python3.9/site-packages/numpy/lib/_datasource.py", line 533, in open
    raise FileNotFoundError(f"{path} not found.")
FileNotFoundError: /home/jsudan/wav2vec_contr_loss/scores/mlaad_mem_bank_0_supcon_geodesic_temp_0.05/wav2vec2-xls-r-300m/score_cm_eval_asv5.txt not found.
Traceback (most recent call last):
  File "/home/jsudan/wav2vec_contr_loss/eval_score_files.py", line 74, in <module>
    main()
  File "/home/jsudan/wav2vec_contr_loss/eval_score_files.py", line 55, in main
    scores, labels = _load_scores(path)
  File "/home/jsudan/wav2vec_contr_loss/eval_score_files.py", line 11, in _load_scores
    data = np.genfromtxt(path, dtype=str)
  File "/home/jsudan/myenv/lib/python3.9/site-packages/numpy/lib/npyio.py", line 1980, in genfromtxt
    fid = np.lib._datasource.open(fname, 'rt', encoding=encoding)
  File "/home/jsudan/myenv/lib/python3.9/site-packages/numpy/lib/_datasource.py", line 193, in open
    return ds.open(path, mode, encoding=encoding, newline=newline)
  File "/home/jsudan/myenv/lib/python3.9/site-packages/numpy/lib/_datasource.py", line 533, in open
    raise FileNotFoundError(f"{path} not found.")
FileNotFoundError: /home/jsudan/wav2vec_contr_loss/scores/mlaad_mem_bank_0_supcon_geodesic_temp_0.05/wav2vec2-xls-r-300m/score_cm_itw.txt not found.
----------------------------------------------------------------
Training script finished.
Job finished at: Sun Feb  1 17:14:46 EST 2026
