Setting up the environment...
Job started on gl1507.arc-ts.umich.edu at Sat Apr 25 01:52:29 EDT 2026
Python version: Python 3.9.7
PyTorch version: 2.8.0+cu128
CUDA available: True
Current GPU: NVIDIA A40
NVIDIA A40
----------------------------------------------------------------
ASV5_TRAIN_ROOT=/nfs/turbo/umd-hafiz/issf_server_data/ASVSpoof5/No_Laundering_train/flac
ASV5_TRAIN_PROTOCOL=/nfs/turbo/umd-hafiz/issf_server_data/ASVSpoof5/protocols/ASVspoof5_train_protocol.txt
ASV5_DEV_ROOT=/nfs/turbo/umd-hafiz/issf_server_data/ASVSpoof5/No_Laundering_dev/flac
ASV5_DEV_PROTOCOL=/nfs/turbo/umd-hafiz/issf_server_data/ASVSpoof5/protocols/ASVspoof5.dev.metadata.txt
ASV5_EVAL_ROOT=/nfs/turbo/umd-hafiz/issf_server_data/ASVSpoof5/No_Laundering_eval/flac
ASV5_EVAL_PROTOCOL=/nfs/turbo/umd-hafiz/issf_server_data/ASVSpoof5/protocols/ASVspoof5.eval.track_1.tsv
EXPERIMENT NAME: pooled_bat_64_supcon_geodesic_temp_0.07
Using BATCH_SIZE=64
W0425 01:52:42.155457 3743425 torch/distributed/run.py:774] 
W0425 01:52:42.155457 3743425 torch/distributed/run.py:774] *****************************************
W0425 01:52:42.155457 3743425 torch/distributed/run.py:774] Setting OMP_NUM_THREADS environment variable for each process to be 1 in default, to avoid your system being overloaded, please further tune the variable for optimal performance in your application as needed. 
W0425 01:52:42.155457 3743425 torch/distributed/run.py:774] *****************************************
[W425 01:52:42.130290900 socket.cpp:755] [c10d] The client socket cannot be initialized to connect to [localhost]:30174 (errno: 97 - Address family not supported by protocol).
[W425 01:52:42.131259260 socket.cpp:755] [c10d] The client socket cannot be initialized to connect to [localhost]:30174 (errno: 97 - Address family not supported by protocol).
[W425 01:52:42.132205011 socket.cpp:755] [c10d] The client socket cannot be initialized to connect to [localhost]:30174 (errno: 97 - Address family not supported by protocol).
Traceback (most recent call last):
  File "/home/jsudan/wav2vec_contr_loss/train_stage1_asv5.py", line 14, in <module>
    from stage1_utils import (
  File "/home/jsudan/wav2vec_contr_loss/stage1_utils.py", line 11, in <module>
    from bg_augmentation import apply_aug_split_batch
  File "/home/jsudan/wav2vec_contr_loss/bg_augmentation.py", line 143, in <module>
    from RawBoost import process_Rawboost_feature
ImportError: cannot import name 'process_Rawboost_feature' from 'RawBoost' (/home/jsudan/wav2vec_contr_loss/RawBoost.py)
Traceback (most recent call last):
  File "/home/jsudan/wav2vec_contr_loss/train_stage1_asv5.py", line 14, in <module>
    from stage1_utils import (
  File "/home/jsudan/wav2vec_contr_loss/stage1_utils.py", line 11, in <module>
    from bg_augmentation import apply_aug_split_batch
  File "/home/jsudan/wav2vec_contr_loss/bg_augmentation.py", line 143, in <module>
    from RawBoost import process_Rawboost_feature
ImportError: cannot import name 'process_Rawboost_feature' from 'RawBoost' (/home/jsudan/wav2vec_contr_loss/RawBoost.py)
W0425 01:52:57.162039 3743425 torch/distributed/elastic/multiprocessing/api.py:900] Sending process 3743440 closing signal SIGTERM
E0425 01:52:57.177863 3743425 torch/distributed/elastic/multiprocessing/api.py:874] failed (exitcode: 1) local_rank: 1 (pid: 3743441) of binary: /home/jsudan/myenv/bin/python
Traceback (most recent call last):
  File "/home/jsudan/myenv/bin/torchrun", line 7, in <module>
    sys.exit(main())
  File "/home/jsudan/myenv/lib/python3.9/site-packages/torch/distributed/elastic/multiprocessing/errors/__init__.py", line 357, in wrapper
    return f(*args, **kwargs)
  File "/home/jsudan/myenv/lib/python3.9/site-packages/torch/distributed/run.py", line 901, in main
    run(args)
  File "/home/jsudan/myenv/lib/python3.9/site-packages/torch/distributed/run.py", line 892, in run
    elastic_launch(
  File "/home/jsudan/myenv/lib/python3.9/site-packages/torch/distributed/launcher/api.py", line 143, in __call__
    return launch_agent(self._config, self._entrypoint, list(args))
  File "/home/jsudan/myenv/lib/python3.9/site-packages/torch/distributed/launcher/api.py", line 277, in launch_agent
    raise ChildFailedError(
torch.distributed.elastic.multiprocessing.errors.ChildFailedError: 
============================================================
train_stage1_asv5.py FAILED
------------------------------------------------------------
Failures:
  <NO_OTHER_FAILURES>
------------------------------------------------------------
Root Cause (first observed failure):
[0]:
  time      : 2026-04-25_01:52:57
  host      : gl1507.arc-ts.umich.edu
  rank      : 1 (local_rank: 1)
  exitcode  : 1 (pid: 3743441)
  error_file: <N/A>
  traceback : To enable traceback see: https://pytorch.org/docs/stable/elastic/errors.html
============================================================
[ERROR] Stage-1 checkpoint not found: /scratch/hafiz_root/hafiz1/jsudan/wav2vec_contr_loss/checkpoints_stage1/pooled_bat_64_supcon_geodesic_temp_0.07/wav2vec2-xls-r-300m_stage1_head_best.pt
