Setting up the environment...
Job started on gl1526.arc-ts.umich.edu at Thu Mar 19 23:54:29 EDT 2026
Python version: Python 3.9.7
PyTorch version: 2.8.0+cu128
CUDA available: True
Current GPU: NVIDIA A40
----------------------------------------------------------------
============================================================
  Job:          45655252
  Run ID:       ff_Barack_Obama_20260319_235437
  Speaker:      Barack_Obama
  Node:         gl1526.arc-ts.umich.edu
  GPUs:         1
  Save dir:     /scratch/hafiz_root/hafiz1/jsudan/wav2vec_contr_loss/checkpoints_ff/ff_Barack_Obama_20260319_235437
  Stage1 ckpt:  /scratch/hafiz_root/hafiz1/jsudan/wav2vec_contr_loss/checkpoints_ff/ff_Barack_Obama_20260319_235437/ff_Barack_Obama_20260319_235437_stage1_head_best.pt
  Stage2 ckpt:  /scratch/hafiz_root/hafiz1/jsudan/wav2vec_contr_loss/checkpoints_ff/ff_Barack_Obama_20260319_235437/ff_Barack_Obama_20260319_235437_stage2_classifier_best.pt
  Eval results: /scratch/hafiz_root/hafiz1/jsudan/wav2vec_contr_loss/checkpoints_ff/ff_Barack_Obama_20260319_235437/ff_Barack_Obama_20260319_235437_eval_results.txt
  Train proto:  /home/jsudan/wav2vec_contr_loss/famous_figures/splits/Barack_Obama_train.txt
  Dev   proto:  /home/jsudan/wav2vec_contr_loss/famous_figures/splits/Barack_Obama_dev.txt
  Eval  proto:  /home/jsudan/wav2vec_contr_loss/famous_figures/splits/Barack_Obama_eval.txt
============================================================

[STEP 0] Extracting XLSR features...

Device     : cuda
Cache dir  : /nfs/turbo/umd-hafiz/jsudan/encoder_embeddings/speaker_specific_finetune_embeddings/famousfigures/cache_Barack_Obama
Checkpoint : /scratch/hafiz_root/hafiz1/jsudan/wav2vec_contr_loss/checkpoints_stage1/asv5_hbm_1024_mem_16384_supcon_geodesic_temp_0.07/wav2vec2-xls-r-300m_stage1_head_best.pt
Fake frac  : 0.7 (train only)

Loaded encoder weights from checkpoint (epoch 1)

--- Extracting: train ---
[INFO] FamousFigures: loaded 117454 samples (subset=all).
  Applying 70% per-generator fake sampling...
  Before: bonafide=15055  spoof=102399  total=117454
  [sampling] bonafide (real)                total= 15055  kept= 10538
  [sampling] COZYVOICE2                     total= 15050  kept= 10535
  [sampling] E2TTS                          total=  9609  kept=  6726
  [sampling] F5TTS                          total=  9147  kept=  6403
  [sampling] FISHSPEECH                     total=   662  kept=   463
  [sampling] LLASA                          total=  1438  kept=  1007
  [sampling] MASKGCT                        total=  5646  kept=  3952
  [sampling] PARLER                         total= 15050  kept= 10535
  [sampling] SSRSPEECH                      total=   647  kept=   453
  [sampling] STYLETTS2                      total= 15050  kept= 10535
  [sampling] XTTSV2                         total= 15050  kept= 10535
  [sampling] ZONOS                          total= 15050  kept= 10535
  After:  bonafide=10538  spoof=71679  total=82217
  [train] 160/82217  shards=0  elapsed=6s  eta=3198s
  [train] 320/82217  shards=0  elapsed=9s  eta=2214s
  [train] 480/82217  shards=0  elapsed=11s  eta=1880s
  [train] 640/82217  shards=0  elapsed=13s  eta=1711s
  [train] 800/82217  shards=0  elapsed=16s  eta=1609s
  [train] 960/82217  shards=0  elapsed=18s  eta=1542s
  [train] 1120/82217  shards=1  elapsed=24s  eta=1739s
  [train] 1280/82217  shards=1  elapsed=26s  eta=1670s
  [train] 1440/82217  shards=1  elapsed=29s  eta=1616s
  [train] 1600/82217  shards=1  elapsed=31s  eta=1573s
  [train] 1760/82217  shards=1  elapsed=34s  eta=1537s
  [train] 1920/82217  shards=1  elapsed=36s  eta=1506s
  [train] 2080/82217  shards=2  elapsed=42s  eta=1607s
  [train] 2240/82217  shards=2  elapsed=44s  eta=1575s
  [train] 2400/82217  shards=2  elapsed=47s  eta=1547s
  [train] 2560/82217  shards=2  elapsed=49s  eta=1521s
  [train] 2720/82217  shards=2  elapsed=51s  eta=1499s
  [train] 2880/82217  shards=2  elapsed=54s  eta=1479s
  [train] 3040/82217  shards=3  elapsed=59s  eta=1543s
  [train] 3200/82217  shards=3  elapsed=62s  eta=1521s
  [train] 3360/82217  shards=3  elapsed=64s  eta=1501s
  [train] 3520/82217  shards=3  elapsed=66s  eta=1482s
  [train] 3680/82217  shards=3  elapsed=69s  eta=1465s
  [train] 3840/82217  shards=3  elapsed=71s  eta=1450s
  [train] 4000/82217  shards=4  elapsed=77s  eta=1503s
  [train] 4160/82217  shards=4  elapsed=79s  eta=1487s
  [train] 4320/82217  shards=4  elapsed=82s  eta=1472s
  [train] 4480/82217  shards=4  elapsed=84s  eta=1459s
  [train] 4640/82217  shards=4  elapsed=86s  eta=1445s
  [train] 4800/82217  shards=4  elapsed=89s  eta=1433s
  [train] 4960/82217  shards=4  elapsed=91s  eta=1421s
  [train] 5120/82217  shards=5  elapsed=97s  eta=1459s
  [train] 5280/82217  shards=5  elapsed=99s  eta=1447s
  [train] 5440/82217  shards=5  elapsed=102s  eta=1435s
  [train] 5600/82217  shards=5  elapsed=104s  eta=1424s
  [train] 5760/82217  shards=5  elapsed=106s  eta=1414s
  [train] 5920/82217  shards=5  elapsed=109s  eta=1403s
  [train] 6080/82217  shards=6  elapsed=115s  eta=1434s
  [train] 6240/82217  shards=6  elapsed=117s  eta=1424s
  [train] 6400/82217  shards=6  elapsed=119s  eta=1414s
  [train] 6560/82217  shards=6  elapsed=122s  eta=1404s
  [train] 6720/82217  shards=6  elapsed=124s  eta=1394s
  [train] 6880/82217  shards=6  elapsed=127s  eta=1385s
  [train] 7040/82217  shards=7  elapsed=132s  eta=1412s
  [train] 7200/82217  shards=7  elapsed=135s  eta=1402s
  [train] 7360/82217  shards=7  elapsed=137s  eta=1394s
  [train] 7520/82217  shards=7  elapsed=139s  eta=1385s
  [train] 7680/82217  shards=7  elapsed=142s  eta=1376s
  [train] 7840/82217  shards=7  elapsed=144s  eta=1368s
  [train] 8000/82217  shards=8  elapsed=150s  eta=1391s
  [train] 8160/82217  shards=8  elapsed=152s  eta=1382s
  [train] 8320/82217  shards=8  elapsed=155s  eta=1374s
  [train] 8480/82217  shards=8  elapsed=157s  eta=1366s
  [train] 8640/82217  shards=8  elapsed=159s  eta=1358s
  [train] 8800/82217  shards=8  elapsed=162s  eta=1350s
  [train] 8960/82217  shards=8  elapsed=164s  eta=1343s
  [train] 9120/82217  shards=9  elapsed=170s  eta=1360s
  [train] 9280/82217  shards=9  elapsed=172s  eta=1352s
  [train] 9440/82217  shards=9  elapsed=174s  eta=1345s
  [train] 9600/82217  shards=9  elapsed=177s  eta=1337s
  [train] 9760/82217  shards=9  elapsed=179s  eta=1330s
  [train] 9920/82217  shards=9  elapsed=182s  eta=1323s
  [train] 10080/82217  shards=10  elapsed=187s  eta=1337s
  [train] 10240/82217  shards=10  elapsed=189s  eta=1330s
  [train] 10400/82217  shards=10  elapsed=192s  eta=1323s
  [train] 10560/82217  shards=10  elapsed=194s  eta=1317s
  [train] 10720/82217  shards=10  elapsed=196s  eta=1310s
  [train] 10880/82217  shards=10  elapsed=199s  eta=1304s
  [train] 11040/82217  shards=11  elapsed=204s  eta=1317s
  [train] 11200/82217  shards=11  elapsed=207s  eta=1310s
  [train] 11360/82217  shards=11  elapsed=209s  eta=1304s
  [train] 11520/82217  shards=11  elapsed=211s  eta=1298s
  [train] 11680/82217  shards=11  elapsed=214s  eta=1291s
  [train] 11840/82217  shards=11  elapsed=216s  eta=1285s
  [train] 12000/82217  shards=12  elapsed=222s  eta=1296s
  [train] 12160/82217  shards=12  elapsed=224s  eta=1290s
  [train] 12320/82217  shards=12  elapsed=226s  eta=1284s
  [train] 12480/82217  shards=12  elapsed=229s  eta=1278s
  [train] 12640/82217  shards=12  elapsed=231s  eta=1272s
  [train] 12800/82217  shards=12  elapsed=234s  eta=1267s
  [train] 12960/82217  shards=12  elapsed=236s  eta=1261s
  [train] 13120/82217  shards=13  elapsed=241s  eta=1270s
  [train] 13280/82217  shards=13  elapsed=244s  eta=1265s
  [train] 13440/82217  shards=13  elapsed=246s  eta=1259s
  [train] 13600/82217  shards=13  elapsed=248s  eta=1253s
  [train] 13760/82217  shards=13  elapsed=251s  eta=1248s
  [train] 13920/82217  shards=13  elapsed=253s  eta=1242s
  [train] 14080/82217  shards=14  elapsed=258s  eta=1250s
  [train] 14240/82217  shards=14  elapsed=261s  eta=1245s
  [train] 14400/82217  shards=14  elapsed=263s  eta=1239s
  [train] 14560/82217  shards=14  elapsed=266s  eta=1234s
  [train] 14720/82217  shards=14  elapsed=268s  eta=1228s
  [train] 14880/82217  shards=14  elapsed=270s  eta=1223s
  [train] 15040/82217  shards=15  elapsed=276s  eta=1232s
  [train] 15200/82217  shards=15  elapsed=278s  eta=1226s
  [train] 15360/82217  shards=15  elapsed=281s  eta=1221s
  [train] 15520/82217  shards=15  elapsed=283s  eta=1216s
  [train] 15680/82217  shards=15  elapsed=285s  eta=1211s
  [train] 15840/82217  shards=15  elapsed=288s  eta=1205s
  [train] 16000/82217  shards=16  elapsed=293s  eta=1213s
  [train] 16160/82217  shards=16  elapsed=295s  eta=1208s
  [train] 16320/82217  shards=16  elapsed=298s  eta=1203s
  [train] 16480/82217  shards=16  elapsed=300s  eta=1198s
  [train] 16640/82217  shards=16  elapsed=303s  eta=1193s
  [train] 16800/82217  shards=16  elapsed=305s  eta=1188s
  [train] 16960/82217  shards=16  elapsed=307s  eta=1183s
  [train] 17120/82217  shards=17  elapsed=313s  eta=1189s
  [train] 17280/82217  shards=17  elapsed=315s  eta=1184s
  [train] 17440/82217  shards=17  elapsed=317s  eta=1179s
  [train] 17600/82217  shards=17  elapsed=320s  eta=1174s
  [train] 17760/82217  shards=17  elapsed=322s  eta=1170s
  [train] 17920/82217  shards=17  elapsed=325s  eta=1165s
  [train] 18080/82217  shards=18  elapsed=330s  eta=1170s
  [train] 18240/82217  shards=18  elapsed=332s  eta=1165s
  [train] 18400/82217  shards=18  elapsed=335s  eta=1161s
  [train] 18560/82217  shards=18  elapsed=337s  eta=1156s
  [train] 18720/82217  shards=18  elapsed=340s  eta=1152s
  [train] 18880/82217  shards=18  elapsed=342s  eta=1147s
  [train] 19040/82217  shards=19  elapsed=347s  eta=1152s
  [train] 19200/82217  shards=19  elapsed=350s  eta=1147s
  [train] 19360/82217  shards=19  elapsed=352s  eta=1143s
  [train] 19520/82217  shards=19  elapsed=354s  eta=1138s
  [train] 19680/82217  shards=19  elapsed=357s  eta=1134s
  [train] 19840/82217  shards=19  elapsed=359s  eta=1129s
  [train] 20000/82217  shards=20  elapsed=364s  eta=1133s
  [train] 20160/82217  shards=20  elapsed=367s  eta=1129s
  [train] 20320/82217  shards=20  elapsed=369s  eta=1124s
  [train] 20480/82217  shards=20  elapsed=371s  eta=1119s
  [train] 20640/82217  shards=20  elapsed=374s  eta=1115s
  [train] 20800/82217  shards=20  elapsed=376s  eta=1111s
  [train] 20960/82217  shards=20  elapsed=378s  eta=1106s
  [train] 21120/82217  shards=21  elapsed=384s  eta=1110s
  [train] 21280/82217  shards=21  elapsed=386s  eta=1106s
  [train] 21440/82217  shards=21  elapsed=389s  eta=1101s
  [train] 21600/82217  shards=21  elapsed=391s  eta=1097s
  [train] 21760/82217  shards=21  elapsed=393s  eta=1093s
  [train] 21920/82217  shards=21  elapsed=396s  eta=1089s
  [train] 22080/82217  shards=22  elapsed=401s  eta=1092s
  [train] 22240/82217  shards=22  elapsed=403s  eta=1088s
  [train] 22400/82217  shards=22  elapsed=406s  eta=1084s
  [train] 22560/82217  shards=22  elapsed=408s  eta=1080s
  [train] 22720/82217  shards=22  elapsed=411s  eta=1075s
  [train] 22880/82217  shards=22  elapsed=413s  eta=1071s
  [train] 23040/82217  shards=23  elapsed=418s  eta=1074s
  [train] 23200/82217  shards=23  elapsed=421s  eta=1070s
  [train] 23360/82217  shards=23  elapsed=423s  eta=1066s
  [train] 23520/82217  shards=23  elapsed=426s  eta=1062s
  [train] 23680/82217  shards=23  elapsed=428s  eta=1058s
  [train] 23840/82217  shards=23  elapsed=430s  eta=1054s
  [train] 24000/82217  shards=24  elapsed=436s  eta=1057s
  [train] 24160/82217  shards=24  elapsed=438s  eta=1053s
  [train] 24320/82217  shards=24  elapsed=441s  eta=1049s
  [train] 24480/82217  shards=24  elapsed=443s  eta=1045s
  [train] 24640/82217  shards=24  elapsed=445s  eta=1041s
  [train] 24800/82217  shards=24  elapsed=448s  eta=1037s
  [train] 24960/82217  shards=24  elapsed=450s  eta=1033s
  [train] 25120/82217  shards=25  elapsed=456s  eta=1037s
  [train] 25280/82217  shards=25  elapsed=458s  eta=1033s
  [train] 25440/82217  shards=25  elapsed=461s  eta=1028s
  [train] 25600/82217  shards=25  elapsed=463s  eta=1024s
  [train] 25760/82217  shards=25  elapsed=466s  eta=1020s
  [train] 25920/82217  shards=25  elapsed=468s  eta=1016s
  [train] 26080/82217  shards=26  elapsed=473s  eta=1018s
  [train] 26240/82217  shards=26  elapsed=475s  eta=1014s
  [train] 26400/82217  shards=26  elapsed=478s  eta=1010s
  [train] 26560/82217  shards=26  elapsed=480s  eta=1006s
  [train] 26720/82217  shards=26  elapsed=483s  eta=1002s
  [train] 26880/82217  shards=26  elapsed=485s  eta=998s
  [train] 27040/82217  shards=27  elapsed=490s  eta=1000s
  [train] 27200/82217  shards=27  elapsed=492s  eta=996s
  [train] 27360/82217  shards=27  elapsed=495s  eta=992s
  [train] 27520/82217  shards=27  elapsed=497s  eta=988s
  [train] 27680/82217  shards=27  elapsed=500s  eta=984s
  [train] 27840/82217  shards=27  elapsed=502s  eta=980s
  [train] 28000/82217  shards=28  elapsed=507s  eta=982s
  [train] 28160/82217  shards=28  elapsed=509s  eta=978s
  [train] 28320/82217  shards=28  elapsed=512s  eta=974s
  [train] 28480/82217  shards=28  elapsed=514s  eta=970s
  [train] 28640/82217  shards=28  elapsed=516s  eta=966s
  [train] 28800/82217  shards=28  elapsed=519s  eta=962s
  [train] 28960/82217  shards=28  elapsed=521s  eta=959s
  [train] 29120/82217  shards=29  elapsed=526s  eta=960s
  [train] 29280/82217  shards=29  elapsed=529s  eta=956s
  [train] 29440/82217  shards=29  elapsed=531s  eta=952s
  [train] 29600/82217  shards=29  elapsed=534s  eta=949s
  [train] 29760/82217  shards=29  elapsed=536s  eta=945s
  [train] 29920/82217  shards=29  elapsed=538s  eta=941s
  [train] 30080/82217  shards=30  elapsed=544s  eta=942s
  [train] 30240/82217  shards=30  elapsed=546s  eta=939s
  [train] 30400/82217  shards=30  elapsed=548s  eta=935s
  [train] 30560/82217  shards=30  elapsed=551s  eta=931s
  [train] 30720/82217  shards=30  elapsed=553s  eta=927s
  [train] 30880/82217  shards=30  elapsed=556s  eta=924s
  [train] 31040/82217  shards=31  elapsed=561s  eta=925s
  [train] 31200/82217  shards=31  elapsed=563s  eta=921s
  [train] 31360/82217  shards=31  elapsed=566s  eta=917s
  [train] 31520/82217  shards=31  elapsed=568s  eta=913s
  [train] 31680/82217  shards=31  elapsed=570s  eta=910s
  [train] 31840/82217  shards=31  elapsed=573s  eta=906s
  [train] 32000/82217  shards=32  elapsed=578s  eta=907s
  [train] 32160/82217  shards=32  elapsed=580s  eta=903s
  [train] 32320/82217  shards=32  elapsed=582s  eta=899s
  [train] 32480/82217  shards=32  elapsed=585s  eta=895s
  [train] 32640/82217  shards=32  elapsed=587s  eta=892s
  [train] 32800/82217  shards=32  elapsed=590s  eta=888s
  [train] 32960/82217  shards=32  elapsed=592s  eta=885s
  [train] 33120/82217  shards=33  elapsed=597s  eta=885s
  [train] 33280/82217  shards=33  elapsed=599s  eta=881s
  [train] 33440/82217  shards=33  elapsed=602s  eta=878s
  [train] 33600/82217  shards=33  elapsed=604s  eta=874s
  [train] 33760/82217  shards=33  elapsed=606s  eta=871s
  [train] 33920/82217  shards=33  elapsed=609s  eta=867s
  [train] 34080/82217  shards=34  elapsed=614s  eta=867s
  [train] 34240/82217  shards=34  elapsed=616s  eta=864s
  [train] 34400/82217  shards=34  elapsed=619s  eta=860s
  [train] 34560/82217  shards=34  elapsed=621s  eta=857s
  [train] 34720/82217  shards=34  elapsed=624s  eta=853s
  [train] 34880/82217  shards=34  elapsed=626s  eta=850s
  [train] 35040/82217  shards=35  elapsed=631s  eta=850s
  [train] 35200/82217  shards=35  elapsed=634s  eta=846s
  [train] 35360/82217  shards=35  elapsed=636s  eta=843s
  [train] 35520/82217  shards=35  elapsed=638s  eta=839s
  [train] 35680/82217  shards=35  elapsed=641s  eta=836s
  [train] 35840/82217  shards=35  elapsed=643s  eta=832s
  [train] 36000/82217  shards=36  elapsed=649s  eta=833s
  [train] 36160/82217  shards=36  elapsed=651s  eta=829s
  [train] 36320/82217  shards=36  elapsed=653s  eta=826s
  [train] 36480/82217  shards=36  elapsed=656s  eta=822s
  [train] 36640/82217  shards=36  elapsed=658s  eta=819s
  [train] 36800/82217  shards=36  elapsed=660s  eta=815s
  [train] 36960/82217  shards=36  elapsed=663s  eta=812s
  [train] 37120/82217  shards=37  elapsed=668s  eta=812s
  [train] 37280/82217  shards=37  elapsed=671s  eta=808s
  [train] 37440/82217  shards=37  elapsed=673s  eta=805s
  [train] 37600/82217  shards=37  elapsed=675s  eta=802s
  [train] 37760/82217  shards=37  elapsed=678s  eta=798s
  [train] 37920/82217  shards=37  elapsed=680s  eta=795s
  [train] 38080/82217  shards=38  elapsed=686s  eta=795s
  [train] 38240/82217  shards=38  elapsed=688s  eta=791s
  [train] 38400/82217  shards=38  elapsed=690s  eta=788s
  [train] 38560/82217  shards=38  elapsed=693s  eta=784s
  [train] 38720/82217  shards=38  elapsed=695s  eta=781s
  [train] 38880/82217  shards=38  elapsed=698s  eta=777s
  [train] 39040/82217  shards=39  elapsed=703s  eta=777s
  [train] 39200/82217  shards=39  elapsed=705s  eta=774s
  [train] 39360/82217  shards=39  elapsed=708s  eta=770s
  [train] 39520/82217  shards=39  elapsed=710s  eta=767s
  [train] 39680/82217  shards=39  elapsed=712s  eta=764s
  [train] 39840/82217  shards=39  elapsed=715s  eta=760s
  [train] 40000/82217  shards=40  elapsed=720s  eta=760s
  [train] 40160/82217  shards=40  elapsed=722s  eta=757s
  [train] 40320/82217  shards=40  elapsed=725s  eta=753s
  [train] 40480/82217  shards=40  elapsed=727s  eta=750s
  [train] 40640/82217  shards=40  elapsed=730s  eta=746s
  [train] 40800/82217  shards=40  elapsed=732s  eta=743s
  [train] 40960/82217  shards=40  elapsed=734s  eta=740s
  [train] 41120/82217  shards=41  elapsed=740s  eta=739s
  [train] 41280/82217  shards=41  elapsed=742s  eta=736s
  [train] 41440/82217  shards=41  elapsed=744s  eta=732s
  [train] 41600/82217  shards=41  elapsed=747s  eta=729s
  [train] 41760/82217  shards=41  elapsed=749s  eta=726s
  [train] 41920/82217  shards=41  elapsed=752s  eta=722s
  [train] 42080/82217  shards=42  elapsed=757s  eta=722s
  [train] 42240/82217  shards=42  elapsed=759s  eta=719s
  [train] 42400/82217  shards=42  elapsed=762s  eta=715s
  [train] 42560/82217  shards=42  elapsed=764s  eta=712s
  [train] 42720/82217  shards=42  elapsed=766s  eta=709s
  [train] 42880/82217  shards=42  elapsed=769s  eta=705s
  [train] 43040/82217  shards=43  elapsed=774s  eta=705s
  [train] 43200/82217  shards=43  elapsed=776s  eta=701s
  [train] 43360/82217  shards=43  elapsed=779s  eta=698s
  [train] 43520/82217  shards=43  elapsed=781s  eta=695s
  [train] 43680/82217  shards=43  elapsed=784s  eta=691s
  [train] 43840/82217  shards=43  elapsed=786s  eta=688s
  [train] 44000/82217  shards=44  elapsed=791s  eta=687s
  [train] 44160/82217  shards=44  elapsed=794s  eta=684s
  [train] 44320/82217  shards=44  elapsed=796s  eta=681s
  [train] 44480/82217  shards=44  elapsed=798s  eta=677s
  [train] 44640/82217  shards=44  elapsed=801s  eta=674s
  [train] 44800/82217  shards=44  elapsed=803s  eta=671s
  [train] 44960/82217  shards=44  elapsed=806s  eta=668s
  [train] 45120/82217  shards=45  elapsed=811s  eta=667s
  [train] 45280/82217  shards=45  elapsed=813s  eta=663s
  [train] 45440/82217  shards=45  elapsed=816s  eta=660s
  [train] 45600/82217  shards=45  elapsed=818s  eta=657s
  [train] 45760/82217  shards=45  elapsed=820s  eta=654s
  [train] 45920/82217  shards=45  elapsed=823s  eta=650s
  [train] 46080/82217  shards=46  elapsed=828s  eta=649s
  [train] 46240/82217  shards=46  elapsed=831s  eta=646s
  [train] 46400/82217  shards=46  elapsed=833s  eta=643s
  [train] 46560/82217  shards=46  elapsed=835s  eta=640s
  [train] 46720/82217  shards=46  elapsed=838s  eta=636s
  [train] 46880/82217  shards=46  elapsed=840s  eta=633s
  [train] 47040/82217  shards=47  elapsed=845s  eta=632s
  [train] 47200/82217  shards=47  elapsed=848s  eta=629s
  [train] 47360/82217  shards=47  elapsed=850s  eta=626s
  [train] 47520/82217  shards=47  elapsed=852s  eta=622s
  [train] 47680/82217  shards=47  elapsed=855s  eta=619s
  [train] 47840/82217  shards=47  elapsed=857s  eta=616s
  [train] 48000/82217  shards=48  elapsed=863s  eta=615s
  [train] 48160/82217  shards=48  elapsed=865s  eta=612s
  [train] 48320/82217  shards=48  elapsed=867s  eta=609s
  [train] 48480/82217  shards=48  elapsed=870s  eta=605s
  [train] 48640/82217  shards=48  elapsed=872s  eta=602s
  [train] 48800/82217  shards=48  elapsed=875s  eta=599s
  [train] 48960/82217  shards=48  elapsed=877s  eta=596s
  [train] 49120/82217  shards=49  elapsed=882s  eta=594s
  [train] 49280/82217  shards=49  elapsed=885s  eta=591s
  [train] 49440/82217  shards=49  elapsed=887s  eta=588s
  [train] 49600/82217  shards=49  elapsed=889s  eta=585s
  [train] 49760/82217  shards=49  elapsed=892s  eta=582s
  [train] 49920/82217  shards=49  elapsed=894s  eta=579s
  [train] 50080/82217  shards=50  elapsed=900s  eta=577s
  [train] 50240/82217  shards=50  elapsed=902s  eta=574s
  [train] 50400/82217  shards=50  elapsed=904s  eta=571s
  [train] 50560/82217  shards=50  elapsed=907s  eta=568s
  [train] 50720/82217  shards=50  elapsed=909s  eta=565s
  [train] 50880/82217  shards=50  elapsed=912s  eta=561s
  [train] 51040/82217  shards=51  elapsed=917s  eta=560s
  [train] 51200/82217  shards=51  elapsed=919s  eta=557s
  [train] 51360/82217  shards=51  elapsed=921s  eta=554s
  [train] 51520/82217  shards=51  elapsed=924s  eta=550s
  [train] 51680/82217  shards=51  elapsed=926s  eta=547s
  [train] 51840/82217  shards=51  elapsed=929s  eta=544s
  [train] 52000/82217  shards=52  elapsed=934s  eta=543s
  [train] 52160/82217  shards=52  elapsed=936s  eta=540s
  [train] 52320/82217  shards=52  elapsed=939s  eta=536s
  [train] 52480/82217  shards=52  elapsed=941s  eta=533s
  [train] 52640/82217  shards=52  elapsed=944s  eta=530s
  [train] 52800/82217  shards=52  elapsed=946s  eta=527s
  [train] 52960/82217  shards=52  elapsed=948s  eta=524s
  [train] 53120/82217  shards=53  elapsed=954s  eta=522s
  [train] 53280/82217  shards=53  elapsed=956s  eta=519s
  [train] 53440/82217  shards=53  elapsed=959s  eta=516s
  [train] 53600/82217  shards=53  elapsed=961s  eta=513s
  [train] 53760/82217  shards=53  elapsed=963s  eta=510s
  [train] 53920/82217  shards=53  elapsed=966s  eta=507s
  [train] 54080/82217  shards=54  elapsed=971s  eta=505s
  [train] 54240/82217  shards=54  elapsed=973s  eta=502s
  [train] 54400/82217  shards=54  elapsed=976s  eta=499s
  [train] 54560/82217  shards=54  elapsed=978s  eta=496s
  [train] 54720/82217  shards=54  elapsed=980s  eta=493s
  [train] 54880/82217  shards=54  elapsed=983s  eta=490s
  [train] 55040/82217  shards=55  elapsed=988s  eta=488s
  [train] 55200/82217  shards=55  elapsed=990s  eta=485s
  [train] 55360/82217  shards=55  elapsed=993s  eta=482s
  [train] 55520/82217  shards=55  elapsed=995s  eta=479s
  [train] 55680/82217  shards=55  elapsed=998s  eta=476s
  [train] 55840/82217  shards=55  elapsed=1000s  eta=472s
  [train] 56000/82217  shards=56  elapsed=1005s  eta=471s
  [train] 56160/82217  shards=56  elapsed=1008s  eta=468s
  [train] 56320/82217  shards=56  elapsed=1010s  eta=464s
  [train] 56480/82217  shards=56  elapsed=1012s  eta=461s
  [train] 56640/82217  shards=56  elapsed=1015s  eta=458s
  [train] 56800/82217  shards=56  elapsed=1017s  eta=455s
  [train] 56960/82217  shards=56  elapsed=1020s  eta=452s
  [train] 57120/82217  shards=57  elapsed=1025s  eta=450s
  [train] 57280/82217  shards=57  elapsed=1028s  eta=447s
  [train] 57440/82217  shards=57  elapsed=1030s  eta=444s
  [train] 57600/82217  shards=57  elapsed=1032s  eta=441s
  [train] 57760/82217  shards=57  elapsed=1035s  eta=438s
  [train] 57920/82217  shards=57  elapsed=1037s  eta=435s
  [train] 58080/82217  shards=58  elapsed=1043s  eta=433s
  [train] 58240/82217  shards=58  elapsed=1045s  eta=430s
  [train] 58400/82217  shards=58  elapsed=1048s  eta=427s
  [train] 58560/82217  shards=58  elapsed=1050s  eta=424s
  [train] 58720/82217  shards=58  elapsed=1052s  eta=421s
  [train] 58880/82217  shards=58  elapsed=1055s  eta=418s
  [train] 59040/82217  shards=59  elapsed=1060s  eta=416s
  [train] 59200/82217  shards=59  elapsed=1062s  eta=413s
  [train] 59360/82217  shards=59  elapsed=1065s  eta=410s
  [train] 59520/82217  shards=59  elapsed=1067s  eta=407s
  [train] 59680/82217  shards=59  elapsed=1069s  eta=404s
  [train] 59840/82217  shards=59  elapsed=1072s  eta=401s
  [train] 60000/82217  shards=60  elapsed=1077s  eta=399s
  [train] 60160/82217  shards=60  elapsed=1080s  eta=396s
  [train] 60320/82217  shards=60  elapsed=1082s  eta=393s
  [train] 60480/82217  shards=60  elapsed=1084s  eta=390s
  [train] 60640/82217  shards=60  elapsed=1087s  eta=387s
  [train] 60800/82217  shards=60  elapsed=1089s  eta=384s
  [train] 60960/82217  shards=60  elapsed=1091s  eta=381s
  [train] 61120/82217  shards=61  elapsed=1097s  eta=379s
  [train] 61280/82217  shards=61  elapsed=1099s  eta=376s
  [train] 61440/82217  shards=61  elapsed=1102s  eta=373s
  [train] 61600/82217  shards=61  elapsed=1104s  eta=370s
  [train] 61760/82217  shards=61  elapsed=1106s  eta=366s
  [train] 61920/82217  shards=61  elapsed=1109s  eta=363s
  [train] 62080/82217  shards=62  elapsed=1114s  eta=361s
  [train] 62240/82217  shards=62  elapsed=1117s  eta=358s
  [train] 62400/82217  shards=62  elapsed=1119s  eta=355s
  [train] 62560/82217  shards=62  elapsed=1121s  eta=352s
  [train] 62720/82217  shards=62  elapsed=1124s  eta=349s
  [train] 62880/82217  shards=62  elapsed=1126s  eta=346s
  [train] 63040/82217  shards=63  elapsed=1132s  eta=344s
  [train] 63200/82217  shards=63  elapsed=1134s  eta=341s
  [train] 63360/82217  shards=63  elapsed=1137s  eta=338s
  [train] 63520/82217  shards=63  elapsed=1139s  eta=335s
  [train] 63680/82217  shards=63  elapsed=1141s  eta=332s
  [train] 63840/82217  shards=63  elapsed=1144s  eta=329s
  [train] 64000/82217  shards=64  elapsed=1149s  eta=327s
  [train] 64160/82217  shards=64  elapsed=1151s  eta=324s
  [train] 64320/82217  shards=64  elapsed=1154s  eta=321s
  [train] 64480/82217  shards=64  elapsed=1156s  eta=318s
  [train] 64640/82217  shards=64  elapsed=1159s  eta=315s
  [train] 64800/82217  shards=64  elapsed=1161s  eta=312s
  [train] 64960/82217  shards=64  elapsed=1163s  eta=309s
  [train] 65120/82217  shards=65  elapsed=1169s  eta=307s
  [train] 65280/82217  shards=65  elapsed=1171s  eta=304s
  [train] 65440/82217  shards=65  elapsed=1173s  eta=301s
  [train] 65600/82217  shards=65  elapsed=1176s  eta=298s
  [train] 65760/82217  shards=65  elapsed=1178s  eta=295s
  [train] 65920/82217  shards=65  elapsed=1181s  eta=292s
  [train] 66080/82217  shards=66  elapsed=1186s  eta=290s
  [train] 66240/82217  shards=66  elapsed=1188s  eta=287s
  [train] 66400/82217  shards=66  elapsed=1191s  eta=284s
  [train] 66560/82217  shards=66  elapsed=1193s  eta=281s
  [train] 66720/82217  shards=66  elapsed=1196s  eta=278s
  [train] 66880/82217  shards=66  elapsed=1198s  eta=275s
  [train] 67040/82217  shards=67  elapsed=1203s  eta=272s
  [train] 67200/82217  shards=67  elapsed=1206s  eta=269s
  [train] 67360/82217  shards=67  elapsed=1208s  eta=266s
  [train] 67520/82217  shards=67  elapsed=1210s  eta=263s
  [train] 67680/82217  shards=67  elapsed=1213s  eta=261s
  [train] 67840/82217  shards=67  elapsed=1215s  eta=258s
  [train] 68000/82217  shards=68  elapsed=1221s  eta=255s
  [train] 68160/82217  shards=68  elapsed=1223s  eta=252s
  [train] 68320/82217  shards=68  elapsed=1225s  eta=249s
  [train] 68480/82217  shards=68  elapsed=1228s  eta=246s
  [train] 68640/82217  shards=68  elapsed=1230s  eta=243s
  [train] 68800/82217  shards=68  elapsed=1232s  eta=240s
  [train] 68960/82217  shards=68  elapsed=1235s  eta=237s
  [train] 69120/82217  shards=69  elapsed=1240s  eta=235s
  [train] 69280/82217  shards=69  elapsed=1242s  eta=232s
  [train] 69440/82217  shards=69  elapsed=1245s  eta=229s
  [train] 69600/82217  shards=69  elapsed=1247s  eta=226s
  [train] 69760/82217  shards=69  elapsed=1250s  eta=223s
  [train] 69920/82217  shards=69  elapsed=1252s  eta=220s
  [train] 70080/82217  shards=70  elapsed=1258s  eta=218s
  [train] 70240/82217  shards=70  elapsed=1260s  eta=215s
  [train] 70400/82217  shards=70  elapsed=1262s  eta=212s
  [train] 70560/82217  shards=70  elapsed=1265s  eta=209s
  [train] 70720/82217  shards=70  elapsed=1267s  eta=206s
  [train] 70880/82217  shards=70  elapsed=1270s  eta=203s
  [train] 71040/82217  shards=71  elapsed=1275s  eta=201s
  [train] 71200/82217  shards=71  elapsed=1277s  eta=198s
  [train] 71360/82217  shards=71  elapsed=1280s  eta=195s
  [train] 71520/82217  shards=71  elapsed=1282s  eta=192s
  [train] 71680/82217  shards=71  elapsed=1285s  eta=189s
  [train] 71840/82217  shards=71  elapsed=1287s  eta=186s
  [train] 72000/82217  shards=72  elapsed=1293s  eta=183s
  [train] 72160/82217  shards=72  elapsed=1295s  eta=181s
  [train] 72320/82217  shards=72  elapsed=1298s  eta=178s
  [train] 72480/82217  shards=72  elapsed=1300s  eta=175s
  [train] 72640/82217  shards=72  elapsed=1302s  eta=172s
  [train] 72800/82217  shards=72  elapsed=1305s  eta=169s
  [train] 72960/82217  shards=72  elapsed=1307s  eta=166s
  [train] 73120/82217  shards=73  elapsed=1312s  eta=163s
  [train] 73280/82217  shards=73  elapsed=1315s  eta=160s
  [train] 73440/82217  shards=73  elapsed=1317s  eta=157s
  [train] 73600/82217  shards=73  elapsed=1319s  eta=154s
  [train] 73760/82217  shards=73  elapsed=1322s  eta=152s
  [train] 73920/82217  shards=73  elapsed=1324s  eta=149s
  [train] 74080/82217  shards=74  elapsed=1330s  eta=146s
  [train] 74240/82217  shards=74  elapsed=1332s  eta=143s
  [train] 74400/82217  shards=74  elapsed=1334s  eta=140s
  [train] 74560/82217  shards=74  elapsed=1337s  eta=137s
  [train] 74720/82217  shards=74  elapsed=1339s  eta=134s
  [train] 74880/82217  shards=74  elapsed=1342s  eta=131s
  [train] 75040/82217  shards=75  elapsed=1347s  eta=129s
  [train] 75200/82217  shards=75  elapsed=1349s  eta=126s
  [train] 75360/82217  shards=75  elapsed=1352s  eta=123s
  [train] 75520/82217  shards=75  elapsed=1354s  eta=120s
  [train] 75680/82217  shards=75  elapsed=1357s  eta=117s
  [train] 75840/82217  shards=75  elapsed=1359s  eta=114s
  [train] 76000/82217  shards=76  elapsed=1364s  eta=112s
  [train] 76160/82217  shards=76  elapsed=1367s  eta=109s
  [train] 76320/82217  shards=76  elapsed=1369s  eta=106s
  [train] 76480/82217  shards=76  elapsed=1372s  eta=103s
  [train] 76640/82217  shards=76  elapsed=1374s  eta=100s
  [train] 76800/82217  shards=76  elapsed=1376s  eta=97s
  [train] 76960/82217  shards=76  elapsed=1379s  eta=94s
  [train] 77120/82217  shards=77  elapsed=1384s  eta=91s
  [train] 77280/82217  shards=77  elapsed=1386s  eta=89s
  [train] 77440/82217  shards=77  elapsed=1389s  eta=86s
  [train] 77600/82217  shards=77  elapsed=1391s  eta=83s
  [train] 77760/82217  shards=77  elapsed=1393s  eta=80s
  [train] 77920/82217  shards=77  elapsed=1396s  eta=77s
  [train] 78080/82217  shards=78  elapsed=1401s  eta=74s
  [train] 78240/82217  shards=78  elapsed=1404s  eta=71s
  [train] 78400/82217  shards=78  elapsed=1406s  eta=68s
  [train] 78560/82217  shards=78  elapsed=1408s  eta=66s
  [train] 78720/82217  shards=78  elapsed=1411s  eta=63s
  [train] 78880/82217  shards=78  elapsed=1413s  eta=60s
  [train] 79040/82217  shards=79  elapsed=1418s  eta=57s
  [train] 79200/82217  shards=79  elapsed=1421s  eta=54s
  [train] 79360/82217  shards=79  elapsed=1423s  eta=51s
  [train] 79520/82217  shards=79  elapsed=1425s  eta=48s
  [train] 79680/82217  shards=79  elapsed=1428s  eta=45s
  [train] 79840/82217  shards=79  elapsed=1430s  eta=43s
  [train] 80000/82217  shards=80  elapsed=1436s  eta=40s
  [train] 80160/82217  shards=80  elapsed=1438s  eta=37s
  [train] 80320/82217  shards=80  elapsed=1441s  eta=34s
  [train] 80480/82217  shards=80  elapsed=1443s  eta=31s
  [train] 80640/82217  shards=80  elapsed=1446s  eta=28s
  [train] 80800/82217  shards=80  elapsed=1448s  eta=25s
  [train] 80960/82217  shards=80  elapsed=1450s  eta=23s
  [train] 81120/82217  shards=81  elapsed=1456s  eta=20s
  [train] 81280/82217  shards=81  elapsed=1458s  eta=17s
  [train] 81440/82217  shards=81  elapsed=1461s  eta=14s
  [train] 81600/82217  shards=81  elapsed=1463s  eta=11s
  [train] 81760/82217  shards=81  elapsed=1465s  eta=8s
  [train] 81920/82217  shards=81  elapsed=1468s  eta=5s
  [train] 82080/82217  shards=82  elapsed=1473s  eta=2s
  [train] Done — 82217 samples  83 shards  time=1475.6s
  Manifest saved: /nfs/turbo/umd-hafiz/jsudan/encoder_embeddings/speaker_specific_finetune_embeddings/famousfigures/cache_Barack_Obama/xlsr_train.pt  (82217 samples, 83 shards)

--- Extracting: dev ---
[INFO] FamousFigures: loaded 16780 samples (subset=all).
  [dev] 160/16780  shards=0  elapsed=9s  eta=903s
  [dev] 320/16780  shards=0  elapsed=11s  eta=571s
  [dev] 480/16780  shards=0  elapsed=14s  eta=459s
  [dev] 640/16780  shards=0  elapsed=16s  eta=402s
  [dev] 800/16780  shards=0  elapsed=18s  eta=367s
  [dev] 960/16780  shards=0  elapsed=21s  eta=344s
  [dev] 1120/16780  shards=1  elapsed=26s  eta=365s
  [dev] 1280/16780  shards=1  elapsed=29s  eta=346s
  [dev] 1440/16780  shards=1  elapsed=31s  eta=331s
  [dev] 1600/16780  shards=1  elapsed=34s  eta=318s
  [dev] 1760/16780  shards=1  elapsed=36s  eta=307s
  [dev] 1920/16780  shards=1  elapsed=38s  eta=298s
  [dev] 2080/16780  shards=2  elapsed=44s  eta=310s
  [dev] 2240/16780  shards=2  elapsed=46s  eta=301s
  [dev] 2400/16780  shards=2  elapsed=49s  eta=292s
  [dev] 2560/16780  shards=2  elapsed=51s  eta=284s
  [dev] 2720/16780  shards=2  elapsed=54s  eta=277s
  [dev] 2880/16780  shards=2  elapsed=56s  eta=271s
  [dev] 3040/16780  shards=3  elapsed=61s  eta=277s
  [dev] 3200/16780  shards=3  elapsed=64s  eta=271s
  [dev] 3360/16780  shards=3  elapsed=66s  eta=264s
  [dev] 3520/16780  shards=3  elapsed=69s  eta=259s
  [dev] 3680/16780  shards=3  elapsed=71s  eta=253s
  [dev] 3840/16780  shards=3  elapsed=73s  eta=248s
  [dev] 4000/16780  shards=4  elapsed=79s  eta=251s
  [dev] 4160/16780  shards=4  elapsed=81s  eta=246s
  [dev] 4320/16780  shards=4  elapsed=83s  eta=241s
  [dev] 4480/16780  shards=4  elapsed=86s  eta=236s
  [dev] 4640/16780  shards=4  elapsed=88s  eta=231s
  [dev] 4800/16780  shards=4  elapsed=91s  eta=226s
  [dev] 4960/16780  shards=4  elapsed=93s  eta=222s
  [dev] 5120/16780  shards=5  elapsed=98s  eta=224s
  [dev] 5280/16780  shards=5  elapsed=101s  eta=219s
  [dev] 5440/16780  shards=5  elapsed=103s  eta=215s
  [dev] 5600/16780  shards=5  elapsed=105s  eta=210s
  [dev] 5760/16780  shards=5  elapsed=108s  eta=206s
  [dev] 5920/16780  shards=5  elapsed=110s  eta=202s
  [dev] 6080/16780  shards=6  elapsed=116s  eta=204s
  [dev] 6240/16780  shards=6  elapsed=118s  eta=200s
  [dev] 6400/16780  shards=6  elapsed=121s  eta=196s
  [dev] 6560/16780  shards=6  elapsed=123s  eta=192s
  [dev] 6720/16780  shards=6  elapsed=125s  eta=188s
  [dev] 6880/16780  shards=6  elapsed=128s  eta=184s
  [dev] 7040/16780  shards=7  elapsed=133s  eta=184s
  [dev] 7200/16780  shards=7  elapsed=136s  eta=180s
  [dev] 7360/16780  shards=7  elapsed=138s  eta=177s
  [dev] 7520/16780  shards=7  elapsed=140s  eta=173s
  [dev] 7680/16780  shards=7  elapsed=143s  eta=169s
  [dev] 7840/16780  shards=7  elapsed=145s  eta=166s
  [dev] 8000/16780  shards=8  elapsed=151s  eta=166s
  [dev] 8160/16780  shards=8  elapsed=153s  eta=162s
  [dev] 8320/16780  shards=8  elapsed=156s  eta=159s
  [dev] 8480/16780  shards=8  elapsed=158s  eta=155s
  [dev] 8640/16780  shards=8  elapsed=161s  eta=152s
  [dev] 8800/16780  shards=8  elapsed=163s  eta=148s
  [dev] 8960/16780  shards=8  elapsed=166s  eta=145s
  [dev] 9120/16780  shards=9  elapsed=171s  eta=144s
  [dev] 9280/16780  shards=9  elapsed=174s  eta=140s
  [dev] 9440/16780  shards=9  elapsed=176s  eta=137s
  [dev] 9600/16780  shards=9  elapsed=179s  eta=134s
  [dev] 9760/16780  shards=9  elapsed=181s  eta=130s
  [dev] 9920/16780  shards=9  elapsed=183s  eta=127s
  [dev] 10080/16780  shards=10  elapsed=189s  eta=125s
  [dev] 10240/16780  shards=10  elapsed=191s  eta=122s
  [dev] 10400/16780  shards=10  elapsed=193s  eta=119s
  [dev] 10560/16780  shards=10  elapsed=196s  eta=115s
  [dev] 10720/16780  shards=10  elapsed=198s  eta=112s
  [dev] 10880/16780  shards=10  elapsed=201s  eta=109s
  [dev] 11040/16780  shards=11  elapsed=206s  eta=107s
  [dev] 11200/16780  shards=11  elapsed=208s  eta=104s
  [dev] 11360/16780  shards=11  elapsed=211s  eta=101s
  [dev] 11520/16780  shards=11  elapsed=213s  eta=97s
  [dev] 11680/16780  shards=11  elapsed=216s  eta=94s
  [dev] 11840/16780  shards=11  elapsed=218s  eta=91s
  [dev] 12000/16780  shards=12  elapsed=223s  eta=89s
  [dev] 12160/16780  shards=12  elapsed=226s  eta=86s
  [dev] 12320/16780  shards=12  elapsed=228s  eta=83s
  [dev] 12480/16780  shards=12  elapsed=231s  eta=79s
  [dev] 12640/16780  shards=12  elapsed=233s  eta=76s
  [dev] 12800/16780  shards=12  elapsed=236s  eta=73s
  [dev] 12960/16780  shards=12  elapsed=238s  eta=70s
  [dev] 13120/16780  shards=13  elapsed=243s  eta=68s
  [dev] 13280/16780  shards=13  elapsed=246s  eta=65s
  [dev] 13440/16780  shards=13  elapsed=248s  eta=62s
  [dev] 13600/16780  shards=13  elapsed=251s  eta=59s
  [dev] 13760/16780  shards=13  elapsed=253s  eta=56s
  [dev] 13920/16780  shards=13  elapsed=256s  eta=53s
  [dev] 14080/16780  shards=14  elapsed=261s  eta=50s
  [dev] 14240/16780  shards=14  elapsed=263s  eta=47s
  [dev] 14400/16780  shards=14  elapsed=266s  eta=44s
  [dev] 14560/16780  shards=14  elapsed=268s  eta=41s
  [dev] 14720/16780  shards=14  elapsed=270s  eta=38s
  [dev] 14880/16780  shards=14  elapsed=273s  eta=35s
  [dev] 15040/16780  shards=15  elapsed=278s  eta=32s
  [dev] 15200/16780  shards=15  elapsed=281s  eta=29s
  [dev] 15360/16780  shards=15  elapsed=283s  eta=26s
  [dev] 15520/16780  shards=15  elapsed=285s  eta=23s
  [dev] 15680/16780  shards=15  elapsed=288s  eta=20s
  [dev] 15840/16780  shards=15  elapsed=290s  eta=17s
  [dev] 16000/16780  shards=16  elapsed=295s  eta=14s
  [dev] 16160/16780  shards=16  elapsed=298s  eta=11s
  [dev] 16320/16780  shards=16  elapsed=300s  eta=8s
  [dev] 16480/16780  shards=16  elapsed=303s  eta=6s
  [dev] 16640/16780  shards=16  elapsed=305s  eta=3s
  [dev] Done — 16780 samples  17 shards  time=310.4s
  Manifest saved: /nfs/turbo/umd-hafiz/jsudan/encoder_embeddings/speaker_specific_finetune_embeddings/famousfigures/cache_Barack_Obama/xlsr_dev.pt  (16780 samples, 17 shards)

--- Extracting: eval ---
[INFO] FamousFigures: loaded 33559 samples (subset=all).
  [eval] 160/33559  shards=0  elapsed=19s  eta=3867s
  [eval] 320/33559  shards=0  elapsed=21s  eta=2178s
  [eval] 480/33559  shards=0  elapsed=23s  eta=1614s
  [eval] 640/33559  shards=0  elapsed=26s  eta=1330s
  [eval] 800/33559  shards=0  elapsed=28s  eta=1159s
  [eval] 960/33559  shards=0  elapsed=31s  eta=1042s
  [eval] 1120/33559  shards=1  elapsed=36s  eta=1037s
  [eval] 1280/33559  shards=1  elapsed=38s  eta=964s
  [eval] 1440/33559  shards=1  elapsed=41s  eta=906s
  [eval] 1600/33559  shards=1  elapsed=43s  eta=859s
  [eval] 1760/33559  shards=1  elapsed=45s  eta=820s
  [eval] 1920/33559  shards=1  elapsed=48s  eta=787s
  [eval] 2080/33559  shards=2  elapsed=53s  eta=804s
  [eval] 2240/33559  shards=2  elapsed=56s  eta=776s
  [eval] 2400/33559  shards=2  elapsed=58s  eta=752s
  [eval] 2560/33559  shards=2  elapsed=60s  eta=730s
  [eval] 2720/33559  shards=2  elapsed=63s  eta=711s
  [eval] 2880/33559  shards=2  elapsed=65s  eta=693s
  [eval] 3040/33559  shards=3  elapsed=70s  eta=707s
  [eval] 3200/33559  shards=3  elapsed=73s  eta=690s
  [eval] 3360/33559  shards=3  elapsed=75s  eta=676s
  [eval] 3520/33559  shards=3  elapsed=78s  eta=662s
  [eval] 3680/33559  shards=3  elapsed=80s  eta=649s
  [eval] 3840/33559  shards=3  elapsed=82s  eta=637s
  [eval] 4000/33559  shards=4  elapsed=88s  eta=649s
  [eval] 4160/33559  shards=4  elapsed=90s  eta=637s
  [eval] 4320/33559  shards=4  elapsed=93s  eta=627s
  [eval] 4480/33559  shards=4  elapsed=95s  eta=616s
  [eval] 4640/33559  shards=4  elapsed=97s  eta=607s
  [eval] 4800/33559  shards=4  elapsed=100s  eta=597s
  [eval] 4960/33559  shards=4  elapsed=102s  eta=589s
  [eval] 5120/33559  shards=5  elapsed=107s  eta=595s
  [eval] 5280/33559  shards=5  elapsed=110s  eta=587s
  [eval] 5440/33559  shards=5  elapsed=112s  eta=579s
  [eval] 5600/33559  shards=5  elapsed=114s  eta=571s
  [eval] 5760/33559  shards=5  elapsed=117s  eta=563s
  [eval] 5920/33559  shards=5  elapsed=119s  eta=556s
  [eval] 6080/33559  shards=6  elapsed=124s  eta=562s
  [eval] 6240/33559  shards=6  elapsed=127s  eta=555s
  [eval] 6400/33559  shards=6  elapsed=129s  eta=548s
  [eval] 6560/33559  shards=6  elapsed=131s  eta=541s
  [eval] 6720/33559  shards=6  elapsed=134s  eta=534s
  [eval] 6880/33559  shards=6  elapsed=136s  eta=528s
  [eval] 7040/33559  shards=7  elapsed=142s  eta=534s
  [eval] 7200/33559  shards=7  elapsed=144s  eta=527s
  [eval] 7360/33559  shards=7  elapsed=146s  eta=521s
  [eval] 7520/33559  shards=7  elapsed=149s  eta=515s
  [eval] 7680/33559  shards=7  elapsed=151s  eta=509s
  [eval] 7840/33559  shards=7  elapsed=153s  eta=503s
  [eval] 8000/33559  shards=8  elapsed=159s  eta=508s
  [eval] 8160/33559  shards=8  elapsed=161s  eta=502s
  [eval] 8320/33559  shards=8  elapsed=164s  eta=497s
  [eval] 8480/33559  shards=8  elapsed=166s  eta=491s
  [eval] 8640/33559  shards=8  elapsed=168s  eta=486s
  [eval] 8800/33559  shards=8  elapsed=171s  eta=481s
  [eval] 8960/33559  shards=8  elapsed=173s  eta=475s
  [eval] 9120/33559  shards=9  elapsed=179s  eta=478s
  [eval] 9280/33559  shards=9  elapsed=181s  eta=473s
  [eval] 9440/33559  shards=9  elapsed=183s  eta=469s
  [eval] 9600/33559  shards=9  elapsed=186s  eta=464s
  [eval] 9760/33559  shards=9  elapsed=188s  eta=459s
  [eval] 9920/33559  shards=9  elapsed=191s  eta=454s
  [eval] 10080/33559  shards=10  elapsed=196s  eta=457s
  [eval] 10240/33559  shards=10  elapsed=198s  eta=452s
  [eval] 10400/33559  shards=10  elapsed=201s  eta=447s
  [eval] 10560/33559  shards=10  elapsed=203s  eta=443s
  [eval] 10720/33559  shards=10  elapsed=206s  eta=438s
  [eval] 10880/33559  shards=10  elapsed=208s  eta=434s
  [eval] 11040/33559  shards=11  elapsed=214s  eta=436s
  [eval] 11200/33559  shards=11  elapsed=216s  eta=431s
  [eval] 11360/33559  shards=11  elapsed=219s  eta=427s
  [eval] 11520/33559  shards=11  elapsed=221s  eta=423s
  [eval] 11680/33559  shards=11  elapsed=223s  eta=419s
  [eval] 11840/33559  shards=11  elapsed=226s  eta=414s
  [eval] 12000/33559  shards=12  elapsed=231s  eta=416s
  [eval] 12160/33559  shards=12  elapsed=234s  eta=411s
  [eval] 12320/33559  shards=12  elapsed=236s  eta=407s
  [eval] 12480/33559  shards=12  elapsed=239s  eta=403s
  [eval] 12640/33559  shards=12  elapsed=241s  eta=399s
  [eval] 12800/33559  shards=12  elapsed=243s  eta=395s
  [eval] 12960/33559  shards=12  elapsed=246s  eta=390s
  [eval] 13120/33559  shards=13  elapsed=251s  eta=391s
  [eval] 13280/33559  shards=13  elapsed=253s  eta=387s
  [eval] 13440/33559  shards=13  elapsed=256s  eta=383s
  [eval] 13600/33559  shards=13  elapsed=258s  eta=379s
  [eval] 13760/33559  shards=13  elapsed=261s  eta=375s
  [eval] 13920/33559  shards=13  elapsed=263s  eta=371s
  [eval] 14080/33559  shards=14  elapsed=268s  eta=371s
  [eval] 14240/33559  shards=14  elapsed=270s  eta=367s
  [eval] 14400/33559  shards=14  elapsed=273s  eta=363s
  [eval] 14560/33559  shards=14  elapsed=275s  eta=359s
  [eval] 14720/33559  shards=14  elapsed=277s  eta=355s
  [eval] 14880/33559  shards=14  elapsed=280s  eta=351s
  [eval] 15040/33559  shards=15  elapsed=285s  eta=351s
  [eval] 15200/33559  shards=15  elapsed=288s  eta=347s
  [eval] 15360/33559  shards=15  elapsed=290s  eta=344s
  [eval] 15520/33559  shards=15  elapsed=292s  eta=340s
  [eval] 15680/33559  shards=15  elapsed=295s  eta=336s
  [eval] 15840/33559  shards=15  elapsed=297s  eta=332s
  [eval] 16000/33559  shards=16  elapsed=302s  eta=332s
  [eval] 16160/33559  shards=16  elapsed=305s  eta=328s
  [eval] 16320/33559  shards=16  elapsed=307s  eta=324s
  [eval] 16480/33559  shards=16  elapsed=309s  eta=321s
  [eval] 16640/33559  shards=16  elapsed=312s  eta=317s
  [eval] 16800/33559  shards=16  elapsed=314s  eta=313s
  [eval] 16960/33559  shards=16  elapsed=316s  eta=310s
  [eval] 17120/33559  shards=17  elapsed=322s  eta=309s
  [eval] 17280/33559  shards=17  elapsed=324s  eta=306s
  [eval] 17440/33559  shards=17  elapsed=327s  eta=302s
  [eval] 17600/33559  shards=17  elapsed=329s  eta=298s
  [eval] 17760/33559  shards=17  elapsed=331s  eta=295s
  [eval] 17920/33559  shards=17  elapsed=334s  eta=291s
  [eval] 18080/33559  shards=18  elapsed=339s  eta=290s
  [eval] 18240/33559  shards=18  elapsed=342s  eta=287s
  [eval] 18400/33559  shards=18  elapsed=344s  eta=283s
  [eval] 18560/33559  shards=18  elapsed=346s  eta=280s
  [eval] 18720/33559  shards=18  elapsed=349s  eta=276s
  [eval] 18880/33559  shards=18  elapsed=351s  eta=273s
  [eval] 19040/33559  shards=19  elapsed=356s  eta=272s
  [eval] 19200/33559  shards=19  elapsed=359s  eta=268s
  [eval] 19360/33559  shards=19  elapsed=361s  eta=265s
  [eval] 19520/33559  shards=19  elapsed=364s  eta=262s
  [eval] 19680/33559  shards=19  elapsed=366s  eta=258s
  [eval] 19840/33559  shards=19  elapsed=368s  eta=255s
  [eval] 20000/33559  shards=20  elapsed=374s  eta=253s
  [eval] 20160/33559  shards=20  elapsed=376s  eta=250s
  [eval] 20320/33559  shards=20  elapsed=378s  eta=247s
  [eval] 20480/33559  shards=20  elapsed=381s  eta=243s
  [eval] 20640/33559  shards=20  elapsed=383s  eta=240s
  [eval] 20800/33559  shards=20  elapsed=385s  eta=236s
  [eval] 20960/33559  shards=20  elapsed=388s  eta=233s
  [eval] 21120/33559  shards=21  elapsed=393s  eta=232s
  [eval] 21280/33559  shards=21  elapsed=396s  eta=228s
  [eval] 21440/33559  shards=21  elapsed=398s  eta=225s
  [eval] 21600/33559  shards=21  elapsed=400s  eta=222s
  [eval] 21760/33559  shards=21  elapsed=403s  eta=218s
  [eval] 21920/33559  shards=21  elapsed=405s  eta=215s
  [eval] 22080/33559  shards=22  elapsed=410s  eta=213s
  [eval] 22240/33559  shards=22  elapsed=413s  eta=210s
  [eval] 22400/33559  shards=22  elapsed=415s  eta=207s
  [eval] 22560/33559  shards=22  elapsed=418s  eta=204s
  [eval] 22720/33559  shards=22  elapsed=420s  eta=200s
  [eval] 22880/33559  shards=22  elapsed=422s  eta=197s
  [eval] 23040/33559  shards=23  elapsed=428s  eta=195s
  [eval] 23200/33559  shards=23  elapsed=430s  eta=192s
  [eval] 23360/33559  shards=23  elapsed=432s  eta=189s
  [eval] 23520/33559  shards=23  elapsed=435s  eta=186s
  [eval] 23680/33559  shards=23  elapsed=437s  eta=182s
  [eval] 23840/33559  shards=23  elapsed=439s  eta=179s
  [eval] 24000/33559  shards=24  elapsed=445s  eta=177s
  [eval] 24160/33559  shards=24  elapsed=447s  eta=174s
  [eval] 24320/33559  shards=24  elapsed=449s  eta=171s
  [eval] 24480/33559  shards=24  elapsed=452s  eta=168s
  [eval] 24640/33559  shards=24  elapsed=454s  eta=164s
  [eval] 24800/33559  shards=24  elapsed=457s  eta=161s
  [eval] 24960/33559  shards=24  elapsed=459s  eta=158s
  [eval] 25120/33559  shards=25  elapsed=464s  eta=156s
  [eval] 25280/33559  shards=25  elapsed=467s  eta=153s
  [eval] 25440/33559  shards=25  elapsed=469s  eta=150s
  [eval] 25600/33559  shards=25  elapsed=471s  eta=147s
  [eval] 25760/33559  shards=25  elapsed=474s  eta=143s
  [eval] 25920/33559  shards=25  elapsed=476s  eta=140s
  [eval] 26080/33559  shards=26  elapsed=481s  eta=138s
  [eval] 26240/33559  shards=26  elapsed=484s  eta=135s
  [eval] 26400/33559  shards=26  elapsed=486s  eta=132s
  [eval] 26560/33559  shards=26  elapsed=488s  eta=129s
  [eval] 26720/33559  shards=26  elapsed=491s  eta=126s
  [eval] 26880/33559  shards=26  elapsed=493s  eta=123s
  [eval] 27040/33559  shards=27  elapsed=499s  eta=120s
  [eval] 27200/33559  shards=27  elapsed=501s  eta=117s
  [eval] 27360/33559  shards=27  elapsed=503s  eta=114s
  [eval] 27520/33559  shards=27  elapsed=506s  eta=111s
  [eval] 27680/33559  shards=27  elapsed=508s  eta=108s
  [eval] 27840/33559  shards=27  elapsed=510s  eta=105s
  [eval] 28000/33559  shards=28  elapsed=516s  eta=102s
  [eval] 28160/33559  shards=28  elapsed=518s  eta=99s
  [eval] 28320/33559  shards=28  elapsed=520s  eta=96s
  [eval] 28480/33559  shards=28  elapsed=523s  eta=93s
  [eval] 28640/33559  shards=28  elapsed=525s  eta=90s
  [eval] 28800/33559  shards=28  elapsed=527s  eta=87s
  [eval] 28960/33559  shards=28  elapsed=530s  eta=84s
  [eval] 29120/33559  shards=29  elapsed=535s  eta=82s
  [eval] 29280/33559  shards=29  elapsed=538s  eta=79s
  [eval] 29440/33559  shards=29  elapsed=540s  eta=76s
  [eval] 29600/33559  shards=29  elapsed=542s  eta=73s
  [eval] 29760/33559  shards=29  elapsed=545s  eta=70s
  [eval] 29920/33559  shards=29  elapsed=547s  eta=67s
  [eval] 30080/33559  shards=30  elapsed=553s  eta=64s
  [eval] 30240/33559  shards=30  elapsed=555s  eta=61s
  [eval] 30400/33559  shards=30  elapsed=557s  eta=58s
  [eval] 30560/33559  shards=30  elapsed=560s  eta=55s
  [eval] 30720/33559  shards=30  elapsed=562s  eta=52s
  [eval] 30880/33559  shards=30  elapsed=564s  eta=49s
  [eval] 31040/33559  shards=31  elapsed=570s  eta=46s
  [eval] 31200/33559  shards=31  elapsed=572s  eta=43s
  [eval] 31360/33559  shards=31  elapsed=574s  eta=40s
  [eval] 31520/33559  shards=31  elapsed=577s  eta=37s
  [eval] 31680/33559  shards=31  elapsed=579s  eta=34s
  [eval] 31840/33559  shards=31  elapsed=582s  eta=31s
  [eval] 32000/33559  shards=32  elapsed=587s  eta=29s
  [eval] 32160/33559  shards=32  elapsed=589s  eta=26s
  [eval] 32320/33559  shards=32  elapsed=592s  eta=23s
  [eval] 32480/33559  shards=32  elapsed=594s  eta=20s
  [eval] 32640/33559  shards=32  elapsed=596s  eta=17s
  [eval] 32800/33559  shards=32  elapsed=599s  eta=14s
  [eval] 32960/33559  shards=32  elapsed=601s  eta=11s
  [eval] 33120/33559  shards=33  elapsed=607s  eta=8s
  [eval] 33280/33559  shards=33  elapsed=609s  eta=5s
  [eval] 33440/33559  shards=33  elapsed=611s  eta=2s
  [eval] Done — 33559 samples  34 shards  time=615.6s
  Manifest saved: /nfs/turbo/umd-hafiz/jsudan/encoder_embeddings/speaker_specific_finetune_embeddings/famousfigures/cache_Barack_Obama/xlsr_eval.pt  (33559 samples, 34 shards)

All splits extracted.
  train: 82217 samples  83 shards  -> /nfs/turbo/umd-hafiz/jsudan/encoder_embeddings/speaker_specific_finetune_embeddings/famousfigures/cache_Barack_Obama/train_shards
  dev: 16780 samples  17 shards  -> /nfs/turbo/umd-hafiz/jsudan/encoder_embeddings/speaker_specific_finetune_embeddings/famousfigures/cache_Barack_Obama/dev_shards
  eval: 33559 samples  34 shards  -> /nfs/turbo/umd-hafiz/jsudan/encoder_embeddings/speaker_specific_finetune_embeddings/famousfigures/cache_Barack_Obama/eval_shards
[STEP 0] Done. XLSR cache: /nfs/turbo/umd-hafiz/jsudan/encoder_embeddings/speaker_specific_finetune_embeddings/famousfigures/cache_Barack_Obama

[STEP 1] Training projection head (Stage 1)...

Device  : cuda
Cache   : /nfs/turbo/umd-hafiz/jsudan/encoder_embeddings/speaker_specific_finetune_embeddings/famousfigures/cache_Barack_Obama
Config  : batch=512  lr=0.0005  tau=0.07  sim=geodesic  epochs=50

--- Train dataset ---
Reading labels from 83 shards...
  82217 samples  bonafide=10538  spoof=71679

--- Dev dataset ---
Reading labels from 17 shards...
  16780 samples  bonafide=2151  spoof=14629
Traceback (most recent call last):
  File "/home/jsudan/wav2vec_contr_loss/train_stage1_cached.py", line 276, in <module>
    main()
  File "/home/jsudan/wav2vec_contr_loss/train_stage1_cached.py", line 203, in main
    head = CompressionModule(input_dim=1024, hidden_dim=256, dropout=0.0).to(device)
TypeError: __init__() got an unexpected keyword argument 'dropout'
ERROR: Stage 1 training failed.
