Setting up the environment...
Job started on gl1511.arc-ts.umich.edu at Wed Apr  8 23:00:10 EDT 2026
Python version: Python 3.9.7
PyTorch version: 2.8.0+cu128
CUDA available: True
Current GPU: NVIDIA A40
----------------------------------------------------------------
============================================================
  Job:           47034377
  Run ID:        ff_Donald_Trump_20260408_230020
  Speaker:       Donald_Trump
  ITW speaker:   Donald Trump
  Node:          gl1511.arc-ts.umich.edu
  GPUs:          0
  Save dir:      /scratch/hafiz_root/hafiz1/jsudan/wav2vec_contr_loss/checkpoints_ff/ff_Donald_Trump_20260408_230020
  Stage1 ckpt:   /scratch/hafiz_root/hafiz1/jsudan/wav2vec_contr_loss/checkpoints_ff/ff_Donald_Trump_20260408_230020/ff_Donald_Trump_20260408_230020_stage1_head_best.pt
  Stage2 ckpt:   /scratch/hafiz_root/hafiz1/jsudan/wav2vec_contr_loss/checkpoints_ff/ff_Donald_Trump_20260408_230020/ff_Donald_Trump_20260408_230020_stage2_classifier_best.pt
  Eval results:  /scratch/hafiz_root/hafiz1/jsudan/wav2vec_contr_loss/checkpoints_ff/ff_Donald_Trump_20260408_230020/ff_Donald_Trump_20260408_230020_eval_results.txt
  FF Train:      /home/jsudan/wav2vec_contr_loss/famous_figures/splits/Donald_Trump_train.txt
  FF Dev:        /home/jsudan/wav2vec_contr_loss/famous_figures/splits/Donald_Trump_dev.txt
  FF Eval:       /home/jsudan/wav2vec_contr_loss/famous_figures/splits/Donald_Trump_eval.txt
  ITW filtered:  /home/jsudan/wav2vec_contr_loss/famous_figures/splits/Donald_Trump_itw.txt
============================================================

[STEP 0a] Splitting FamousFigures protocol for speaker: Donald_Trump...
usage: split_famousfigures.py [-h] --protocol PROTOCOL --speaker SPEAKER
                              --out_dir OUT_DIR [--train_frac TRAIN_FRAC]
                              [--dev_frac DEV_FRAC] [--seed SEED]
split_famousfigures.py: error: unrecognized arguments: --splits train dev eval
ERROR: Protocol split failed.
