Setting up the environment...
Job started on gl1500.arc-ts.umich.edu at Wed Mar 18 01:10:12 EDT 2026
Python version: Python 3.9.7
PyTorch version: 2.8.0+cu128
CUDA available: True
Current GPU: NVIDIA A40
----------------------------------------------------------------
============================================================
  Job:          45503403
  Run ID:       ff_Barack_Obama_20260318_011016
  Speaker:      Barack_Obama
  Node:         gl1500.arc-ts.umich.edu
  GPUs:         3
  Save dir:     /scratch/hafiz_root/hafiz1/jsudan/wav2vec_contr_loss/checkpoints_ff/ff_Barack_Obama_20260318_011016
  Stage1 ckpt:  /scratch/hafiz_root/hafiz1/jsudan/wav2vec_contr_loss/checkpoints_ff/ff_Barack_Obama_20260318_011016/ff_Barack_Obama_20260318_011016_stage1_head_best.pt
  Stage2 ckpt:  /scratch/hafiz_root/hafiz1/jsudan/wav2vec_contr_loss/checkpoints_ff/ff_Barack_Obama_20260318_011016/ff_Barack_Obama_20260318_011016_stage2_classifier_best.pt
  Eval results: /scratch/hafiz_root/hafiz1/jsudan/wav2vec_contr_loss/checkpoints_ff/ff_Barack_Obama_20260318_011016/ff_Barack_Obama_20260318_011016_eval_results.txt
  Train proto:  /home/jsudan/wav2vec_contr_loss/famous_figures/splits/Barack_Obama_train.txt
  Dev   proto:  /home/jsudan/wav2vec_contr_loss/famous_figures/splits/Barack_Obama_dev.txt
  Eval  proto:  /home/jsudan/wav2vec_contr_loss/famous_figures/splits/Barack_Obama_eval.txt
============================================================

[STEP 0] Extracting XLSR features...

Device: cuda
Cache root: /scratch/hafiz_root/hafiz1/jsudan/encoder_embeddings/speaker_specific_finetune_embeddings/famousfigures/cache_Barack_Obama
Checkpoint: /scratch/hafiz_root/hafiz1/jsudan/wav2vec_contr_loss/checkpoints_stage1/asv5_hbm_1024_mem_16384_supcon_geodesic_temp_0.07/wav2vec2-xls-r-300m_stage1_head_best.pt

Loaded encoder weights from checkpoint (epoch 1)

--- Extracting: train ---
[INFO] FamousFigures: loaded 117454 samples (subset=all).
  [train] 320/117454  saved=320  skipped=0  elapsed=10s  eta=3600s
  [train] 640/117454  saved=640  skipped=0  elapsed=18s  eta=3254s
  [train] 960/117454  saved=960  skipped=0  elapsed=25s  eta=3080s
  [train] 1280/117454  saved=1280  skipped=0  elapsed=32s  eta=2895s
  [train] 1600/117454  saved=1600  skipped=0  elapsed=39s  eta=2833s
  [train] 1920/117454  saved=1920  skipped=0  elapsed=46s  eta=2774s
  [train] 2240/117454  saved=2240  skipped=0  elapsed=56s  eta=2882s
  [train] 2560/117454  saved=2560  skipped=0  elapsed=64s  eta=2861s
  [train] 2880/117454  saved=2880  skipped=0  elapsed=71s  eta=2826s
  [train] 3200/117454  saved=3200  skipped=0  elapsed=78s  eta=2790s
  [train] 3520/117454  saved=3520  skipped=0  elapsed=87s  eta=2830s
  [train] 3840/117454  saved=3840  skipped=0  elapsed=95s  eta=2797s
  [train] 4160/117454  saved=4160  skipped=0  elapsed=103s  eta=2809s
  [train] 4480/117454  saved=4480  skipped=0  elapsed=111s  eta=2810s
  [train] 4800/117454  saved=4800  skipped=0  elapsed=120s  eta=2808s
  [train] 5120/117454  saved=5120  skipped=0  elapsed=128s  eta=2801s
  [train] 5440/117454  saved=5440  skipped=0  elapsed=135s  eta=2777s
  [train] 5760/117454  saved=5760  skipped=0  elapsed=142s  eta=2750s
  [train] 6080/117454  saved=6080  skipped=0  elapsed=149s  eta=2720s
  [train] 6400/117454  saved=6400  skipped=0  elapsed=156s  eta=2712s
  [train] 6720/117454  saved=6720  skipped=0  elapsed=162s  eta=2673s
  [train] 7040/117454  saved=7040  skipped=0  elapsed=170s  eta=2673s
  [train] 7360/117454  saved=7360  skipped=0  elapsed=179s  eta=2671s
  [train] 7680/117454  saved=7680  skipped=0  elapsed=186s  eta=2652s
  [train] 8000/117454  saved=8000  skipped=0  elapsed=193s  eta=2636s
  [train] 8320/117454  saved=8320  skipped=0  elapsed=201s  eta=2636s
  [train] 8640/117454  saved=8640  skipped=0  elapsed=207s  eta=2611s
  [train] 8960/117454  saved=8960  skipped=0  elapsed=215s  eta=2598s
  [train] 9280/117454  saved=9280  skipped=0  elapsed=223s  eta=2598s
  [train] 9600/117454  saved=9600  skipped=0  elapsed=232s  eta=2606s
  [train] 9920/117454  saved=9920  skipped=0  elapsed=240s  eta=2602s
  [train] 10240/117454  saved=10240  skipped=0  elapsed=249s  eta=2602s
  [train] 10560/117454  saved=10560  skipped=0  elapsed=258s  eta=2610s
  [train] 10880/117454  saved=10880  skipped=0  elapsed=266s  eta=2605s
  [train] 11200/117454  saved=11200  skipped=0  elapsed=274s  eta=2603s
  [train] 11520/117454  saved=11520  skipped=0  elapsed=282s  eta=2594s
  [train] 11840/117454  saved=11840  skipped=0  elapsed=291s  eta=2593s
  [train] 12160/117454  saved=12160  skipped=0  elapsed=297s  eta=2570s
  [train] 12480/117454  saved=12480  skipped=0  elapsed=305s  eta=2568s
  [train] 12800/117454  saved=12800  skipped=0  elapsed=313s  eta=2555s
  [train] 13120/117454  saved=13120  skipped=0  elapsed=321s  eta=2552s
  [train] 13440/117454  saved=13440  skipped=0  elapsed=328s  eta=2542s
  [train] 13760/117454  saved=13760  skipped=0  elapsed=336s  eta=2532s
  [train] 14080/117454  saved=14080  skipped=0  elapsed=345s  eta=2535s
  [train] 14400/117454  saved=14400  skipped=0  elapsed=353s  eta=2524s
  [train] 14720/117454  saved=14720  skipped=0  elapsed=361s  eta=2520s
  [train] 15040/117454  saved=15040  skipped=0  elapsed=368s  eta=2505s
  [train] 15360/117454  saved=15360  skipped=0  elapsed=377s  eta=2509s
  [train] 15680/117454  saved=15680  skipped=0  elapsed=386s  eta=2505s
  [train] 16000/117454  saved=16000  skipped=0  elapsed=395s  eta=2507s
  [train] 16320/117454  saved=16320  skipped=0  elapsed=404s  eta=2506s
  [train] 16640/117454  saved=16640  skipped=0  elapsed=414s  eta=2510s
  [train] 16960/117454  saved=16960  skipped=0  elapsed=422s  eta=2501s
  [train] 17280/117454  saved=17280  skipped=0  elapsed=431s  eta=2496s
  [train] 17600/117454  saved=17600  skipped=0  elapsed=439s  eta=2493s
  [train] 17920/117454  saved=17920  skipped=0  elapsed=447s  eta=2482s
  [train] 18240/117454  saved=18240  skipped=0  elapsed=454s  eta=2471s
  [train] 18560/117454  saved=18560  skipped=0  elapsed=463s  eta=2465s
  [train] 18880/117454  saved=18880  skipped=0  elapsed=471s  eta=2459s
  [train] 19200/117454  saved=19200  skipped=0  elapsed=479s  eta=2451s
  [train] 19520/117454  saved=19520  skipped=0  elapsed=485s  eta=2434s
  [train] 19840/117454  saved=19840  skipped=0  elapsed=492s  eta=2421s
  [train] 20160/117454  saved=20160  skipped=0  elapsed=500s  eta=2415s
  [train] 20480/117454  saved=20480  skipped=0  elapsed=509s  eta=2408s
  [train] 20800/117454  saved=20800  skipped=0  elapsed=518s  eta=2408s
  [train] 21120/117454  saved=21120  skipped=0  elapsed=526s  eta=2400s
  [train] 21440/117454  saved=21440  skipped=0  elapsed=536s  eta=2399s
  [train] 21760/117454  saved=21760  skipped=0  elapsed=543s  eta=2390s
  [train] 22080/117454  saved=22080  skipped=0  elapsed=551s  eta=2381s
  [train] 22400/117454  saved=22400  skipped=0  elapsed=557s  eta=2365s
  [train] 22720/117454  saved=22720  skipped=0  elapsed=566s  eta=2358s
  [train] 23040/117454  saved=23040  skipped=0  elapsed=575s  eta=2354s
  [train] 23360/117454  saved=23360  skipped=0  elapsed=582s  eta=2344s
  [train] 23680/117454  saved=23680  skipped=0  elapsed=589s  eta=2333s
  [train] 24000/117454  saved=24000  skipped=0  elapsed=598s  eta=2328s
  [train] 24320/117454  saved=24320  skipped=0  elapsed=608s  eta=2327s
  [train] 24640/117454  saved=24640  skipped=0  elapsed=615s  eta=2317s
  [train] 24960/117454  saved=24960  skipped=0  elapsed=623s  eta=2309s
  [train] 25280/117454  saved=25280  skipped=0  elapsed=629s  eta=2295s
  [train] 25600/117454  saved=25600  skipped=0  elapsed=639s  eta=2294s
  [train] 25920/117454  saved=25920  skipped=0  elapsed=646s  eta=2280s
  [train] 26240/117454  saved=26240  skipped=0  elapsed=658s  eta=2286s
  [train] 26560/117454  saved=26560  skipped=0  elapsed=671s  eta=2295s
  [train] 26880/117454  saved=26880  skipped=0  elapsed=679s  eta=2288s
  [train] 27200/117454  saved=27200  skipped=0  elapsed=689s  eta=2286s
  [train] 27520/117454  saved=27520  skipped=0  elapsed=699s  eta=2283s
  [train] 27840/117454  saved=27840  skipped=0  elapsed=705s  eta=2269s
  [train] 28160/117454  saved=28160  skipped=0  elapsed=715s  eta=2266s
  [train] 28480/117454  saved=28480  skipped=0  elapsed=723s  eta=2259s
  [train] 28800/117454  saved=28800  skipped=0  elapsed=731s  eta=2251s
  [train] 29120/117454  saved=29120  skipped=0  elapsed=739s  eta=2241s
  [train] 29440/117454  saved=29440  skipped=0  elapsed=747s  eta=2234s
  [train] 29760/117454  saved=29760  skipped=0  elapsed=757s  eta=2232s
  [train] 30080/117454  saved=30080  skipped=0  elapsed=767s  eta=2228s
  [train] 30400/117454  saved=30400  skipped=0  elapsed=774s  eta=2217s
  [train] 30720/117454  saved=30720  skipped=0  elapsed=783s  eta=2211s
  [train] 31040/117454  saved=31040  skipped=0  elapsed=791s  eta=2202s
  [train] 31360/117454  saved=31360  skipped=0  elapsed=801s  eta=2199s
  [train] 31680/117454  saved=31680  skipped=0  elapsed=812s  eta=2197s
  [train] 32000/117454  saved=32000  skipped=0  elapsed=820s  eta=2189s
  [train] 32320/117454  saved=32320  skipped=0  elapsed=827s  eta=2179s
  [train] 32640/117454  saved=32640  skipped=0  elapsed=836s  eta=2173s
  [train] 32960/117454  saved=32960  skipped=0  elapsed=845s  eta=2166s
  [train] 33280/117454  saved=33280  skipped=0  elapsed=853s  eta=2158s
  [train] 33600/117454  saved=33600  skipped=0  elapsed=863s  eta=2153s
  [train] 33920/117454  saved=33920  skipped=0  elapsed=870s  eta=2144s
  [train] 34240/117454  saved=34240  skipped=0  elapsed=878s  eta=2134s
  [train] 34560/117454  saved=34560  skipped=0  elapsed=887s  eta=2127s
  [train] 34880/117454  saved=34880  skipped=0  elapsed=893s  eta=2114s
  [train] 35200/117454  saved=35200  skipped=0  elapsed=902s  eta=2108s
  [train] 35520/117454  saved=35520  skipped=0  elapsed=910s  eta=2099s
  [train] 35840/117454  saved=35840  skipped=0  elapsed=918s  eta=2090s
  [train] 36160/117454  saved=36160  skipped=0  elapsed=930s  eta=2091s
  [train] 36480/117454  saved=36480  skipped=0  elapsed=938s  eta=2082s
  [train] 36800/117454  saved=36800  skipped=0  elapsed=948s  eta=2078s
  [train] 37120/117454  saved=37120  skipped=0  elapsed=956s  eta=2069s
  [train] 37440/117454  saved=37440  skipped=0  elapsed=965s  eta=2061s
  [train] 37760/117454  saved=37760  skipped=0  elapsed=975s  eta=2057s
  [train] 38080/117454  saved=38080  skipped=0  elapsed=983s  eta=2049s
  [train] 38400/117454  saved=38400  skipped=0  elapsed=993s  eta=2044s
  [train] 38720/117454  saved=38720  skipped=0  elapsed=1003s  eta=2040s
  [train] 39040/117454  saved=39040  skipped=0  elapsed=1010s  eta=2029s
  [train] 39360/117454  saved=39360  skipped=0  elapsed=1017s  eta=2017s
  [train] 39680/117454  saved=39680  skipped=0  elapsed=1024s  eta=2006s
  [train] 40000/117454  saved=40000  skipped=0  elapsed=1032s  eta=1998s
  [train] 40320/117454  saved=40320  skipped=0  elapsed=1042s  eta=1993s
  [train] 40640/117454  saved=40640  skipped=0  elapsed=1049s  eta=1982s
  [train] 40960/117454  saved=40960  skipped=0  elapsed=1056s  eta=1972s
  [train] 41280/117454  saved=41280  skipped=0  elapsed=1064s  eta=1964s
  [train] 41600/117454  saved=41600  skipped=0  elapsed=1073s  eta=1957s
  [train] 41920/117454  saved=41920  skipped=0  elapsed=1080s  eta=1946s
  [train] 42240/117454  saved=42240  skipped=0  elapsed=1089s  eta=1939s
  [train] 42560/117454  saved=42560  skipped=0  elapsed=1097s  eta=1930s
  [train] 42880/117454  saved=42880  skipped=0  elapsed=1104s  eta=1921s
  [train] 43200/117454  saved=43200  skipped=0  elapsed=1113s  eta=1913s
  [train] 43520/117454  saved=43520  skipped=0  elapsed=1120s  eta=1903s
  [train] 43840/117454  saved=43840  skipped=0  elapsed=1128s  eta=1894s
  [train] 44160/117454  saved=44160  skipped=0  elapsed=1135s  eta=1883s
  [train] 44480/117454  saved=44480  skipped=0  elapsed=1142s  eta=1874s
  [train] 44800/117454  saved=44800  skipped=0  elapsed=1151s  eta=1867s
  [train] 45120/117454  saved=45120  skipped=0  elapsed=1163s  eta=1865s
  [train] 45440/117454  saved=45440  skipped=0  elapsed=1171s  eta=1856s
  [train] 45760/117454  saved=45760  skipped=0  elapsed=1179s  eta=1847s
  [train] 46080/117454  saved=46080  skipped=0  elapsed=1186s  eta=1836s
  [train] 46400/117454  saved=46400  skipped=0  elapsed=1192s  eta=1825s
  [train] 46720/117454  saved=46720  skipped=0  elapsed=1200s  eta=1817s
  [train] 47040/117454  saved=47040  skipped=0  elapsed=1210s  eta=1811s
  [train] 47360/117454  saved=47360  skipped=0  elapsed=1216s  eta=1800s
  [train] 47680/117454  saved=47680  skipped=0  elapsed=1226s  eta=1795s
  [train] 48000/117454  saved=48000  skipped=0  elapsed=1233s  eta=1784s
  [train] 48320/117454  saved=48320  skipped=0  elapsed=1241s  eta=1775s
  [train] 48640/117454  saved=48640  skipped=0  elapsed=1248s  eta=1766s
  [train] 48960/117454  saved=48960  skipped=0  elapsed=1258s  eta=1760s
  [train] 49280/117454  saved=49280  skipped=0  elapsed=1264s  eta=1749s
  [train] 49600/117454  saved=49600  skipped=0  elapsed=1272s  eta=1740s
  [train] 49920/117454  saved=49920  skipped=0  elapsed=1279s  eta=1731s
  [train] 50240/117454  saved=50240  skipped=0  elapsed=1287s  eta=1722s
  [train] 50560/117454  saved=50560  skipped=0  elapsed=1295s  eta=1713s
  [train] 50880/117454  saved=50880  skipped=0  elapsed=1301s  eta=1703s
  [train] 51200/117454  saved=51200  skipped=0  elapsed=1311s  eta=1696s
  [train] 51520/117454  saved=51520  skipped=0  elapsed=1317s  eta=1686s
  [train] 51840/117454  saved=51840  skipped=0  elapsed=1325s  eta=1677s
  [train] 52160/117454  saved=52160  skipped=0  elapsed=1334s  eta=1670s
  [train] 52480/117454  saved=52480  skipped=0  elapsed=1341s  eta=1661s
  [train] 52800/117454  saved=52800  skipped=0  elapsed=1349s  eta=1652s
  [train] 53120/117454  saved=53120  skipped=0  elapsed=1356s  eta=1642s
  [train] 53440/117454  saved=53440  skipped=0  elapsed=1366s  eta=1636s
  [train] 53760/117454  saved=53760  skipped=0  elapsed=1373s  eta=1626s
  [train] 54080/117454  saved=54080  skipped=0  elapsed=1379s  eta=1616s
  [train] 54400/117454  saved=54400  skipped=0  elapsed=1387s  eta=1608s
  [train] 54720/117454  saved=54720  skipped=0  elapsed=1394s  eta=1599s
  [train] 55040/117454  saved=55040  skipped=0  elapsed=1401s  eta=1589s
  [train] 55360/117454  saved=55360  skipped=0  elapsed=1409s  eta=1580s
  [train] 55680/117454  saved=55680  skipped=0  elapsed=1417s  eta=1572s
  [train] 56000/117454  saved=56000  skipped=0  elapsed=1428s  eta=1567s
  [train] 56320/117454  saved=56320  skipped=0  elapsed=1435s  eta=1558s
  [train] 56640/117454  saved=56640  skipped=0  elapsed=1444s  eta=1550s
  [train] 56960/117454  saved=56960  skipped=0  elapsed=1455s  eta=1545s
  [train] 57280/117454  saved=57280  skipped=0  elapsed=1462s  eta=1536s
  [train] 57600/117454  saved=57600  skipped=0  elapsed=1472s  eta=1530s
  [train] 57920/117454  saved=57920  skipped=0  elapsed=1482s  eta=1523s
  [train] 58240/117454  saved=58240  skipped=0  elapsed=1491s  eta=1516s
  [train] 58560/117454  saved=58560  skipped=0  elapsed=1501s  eta=1509s
  [train] 58880/117454  saved=58880  skipped=0  elapsed=1508s  eta=1500s
  [train] 59200/117454  saved=59200  skipped=0  elapsed=1515s  eta=1491s
  [train] 59520/117454  saved=59520  skipped=0  elapsed=1523s  eta=1483s
  [train] 59840/117454  saved=59840  skipped=0  elapsed=1533s  eta=1476s
  [train] 60160/117454  saved=60160  skipped=0  elapsed=1543s  eta=1469s
  [train] 60480/117454  saved=60480  skipped=0  elapsed=1551s  eta=1461s
  [train] 60800/117454  saved=60800  skipped=0  elapsed=1560s  eta=1453s
  [train] 61120/117454  saved=61120  skipped=0  elapsed=1568s  eta=1446s
  [train] 61440/117454  saved=61440  skipped=0  elapsed=1577s  eta=1438s
  [train] 61760/117454  saved=61760  skipped=0  elapsed=1584s  eta=1429s
  [train] 62080/117454  saved=62080  skipped=0  elapsed=1598s  eta=1425s
  [train] 62400/117454  saved=62400  skipped=0  elapsed=1606s  eta=1417s
  [train] 62720/117454  saved=62720  skipped=0  elapsed=1616s  eta=1410s
  [train] 63040/117454  saved=63040  skipped=0  elapsed=1623s  eta=1401s
  [train] 63360/117454  saved=63360  skipped=0  elapsed=1631s  eta=1393s
  [train] 63680/117454  saved=63680  skipped=0  elapsed=1640s  eta=1385s
  [train] 64000/117454  saved=64000  skipped=0  elapsed=1647s  eta=1376s
  [train] 64320/117454  saved=64320  skipped=0  elapsed=1656s  eta=1368s
  [train] 64640/117454  saved=64640  skipped=0  elapsed=1664s  eta=1360s
  [train] 64960/117454  saved=64960  skipped=0  elapsed=1673s  eta=1352s
  [train] 65280/117454  saved=65280  skipped=0  elapsed=1681s  eta=1344s
  [train] 65600/117454  saved=65600  skipped=0  elapsed=1689s  eta=1335s
  [train] 65920/117454  saved=65920  skipped=0  elapsed=1697s  eta=1327s
  [train] 66240/117454  saved=66240  skipped=0  elapsed=1705s  eta=1318s
  [train] 66560/117454  saved=66560  skipped=0  elapsed=1712s  eta=1309s
  [train] 66880/117454  saved=66880  skipped=0  elapsed=1721s  eta=1301s
  [train] 67200/117454  saved=67200  skipped=0  elapsed=1729s  eta=1293s
  [train] 67520/117454  saved=67520  skipped=0  elapsed=1738s  eta=1285s
  [train] 67840/117454  saved=67840  skipped=0  elapsed=1748s  eta=1278s
  [train] 68160/117454  saved=68160  skipped=0  elapsed=1756s  eta=1270s
  [train] 68480/117454  saved=68480  skipped=0  elapsed=1766s  eta=1263s
  [train] 68800/117454  saved=68800  skipped=0  elapsed=1776s  eta=1256s
  [train] 69120/117454  saved=69120  skipped=0  elapsed=1783s  eta=1247s
  [train] 69440/117454  saved=69440  skipped=0  elapsed=1792s  eta=1239s
  [train] 69760/117454  saved=69760  skipped=0  elapsed=1801s  eta=1232s
  [train] 70080/117454  saved=70080  skipped=0  elapsed=1809s  eta=1223s
  [train] 70400/117454  saved=70400  skipped=0  elapsed=1818s  eta=1215s
  [train] 70720/117454  saved=70720  skipped=0  elapsed=1824s  eta=1205s
  [train] 71040/117454  saved=71040  skipped=0  elapsed=1831s  eta=1196s
  [train] 71360/117454  saved=71360  skipped=0  elapsed=1839s  eta=1188s
  [train] 71680/117454  saved=71680  skipped=0  elapsed=1850s  eta=1181s
  [train] 72000/117454  saved=72000  skipped=0  elapsed=1858s  eta=1173s
  [train] 72320/117454  saved=72320  skipped=0  elapsed=1868s  eta=1166s
  [train] 72640/117454  saved=72640  skipped=0  elapsed=1876s  eta=1157s
  [train] 72960/117454  saved=72960  skipped=0  elapsed=1883s  eta=1148s
  [train] 73280/117454  saved=73280  skipped=0  elapsed=1890s  eta=1139s
  [train] 73600/117454  saved=73600  skipped=0  elapsed=1899s  eta=1131s
  [train] 73920/117454  saved=73920  skipped=0  elapsed=1905s  eta=1122s
  [train] 74240/117454  saved=74240  skipped=0  elapsed=1914s  eta=1114s
  [train] 74560/117454  saved=74560  skipped=0  elapsed=1921s  eta=1105s
  [train] 74880/117454  saved=74880  skipped=0  elapsed=1931s  eta=1098s
  [train] 75200/117454  saved=75200  skipped=0  elapsed=1939s  eta=1089s
  [train] 75520/117454  saved=75520  skipped=0  elapsed=1948s  eta=1082s
  [train] 75840/117454  saved=75840  skipped=0  elapsed=1955s  eta=1073s
  [train] 76160/117454  saved=76160  skipped=0  elapsed=1962s  eta=1064s
  [train] 76480/117454  saved=76480  skipped=0  elapsed=1970s  eta=1055s
  [train] 76800/117454  saved=76800  skipped=0  elapsed=1977s  eta=1047s
  [train] 77120/117454  saved=77120  skipped=0  elapsed=1985s  eta=1038s
  [train] 77440/117454  saved=77440  skipped=0  elapsed=1992s  eta=1029s
  [train] 77760/117454  saved=77760  skipped=0  elapsed=1999s  eta=1021s
  [train] 78080/117454  saved=78080  skipped=0  elapsed=2006s  eta=1012s
  [train] 78400/117454  saved=78400  skipped=0  elapsed=2016s  eta=1004s
  [train] 78720/117454  saved=78720  skipped=0  elapsed=2024s  eta=996s
  [train] 79040/117454  saved=79040  skipped=0  elapsed=2032s  eta=988s
  [train] 79360/117454  saved=79360  skipped=0  elapsed=2040s  eta=979s
  [train] 79680/117454  saved=79680  skipped=0  elapsed=2047s  eta=970s
  [train] 80000/117454  saved=80000  skipped=0  elapsed=2055s  eta=962s
  [train] 80320/117454  saved=80320  skipped=0  elapsed=2064s  eta=954s
  [train] 80640/117454  saved=80640  skipped=0  elapsed=2073s  eta=946s
  [train] 80960/117454  saved=80960  skipped=0  elapsed=2080s  eta=938s
  [train] 81280/117454  saved=81280  skipped=0  elapsed=2088s  eta=929s
  [train] 81600/117454  saved=81600  skipped=0  elapsed=2096s  eta=921s
  [train] 81920/117454  saved=81920  skipped=0  elapsed=2104s  eta=913s
  [train] 82240/117454  saved=82240  skipped=0  elapsed=2114s  eta=905s
  [train] 82560/117454  saved=82560  skipped=0  elapsed=2122s  eta=897s
  [train] 82880/117454  saved=82880  skipped=0  elapsed=2130s  eta=889s
  [train] 83200/117454  saved=83200  skipped=0  elapsed=2138s  eta=880s
  [train] 83520/117454  saved=83520  skipped=0  elapsed=2148s  eta=873s
  [train] 83840/117454  saved=83840  skipped=0  elapsed=2157s  eta=865s
  [train] 84160/117454  saved=84160  skipped=0  elapsed=2165s  eta=857s
  [train] 84480/117454  saved=84480  skipped=0  elapsed=2173s  eta=848s
  [train] 84800/117454  saved=84800  skipped=0  elapsed=2179s  eta=839s
  [train] 85120/117454  saved=85120  skipped=0  elapsed=2190s  eta=832s
  [train] 85440/117454  saved=85440  skipped=0  elapsed=2197s  eta=823s
  [train] 85760/117454  saved=85760  skipped=0  elapsed=2206s  eta=815s
  [train] 86080/117454  saved=86080  skipped=0  elapsed=2215s  eta=807s
  [train] 86400/117454  saved=86400  skipped=0  elapsed=2222s  eta=799s
  [train] 86720/117454  saved=86720  skipped=0  elapsed=2232s  eta=791s
  [train] 87040/117454  saved=87040  skipped=0  elapsed=2241s  eta=783s
  [train] 87360/117454  saved=87360  skipped=0  elapsed=2248s  eta=774s
  [train] 87680/117454  saved=87680  skipped=0  elapsed=2258s  eta=767s
  [train] 88000/117454  saved=88000  skipped=0  elapsed=2268s  eta=759s
  [train] 88320/117454  saved=88320  skipped=0  elapsed=2279s  eta=752s
  [train] 88640/117454  saved=88640  skipped=0  elapsed=2288s  eta=744s
  [train] 88960/117454  saved=88960  skipped=0  elapsed=2296s  eta=735s
  [train] 89280/117454  saved=89280  skipped=0  elapsed=2304s  eta=727s
  [train] 89600/117454  saved=89600  skipped=0  elapsed=2312s  eta=719s
  [train] 89920/117454  saved=89920  skipped=0  elapsed=2321s  eta=711s
  [train] 90240/117454  saved=90240  skipped=0  elapsed=2329s  eta=702s
  [train] 90560/117454  saved=90560  skipped=0  elapsed=2336s  eta=694s
  [train] 90880/117454  saved=90880  skipped=0  elapsed=2343s  eta=685s
  [train] 91200/117454  saved=91200  skipped=0  elapsed=2351s  eta=677s
  [train] 91520/117454  saved=91520  skipped=0  elapsed=2358s  eta=668s
  [train] 91840/117454  saved=91840  skipped=0  elapsed=2365s  eta=660s
  [train] 92160/117454  saved=92160  skipped=0  elapsed=2372s  eta=651s
  [train] 92480/117454  saved=92480  skipped=0  elapsed=2380s  eta=643s
  [train] 92800/117454  saved=92800  skipped=0  elapsed=2387s  eta=634s
  [train] 93120/117454  saved=93120  skipped=0  elapsed=2395s  eta=626s
  [train] 93440/117454  saved=93440  skipped=0  elapsed=2403s  eta=618s
  [train] 93760/117454  saved=93760  skipped=0  elapsed=2413s  eta=610s
  [train] 94080/117454  saved=94080  skipped=0  elapsed=2421s  eta=601s
  [train] 94400/117454  saved=94400  skipped=0  elapsed=2428s  eta=593s
  [train] 94720/117454  saved=94720  skipped=0  elapsed=2438s  eta=585s
  [train] 95040/117454  saved=95040  skipped=0  elapsed=2446s  eta=577s
  [train] 95360/117454  saved=95360  skipped=0  elapsed=2455s  eta=569s
  [train] 95680/117454  saved=95680  skipped=0  elapsed=2465s  eta=561s
  [train] 96000/117454  saved=96000  skipped=0  elapsed=2472s  eta=552s
  [train] 96320/117454  saved=96320  skipped=0  elapsed=2480s  eta=544s
  [train] 96640/117454  saved=96640  skipped=0  elapsed=2491s  eta=536s
  [train] 96960/117454  saved=96960  skipped=0  elapsed=2498s  eta=528s
  [train] 97280/117454  saved=97280  skipped=0  elapsed=2507s  eta=520s
  [train] 97600/117454  saved=97600  skipped=0  elapsed=2515s  eta=512s
  [train] 97920/117454  saved=97920  skipped=0  elapsed=2523s  eta=503s
  [train] 98240/117454  saved=98240  skipped=0  elapsed=2530s  eta=495s
  [train] 98560/117454  saved=98560  skipped=0  elapsed=2538s  eta=486s
  [train] 98880/117454  saved=98880  skipped=0  elapsed=2547s  eta=478s
  [train] 99200/117454  saved=99200  skipped=0  elapsed=2554s  eta=470s
  [train] 99520/117454  saved=99520  skipped=0  elapsed=2563s  eta=462s
  [train] 99840/117454  saved=99840  skipped=0  elapsed=2571s  eta=454s
  [train] 100160/117454  saved=100160  skipped=0  elapsed=2580s  eta=445s
  [train] 100480/117454  saved=100480  skipped=0  elapsed=2592s  eta=438s
  [train] 100800/117454  saved=100800  skipped=0  elapsed=2600s  eta=430s
  [train] 101120/117454  saved=101120  skipped=0  elapsed=2607s  eta=421s
  [train] 101440/117454  saved=101440  skipped=0  elapsed=2615s  eta=413s
  [train] 101760/117454  saved=101760  skipped=0  elapsed=2623s  eta=404s
  [train] 102080/117454  saved=102080  skipped=0  elapsed=2630s  eta=396s
  [train] 102400/117454  saved=102400  skipped=0  elapsed=2637s  eta=388s
  [train] 102720/117454  saved=102720  skipped=0  elapsed=2647s  eta=380s
  [train] 103040/117454  saved=103040  skipped=0  elapsed=2654s  eta=371s
  [train] 103360/117454  saved=103360  skipped=0  elapsed=2663s  eta=363s
  [train] 103680/117454  saved=103680  skipped=0  elapsed=2672s  eta=355s
  [train] 104000/117454  saved=104000  skipped=0  elapsed=2681s  eta=347s
  [train] 104320/117454  saved=104320  skipped=0  elapsed=2691s  eta=339s
  [train] 104640/117454  saved=104640  skipped=0  elapsed=2702s  eta=331s
  [train] 104960/117454  saved=104960  skipped=0  elapsed=2711s  eta=323s
  [train] 105280/117454  saved=105280  skipped=0  elapsed=2720s  eta=314s
  [train] 105600/117454  saved=105600  skipped=0  elapsed=2729s  eta=306s
  [train] 105920/117454  saved=105920  skipped=0  elapsed=2738s  eta=298s
  [train] 106240/117454  saved=106240  skipped=0  elapsed=2746s  eta=290s
  [train] 106560/117454  saved=106560  skipped=0  elapsed=2756s  eta=282s
  [train] 106880/117454  saved=106880  skipped=0  elapsed=2768s  eta=274s
  [train] 107200/117454  saved=107200  skipped=0  elapsed=2778s  eta=266s
  [train] 107520/117454  saved=107520  skipped=0  elapsed=2788s  eta=258s
  [train] 107840/117454  saved=107840  skipped=0  elapsed=2795s  eta=249s
  [train] 108160/117454  saved=108160  skipped=0  elapsed=2806s  eta=241s
  [train] 108480/117454  saved=108480  skipped=0  elapsed=2815s  eta=233s
  [train] 108800/117454  saved=108800  skipped=0  elapsed=2826s  eta=225s
  [train] 109120/117454  saved=109120  skipped=0  elapsed=2835s  eta=217s
  [train] 109440/117454  saved=109440  skipped=0  elapsed=2845s  eta=208s
  [train] 109760/117454  saved=109760  skipped=0  elapsed=2855s  eta=200s
  [train] 110080/117454  saved=110080  skipped=0  elapsed=2867s  eta=192s
  [train] 110400/117454  saved=110400  skipped=0  elapsed=2876s  eta=184s
  [train] 110720/117454  saved=110720  skipped=0  elapsed=2885s  eta=175s
  [train] 111040/117454  saved=111040  skipped=0  elapsed=2900s  eta=167s
  [train] 111360/117454  saved=111360  skipped=0  elapsed=2910s  eta=159s
  [train] 111680/117454  saved=111680  skipped=0  elapsed=2920s  eta=151s
  [train] 112000/117454  saved=112000  skipped=0  elapsed=2930s  eta=143s
  [train] 112320/117454  saved=112320  skipped=0  elapsed=2939s  eta=134s
  [train] 112640/117454  saved=112640  skipped=0  elapsed=2949s  eta=126s
  [train] 112960/117454  saved=112960  skipped=0  elapsed=2958s  eta=118s
  [train] 113280/117454  saved=113280  skipped=0  elapsed=2966s  eta=109s
  [train] 113600/117454  saved=113600  skipped=0  elapsed=2975s  eta=101s
  [train] 113920/117454  saved=113920  skipped=0  elapsed=2985s  eta=93s
  [train] 114240/117454  saved=114240  skipped=0  elapsed=2993s  eta=84s
  [train] 114560/117454  saved=114560  skipped=0  elapsed=3003s  eta=76s
  [train] 114880/117454  saved=114880  skipped=0  elapsed=3014s  eta=68s
  [train] 115200/117454  saved=115200  skipped=0  elapsed=3025s  eta=59s
  [train] 115520/117454  saved=115520  skipped=0  elapsed=3033s  eta=51s
  [train] 115840/117454  saved=115840  skipped=0  elapsed=3042s  eta=42s
  [train] 116160/117454  saved=116160  skipped=0  elapsed=3054s  eta=34s
  [train] 116480/117454  saved=116480  skipped=0  elapsed=3067s  eta=26s
  [train] 116800/117454  saved=116800  skipped=0  elapsed=3076s  eta=17s
  [train] 117120/117454  saved=117120  skipped=0  elapsed=3085s  eta=9s
  [train] 117440/117454  saved=117440  skipped=0  elapsed=3096s  eta=0s
  [train] Done — saved=117454  skipped=0  total_on_disk=117454  time=3096.7s

--- Extracting: dev ---
[INFO] FamousFigures: loaded 16780 samples (subset=all).
  [dev] 320/16780  saved=320  skipped=0  elapsed=8s  eta=413s
  [dev] 640/16780  saved=640  skipped=0  elapsed=17s  eta=425s
  [dev] 960/16780  saved=960  skipped=0  elapsed=23s  eta=379s
  [dev] 1280/16780  saved=1280  skipped=0  elapsed=31s  eta=381s
  [dev] 1600/16780  saved=1600  skipped=0  elapsed=38s  eta=360s
  [dev] 1920/16780  saved=1920  skipped=0  elapsed=48s  eta=372s
  [dev] 2240/16780  saved=2240  skipped=0  elapsed=59s  eta=385s
  [dev] 2560/16780  saved=2560  skipped=0  elapsed=67s  eta=371s
  [dev] 2880/16780  saved=2880  skipped=0  elapsed=74s  eta=359s
  [dev] 3200/16780  saved=3200  skipped=0  elapsed=82s  eta=346s
  [dev] 3520/16780  saved=3520  skipped=0  elapsed=90s  eta=337s
  [dev] 3840/16780  saved=3840  skipped=0  elapsed=97s  eta=327s
  [dev] 4160/16780  saved=4160  skipped=0  elapsed=106s  eta=321s
  [dev] 4480/16780  saved=4480  skipped=0  elapsed=114s  eta=314s
  [dev] 4800/16780  saved=4800  skipped=0  elapsed=122s  eta=306s
  [dev] 5120/16780  saved=5120  skipped=0  elapsed=132s  eta=301s
  [dev] 5440/16780  saved=5440  skipped=0  elapsed=141s  eta=294s
  [dev] 5760/16780  saved=5760  skipped=0  elapsed=149s  eta=284s
  [dev] 6080/16780  saved=6080  skipped=0  elapsed=155s  eta=273s
  [dev] 6400/16780  saved=6400  skipped=0  elapsed=162s  eta=262s
  [dev] 6720/16780  saved=6720  skipped=0  elapsed=169s  eta=253s
  [dev] 7040/16780  saved=7040  skipped=0  elapsed=177s  eta=245s
  [dev] 7360/16780  saved=7360  skipped=0  elapsed=184s  eta=236s
  [dev] 7680/16780  saved=7680  skipped=0  elapsed=191s  eta=227s
  [dev] 8000/16780  saved=8000  skipped=0  elapsed=202s  eta=222s
  [dev] 8320/16780  saved=8320  skipped=0  elapsed=210s  eta=213s
  [dev] 8640/16780  saved=8640  skipped=0  elapsed=219s  eta=206s
  [dev] 8960/16780  saved=8960  skipped=0  elapsed=226s  eta=197s
  [dev] 9280/16780  saved=9280  skipped=0  elapsed=235s  eta=190s
  [dev] 9600/16780  saved=9600  skipped=0  elapsed=243s  eta=182s
  [dev] 9920/16780  saved=9920  skipped=0  elapsed=250s  eta=173s
  [dev] 10240/16780  saved=10240  skipped=0  elapsed=259s  eta=165s
  [dev] 10560/16780  saved=10560  skipped=0  elapsed=271s  eta=160s
  [dev] 10880/16780  saved=10880  skipped=0  elapsed=280s  eta=152s
  [dev] 11200/16780  saved=11200  skipped=0  elapsed=287s  eta=143s
  [dev] 11520/16780  saved=11520  skipped=0  elapsed=300s  eta=137s
  [dev] 11840/16780  saved=11840  skipped=0  elapsed=306s  eta=128s
  [dev] 12160/16780  saved=12160  skipped=0  elapsed=312s  eta=119s
  [dev] 12480/16780  saved=12480  skipped=0  elapsed=319s  eta=110s
  [dev] 12800/16780  saved=12800  skipped=0  elapsed=330s  eta=103s
  [dev] 13120/16780  saved=13120  skipped=0  elapsed=339s  eta=95s
  [dev] 13440/16780  saved=13440  skipped=0  elapsed=347s  eta=86s
  [dev] 13760/16780  saved=13760  skipped=0  elapsed=356s  eta=78s
  [dev] 14080/16780  saved=14080  skipped=0  elapsed=363s  eta=70s
  [dev] 14400/16780  saved=14400  skipped=0  elapsed=371s  eta=61s
  [dev] 14720/16780  saved=14720  skipped=0  elapsed=380s  eta=53s
  [dev] 15040/16780  saved=15040  skipped=0  elapsed=390s  eta=45s
  [dev] 15360/16780  saved=15360  skipped=0  elapsed=398s  eta=37s
  [dev] 15680/16780  saved=15680  skipped=0  elapsed=405s  eta=28s
  [dev] 16000/16780  saved=16000  skipped=0  elapsed=414s  eta=20s
  [dev] 16320/16780  saved=16320  skipped=0  elapsed=426s  eta=12s
  [dev] 16640/16780  saved=16640  skipped=0  elapsed=434s  eta=4s
  [dev] Done — saved=16780  skipped=0  total_on_disk=16780  time=437.4s

--- Extracting: eval ---
[INFO] FamousFigures: loaded 33559 samples (subset=all).
  [eval] 320/33559  saved=320  skipped=0  elapsed=9s  eta=924s
  [eval] 640/33559  saved=640  skipped=0  elapsed=15s  eta=767s
  [eval] 960/33559  saved=960  skipped=0  elapsed=23s  eta=786s
  [eval] 1280/33559  saved=1280  skipped=0  elapsed=29s  eta=736s
  [eval] 1600/33559  saved=1600  skipped=0  elapsed=38s  eta=768s
  [eval] 1920/33559  saved=1920  skipped=0  elapsed=46s  eta=751s
  [eval] 2240/33559  saved=2240  skipped=0  elapsed=54s  eta=754s
  [eval] 2560/33559  saved=2560  skipped=0  elapsed=64s  eta=769s
  [eval] 2880/33559  saved=2880  skipped=0  elapsed=70s  eta=745s
  [eval] 3200/33559  saved=3200  skipped=0  elapsed=79s  eta=751s
  [eval] 3520/33559  saved=3520  skipped=0  elapsed=86s  eta=730s
  [eval] 3840/33559  saved=3840  skipped=0  elapsed=92s  eta=712s
  [eval] 4160/33559  saved=4160  skipped=0  elapsed=102s  eta=721s
  [eval] 4480/33559  saved=4480  skipped=0  elapsed=112s  eta=726s
  [eval] 4800/33559  saved=4800  skipped=0  elapsed=125s  eta=751s
  [eval] 5120/33559  saved=5120  skipped=0  elapsed=135s  eta=747s
  [eval] 5440/33559  saved=5440  skipped=0  elapsed=143s  eta=737s
  [eval] 5760/33559  saved=5760  skipped=0  elapsed=151s  eta=729s
  [eval] 6080/33559  saved=6080  skipped=0  elapsed=161s  eta=726s
  [eval] 6400/33559  saved=6400  skipped=0  elapsed=168s  eta=712s
  [eval] 6720/33559  saved=6720  skipped=0  elapsed=178s  eta=712s
  [eval] 7040/33559  saved=7040  skipped=0  elapsed=188s  eta=709s
  [eval] 7360/33559  saved=7360  skipped=0  elapsed=197s  eta=703s
  [eval] 7680/33559  saved=7680  skipped=0  elapsed=206s  eta=693s
  [eval] 8000/33559  saved=8000  skipped=0  elapsed=213s  eta=680s
  [eval] 8320/33559  saved=8320  skipped=0  elapsed=219s  eta=665s
  [eval] 8640/33559  saved=8640  skipped=0  elapsed=228s  eta=659s
  [eval] 8960/33559  saved=8960  skipped=0  elapsed=237s  eta=650s
  [eval] 9280/33559  saved=9280  skipped=0  elapsed=244s  eta=639s
  [eval] 9600/33559  saved=9600  skipped=0  elapsed=252s  eta=628s
  [eval] 9920/33559  saved=9920  skipped=0  elapsed=259s  eta=616s
  [eval] 10240/33559  saved=10240  skipped=0  elapsed=265s  eta=603s
  [eval] 10560/33559  saved=10560  skipped=0  elapsed=273s  eta=594s
  [eval] 10880/33559  saved=10880  skipped=0  elapsed=280s  eta=583s
  [eval] 11200/33559  saved=11200  skipped=0  elapsed=286s  eta=571s
  [eval] 11520/33559  saved=11520  skipped=0  elapsed=294s  eta=562s
  [eval] 11840/33559  saved=11840  skipped=0  elapsed=302s  eta=555s
  [eval] 12160/33559  saved=12160  skipped=0  elapsed=310s  eta=545s
  [eval] 12480/33559  saved=12480  skipped=0  elapsed=317s  eta=535s
  [eval] 12800/33559  saved=12800  skipped=0  elapsed=325s  eta=526s
  [eval] 13120/33559  saved=13120  skipped=0  elapsed=334s  eta=520s
  [eval] 13440/33559  saved=13440  skipped=0  elapsed=341s  eta=511s
  [eval] 13760/33559  saved=13760  skipped=0  elapsed=350s  eta=503s
  [eval] 14080/33559  saved=14080  skipped=0  elapsed=359s  eta=497s
  [eval] 14400/33559  saved=14400  skipped=0  elapsed=370s  eta=493s
  [eval] 14720/33559  saved=14720  skipped=0  elapsed=377s  eta=483s
  [eval] 15040/33559  saved=15040  skipped=0  elapsed=385s  eta=474s
  [eval] 15360/33559  saved=15360  skipped=0  elapsed=393s  eta=465s
  [eval] 15680/33559  saved=15680  skipped=0  elapsed=399s  eta=455s
  [eval] 16000/33559  saved=16000  skipped=0  elapsed=406s  eta=445s
  [eval] 16320/33559  saved=16320  skipped=0  elapsed=414s  eta=437s
  [eval] 16640/33559  saved=16640  skipped=0  elapsed=422s  eta=429s
  [eval] 16960/33559  saved=16960  skipped=0  elapsed=430s  eta=421s
  [eval] 17280/33559  saved=17280  skipped=0  elapsed=439s  eta=413s
  [eval] 17600/33559  saved=17600  skipped=0  elapsed=448s  eta=406s
  [eval] 17920/33559  saved=17920  skipped=0  elapsed=455s  eta=397s
  [eval] 18240/33559  saved=18240  skipped=0  elapsed=463s  eta=389s
  [eval] 18560/33559  saved=18560  skipped=0  elapsed=470s  eta=380s
  [eval] 18880/33559  saved=18880  skipped=0  elapsed=478s  eta=371s
  [eval] 19200/33559  saved=19200  skipped=0  elapsed=486s  eta=363s
  [eval] 19520/33559  saved=19520  skipped=0  elapsed=492s  eta=354s
  [eval] 19840/33559  saved=19840  skipped=0  elapsed=500s  eta=346s
  [eval] 20160/33559  saved=20160  skipped=0  elapsed=507s  eta=337s
  [eval] 20480/33559  saved=20480  skipped=0  elapsed=516s  eta=330s
  [eval] 20800/33559  saved=20800  skipped=0  elapsed=526s  eta=322s
  [eval] 21120/33559  saved=21120  skipped=0  elapsed=535s  eta=315s
  [eval] 21440/33559  saved=21440  skipped=0  elapsed=545s  eta=308s
  [eval] 21760/33559  saved=21760  skipped=0  elapsed=553s  eta=300s
  [eval] 22080/33559  saved=22080  skipped=0  elapsed=561s  eta=292s
  [eval] 22400/33559  saved=22400  skipped=0  elapsed=568s  eta=283s
  [eval] 22720/33559  saved=22720  skipped=0  elapsed=575s  eta=274s
  [eval] 23040/33559  saved=23040  skipped=0  elapsed=583s  eta=266s
  [eval] 23360/33559  saved=23360  skipped=0  elapsed=592s  eta=258s
  [eval] 23680/33559  saved=23680  skipped=0  elapsed=600s  eta=251s
  [eval] 24000/33559  saved=24000  skipped=0  elapsed=608s  eta=242s
  [eval] 24320/33559  saved=24320  skipped=0  elapsed=615s  eta=234s
  [eval] 24640/33559  saved=24640  skipped=0  elapsed=622s  eta=225s
  [eval] 24960/33559  saved=24960  skipped=0  elapsed=632s  eta=218s
  [eval] 25280/33559  saved=25280  skipped=0  elapsed=640s  eta=210s
  [eval] 25600/33559  saved=25600  skipped=0  elapsed=651s  eta=202s
  [eval] 25920/33559  saved=25920  skipped=0  elapsed=658s  eta=194s
  [eval] 26240/33559  saved=26240  skipped=0  elapsed=666s  eta=186s
  [eval] 26560/33559  saved=26560  skipped=0  elapsed=673s  eta=177s
  [eval] 26880/33559  saved=26880  skipped=0  elapsed=681s  eta=169s
  [eval] 27200/33559  saved=27200  skipped=0  elapsed=688s  eta=161s
  [eval] 27520/33559  saved=27520  skipped=0  elapsed=698s  eta=153s
  [eval] 27840/33559  saved=27840  skipped=0  elapsed=705s  eta=145s
  [eval] 28160/33559  saved=28160  skipped=0  elapsed=716s  eta=137s
  [eval] 28480/33559  saved=28480  skipped=0  elapsed=725s  eta=129s
  [eval] 28800/33559  saved=28800  skipped=0  elapsed=733s  eta=121s
  [eval] 29120/33559  saved=29120  skipped=0  elapsed=739s  eta=113s
  [eval] 29440/33559  saved=29440  skipped=0  elapsed=746s  eta=104s
  [eval] 29760/33559  saved=29760  skipped=0  elapsed=753s  eta=96s
  [eval] 30080/33559  saved=30080  skipped=0  elapsed=762s  eta=88s
  [eval] 30400/33559  saved=30400  skipped=0  elapsed=769s  eta=80s
  [eval] 30720/33559  saved=30720  skipped=0  elapsed=778s  eta=72s
  [eval] 31040/33559  saved=31040  skipped=0  elapsed=787s  eta=64s
  [eval] 31360/33559  saved=31360  skipped=0  elapsed=796s  eta=56s
  [eval] 31680/33559  saved=31680  skipped=0  elapsed=805s  eta=48s
  [eval] 32000/33559  saved=32000  skipped=0  elapsed=813s  eta=40s
  [eval] 32320/33559  saved=32320  skipped=0  elapsed=821s  eta=31s
  [eval] 32640/33559  saved=32640  skipped=0  elapsed=828s  eta=23s
  [eval] 32960/33559  saved=32960  skipped=0  elapsed=836s  eta=15s
  [eval] 33280/33559  saved=33280  skipped=0  elapsed=844s  eta=7s
  [eval] Done — saved=33559  skipped=0  total_on_disk=33559  time=854.3s

All splits extracted successfully.
Cache layout:
  /scratch/hafiz_root/hafiz1/jsudan/encoder_embeddings/speaker_specific_finetune_embeddings/famousfigures/cache_Barack_Obama/train/  *.pt
  /scratch/hafiz_root/hafiz1/jsudan/encoder_embeddings/speaker_specific_finetune_embeddings/famousfigures/cache_Barack_Obama/dev/  *.pt
  /scratch/hafiz_root/hafiz1/jsudan/encoder_embeddings/speaker_specific_finetune_embeddings/famousfigures/cache_Barack_Obama/eval/  *.pt
[STEP 0] Done. XLSR cache: /scratch/hafiz_root/hafiz1/jsudan/encoder_embeddings/speaker_specific_finetune_embeddings/famousfigures/cache_Barack_Obama

[STEP 1] Training projection head (Stage 1)...
[2026-03-18T13:10:40.007] error: *** JOB 45503403 ON gl1500 CANCELLED AT 2026-03-18T13:10:40 DUE TO TIME LIMIT ***
