Setting up the environment...
Job started on gl3058.arc-ts.umich.edu at Wed Jan  7 16:27:53 EST 2026
Python version: Python 3.9.7
PyTorch version: 2.8.0+cu128
CUDA available: False
/var/spool/slurmd.spool/job39458037/slurm_script: line 33: nvidia-smi: command not found
Current GPU: 
----------------------------------------------------------------
EXPERIMENT NAME: supcon_geodesic_temp_0.03
Using BATCH_SIZE=32
Using device: cpu
Loading Stage-2 checkpoint from: checkpoints_stage2/supcon_geodesic_temp_0.03/facebook/wav2vec2-xls-r-300m/stage2_binary_head_best.pt
Loaded Stage-2 head: type=linear, in_dim=256, hidden_dim=128, dropout=0.2
Loading embeddings from: /scratch/hafiz_root/hafiz1/jsudan/encoder_embeddings/stage1_embeddings/ASV/supcon_geodesic_temp_0.03/eval_embeddings.npy
Total samples: 71237, emb_dim=256
Writing scores to: /home/jsudan/wav2vec_contr_loss/scores/supcon_geodesic_temp_0.03/facebook/wav2vec2-xls-r-300m/score_cm_eval.txt
Scoring asv_eval:   0%|          | 0/279 [00:00<?, ?it/s]Scoring asv_eval:  81%|████████  | 225/279 [00:00<00:00, 2241.44it/s]Scoring asv_eval: 100%|██████████| 279/279 [00:00<00:00, 2282.19it/s]
Done writing scores: /home/jsudan/wav2vec_contr_loss/scores/supcon_geodesic_temp_0.03/facebook/wav2vec2-xls-r-300m/score_cm_eval.txt
Loading embeddings from: /scratch/hafiz_root/hafiz1/jsudan/encoder_embeddings/stage1_embeddings/ITW/supcon_geodesic_temp_0.03/itw_embeddings.npy
Total samples: 31779, emb_dim=256
Writing scores to: /home/jsudan/wav2vec_contr_loss/scores/supcon_geodesic_temp_0.03/facebook/wav2vec2-xls-r-300m/score_cm_itw.txt
Scoring itw:   0%|          | 0/125 [00:00<?, ?it/s]Scoring itw: 100%|██████████| 125/125 [00:00<00:00, 2534.70it/s]
Done writing scores: /home/jsudan/wav2vec_contr_loss/scores/supcon_geodesic_temp_0.03/facebook/wav2vec2-xls-r-300m/score_cm_itw.txt
All requested score files handled (generated or skipped).
----------------------------------------------------------------
EER summary:
Traceback (most recent call last):
  File "<stdin>", line 6, in <module>
  File "/home/jsudan/wav2vec_contr_loss/evaluation.py", line 13, in calculate_EER
    cm_data = np.genfromtxt(cm_scores_file, dtype=str)
  File "/home/jsudan/myenv/lib/python3.9/site-packages/numpy/lib/npyio.py", line 1980, in genfromtxt
    fid = np.lib._datasource.open(fname, 'rt', encoding=encoding)
  File "/home/jsudan/myenv/lib/python3.9/site-packages/numpy/lib/_datasource.py", line 193, in open
    return ds.open(path, mode, encoding=encoding, newline=newline)
  File "/home/jsudan/myenv/lib/python3.9/site-packages/numpy/lib/_datasource.py", line 533, in open
    raise FileNotFoundError(f"{path} not found.")
FileNotFoundError: ${SCORE_ASV} not found.
----------------------------------------------------------------
Training script finished.
Job finished at: Wed Jan  7 16:28:03 EST 2026
