Setting up the environment...
Job started on gl1509.arc-ts.umich.edu at Sun Jan 11 15:30:57 EST 2026
Python version: Python 3.9.7
PyTorch version: 2.8.0+cu128
CUDA available: True
Current GPU: NVIDIA A40
----------------------------------------------------------------
EXPERIMENT NAME: supcon_temp_0.6
Using BATCH_SIZE=32
/home/jsudan/myenv/lib/python3.9/site-packages/torch/utils/data/dataloader.py:627: UserWarning: This DataLoader will create 4 worker processes in total. Our suggested max number of worker in current system is 2, which is smaller than what this DataLoader is going to create. Please be aware that excessive worker creation might get DataLoader running slow or even freeze, lower the worker number to avoid potential slowness/freeze if necessary.
  warnings.warn(
Using device: cuda
Model: facebook/wav2vec2-xls-r-300m
Checkpoint: /scratch/hafiz_root/hafiz1/jsudan/wav2vec_contr_loss/checkpoints_stage1/supcon_temp_0.6/facebook__wav2vec2-xls-r-300m/facebook__wav2vec2-xls-r-300m_stage1_head_best.pt
Saving to: /home/jsudan/wav2vec_contr_loss/plots/dep_embeddings/ASV/supcon_temp_0.6/facebook__wav2vec2-xls-r-300m
Loaded finetuned encoder weights from checkpoint.
Collecting embeddings on eval set...
Traceback (most recent call last):
  File "/home/jsudan/wav2vec_contr_loss/plot_stage1_umap_asv.py", line 321, in <module>
    main()
  File "/home/jsudan/wav2vec_contr_loss/plot_stage1_umap_asv.py", line 213, in main
    hs_4d = encoder(waveforms, attention_mask=attn_mask)
  File "/home/jsudan/myenv/lib/python3.9/site-packages/torch/nn/modules/module.py", line 1773, in _wrapped_call_impl
    return self._call_impl(*args, **kwargs)
  File "/home/jsudan/myenv/lib/python3.9/site-packages/torch/nn/modules/module.py", line 1784, in _call_impl
    return forward_call(*args, **kwargs)
  File "/home/jsudan/wav2vec_contr_loss/encoder.py", line 55, in forward
    hidden_states = self._forward_frozen(waveforms, attention_mask)
  File "/home/jsudan/myenv/lib/python3.9/site-packages/torch/utils/_contextlib.py", line 120, in decorate_context
    return func(*args, **kwargs)
  File "/home/jsudan/wav2vec_contr_loss/encoder.py", line 34, in _forward_frozen
    out = self.model(
  File "/home/jsudan/myenv/lib/python3.9/site-packages/torch/nn/modules/module.py", line 1773, in _wrapped_call_impl
    return self._call_impl(*args, **kwargs)
  File "/home/jsudan/myenv/lib/python3.9/site-packages/torch/nn/modules/module.py", line 1784, in _call_impl
    return forward_call(*args, **kwargs)
  File "/home/jsudan/myenv/lib/python3.9/site-packages/transformers/models/wav2vec2/modeling_wav2vec2.py", line 1453, in forward
    extract_features = self.feature_extractor(input_values)
  File "/home/jsudan/myenv/lib/python3.9/site-packages/torch/nn/modules/module.py", line 1773, in _wrapped_call_impl
    return self._call_impl(*args, **kwargs)
  File "/home/jsudan/myenv/lib/python3.9/site-packages/torch/nn/modules/module.py", line 1784, in _call_impl
    return forward_call(*args, **kwargs)
  File "/home/jsudan/myenv/lib/python3.9/site-packages/transformers/models/wav2vec2/modeling_wav2vec2.py", line 431, in forward
    hidden_states = conv_layer(hidden_states)
  File "/home/jsudan/myenv/lib/python3.9/site-packages/transformers/modeling_layers.py", line 93, in __call__
    return super().__call__(*args, **kwargs)
  File "/home/jsudan/myenv/lib/python3.9/site-packages/torch/nn/modules/module.py", line 1773, in _wrapped_call_impl
    return self._call_impl(*args, **kwargs)
  File "/home/jsudan/myenv/lib/python3.9/site-packages/torch/nn/modules/module.py", line 1784, in _call_impl
    return forward_call(*args, **kwargs)
  File "/home/jsudan/myenv/lib/python3.9/site-packages/transformers/models/wav2vec2/modeling_wav2vec2.py", line 309, in forward
    hidden_states = self.layer_norm(hidden_states)
  File "/home/jsudan/myenv/lib/python3.9/site-packages/torch/nn/modules/module.py", line 1773, in _wrapped_call_impl
    return self._call_impl(*args, **kwargs)
  File "/home/jsudan/myenv/lib/python3.9/site-packages/torch/nn/modules/module.py", line 1784, in _call_impl
    return forward_call(*args, **kwargs)
  File "/home/jsudan/myenv/lib/python3.9/site-packages/torch/nn/modules/normalization.py", line 217, in forward
    return F.layer_norm(
  File "/home/jsudan/myenv/lib/python3.9/site-packages/torch/nn/functional.py", line 2905, in layer_norm
    return torch.layer_norm(
torch.OutOfMemoryError: CUDA out of memory. Tried to allocate 8.54 GiB. GPU 0 has a total capacity of 44.42 GiB of which 7.61 GiB is free. Including non-PyTorch memory, this process has 36.81 GiB memory in use. Of the allocated memory 26.44 GiB is allocated by PyTorch, and 10.06 GiB is reserved by PyTorch but unallocated. If reserved but unallocated memory is large try setting PYTORCH_CUDA_ALLOC_CONF=expandable_segments:True to avoid fragmentation.  See documentation for Memory Management  (https://pytorch.org/docs/stable/notes/cuda.html#environment-variables)
/home/jsudan/myenv/lib/python3.9/site-packages/torch/utils/data/dataloader.py:627: UserWarning: This DataLoader will create 4 worker processes in total. Our suggested max number of worker in current system is 2, which is smaller than what this DataLoader is going to create. Please be aware that excessive worker creation might get DataLoader running slow or even freeze, lower the worker number to avoid potential slowness/freeze if necessary.
  warnings.warn(
Using device: cuda
Model: facebook/wav2vec2-xls-r-300m
Checkpoint: /scratch/hafiz_root/hafiz1/jsudan/wav2vec_contr_loss/checkpoints_stage1/supcon_temp_0.6/facebook__wav2vec2-xls-r-300m/facebook__wav2vec2-xls-r-300m_stage1_head_best.pt
Saving to: /home/jsudan/wav2vec_contr_loss/plots/dep_embeddings/ITW/supcon_temp_0.6/facebook__wav2vec2-xls-r-300m
Loaded finetuned encoder weights from checkpoint.
Collecting embeddings on ITW set...
Traceback (most recent call last):
  File "/home/jsudan/wav2vec_contr_loss/plot_stage1_umap_itw.py", line 320, in <module>
    main()
  File "/home/jsudan/wav2vec_contr_loss/plot_stage1_umap_itw.py", line 208, in main
    hs_4d = encoder(waveforms, attention_mask=attn_mask)
  File "/home/jsudan/myenv/lib/python3.9/site-packages/torch/nn/modules/module.py", line 1773, in _wrapped_call_impl
    return self._call_impl(*args, **kwargs)
  File "/home/jsudan/myenv/lib/python3.9/site-packages/torch/nn/modules/module.py", line 1784, in _call_impl
    return forward_call(*args, **kwargs)
  File "/home/jsudan/wav2vec_contr_loss/encoder.py", line 55, in forward
    hidden_states = self._forward_frozen(waveforms, attention_mask)
  File "/home/jsudan/myenv/lib/python3.9/site-packages/torch/utils/_contextlib.py", line 120, in decorate_context
    return func(*args, **kwargs)
  File "/home/jsudan/wav2vec_contr_loss/encoder.py", line 34, in _forward_frozen
    out = self.model(
  File "/home/jsudan/myenv/lib/python3.9/site-packages/torch/nn/modules/module.py", line 1773, in _wrapped_call_impl
    return self._call_impl(*args, **kwargs)
  File "/home/jsudan/myenv/lib/python3.9/site-packages/torch/nn/modules/module.py", line 1784, in _call_impl
    return forward_call(*args, **kwargs)
  File "/home/jsudan/myenv/lib/python3.9/site-packages/transformers/models/wav2vec2/modeling_wav2vec2.py", line 1453, in forward
    extract_features = self.feature_extractor(input_values)
  File "/home/jsudan/myenv/lib/python3.9/site-packages/torch/nn/modules/module.py", line 1773, in _wrapped_call_impl
    return self._call_impl(*args, **kwargs)
  File "/home/jsudan/myenv/lib/python3.9/site-packages/torch/nn/modules/module.py", line 1784, in _call_impl
    return forward_call(*args, **kwargs)
  File "/home/jsudan/myenv/lib/python3.9/site-packages/transformers/models/wav2vec2/modeling_wav2vec2.py", line 431, in forward
    hidden_states = conv_layer(hidden_states)
  File "/home/jsudan/myenv/lib/python3.9/site-packages/transformers/modeling_layers.py", line 93, in __call__
    return super().__call__(*args, **kwargs)
  File "/home/jsudan/myenv/lib/python3.9/site-packages/torch/nn/modules/module.py", line 1773, in _wrapped_call_impl
    return self._call_impl(*args, **kwargs)
  File "/home/jsudan/myenv/lib/python3.9/site-packages/torch/nn/modules/module.py", line 1784, in _call_impl
    return forward_call(*args, **kwargs)
  File "/home/jsudan/myenv/lib/python3.9/site-packages/transformers/models/wav2vec2/modeling_wav2vec2.py", line 309, in forward
    hidden_states = self.layer_norm(hidden_states)
  File "/home/jsudan/myenv/lib/python3.9/site-packages/torch/nn/modules/module.py", line 1773, in _wrapped_call_impl
    return self._call_impl(*args, **kwargs)
  File "/home/jsudan/myenv/lib/python3.9/site-packages/torch/nn/modules/module.py", line 1784, in _call_impl
    return forward_call(*args, **kwargs)
  File "/home/jsudan/myenv/lib/python3.9/site-packages/torch/nn/modules/normalization.py", line 217, in forward
    return F.layer_norm(
  File "/home/jsudan/myenv/lib/python3.9/site-packages/torch/nn/functional.py", line 2905, in layer_norm
    return torch.layer_norm(
torch.OutOfMemoryError: CUDA out of memory. Tried to allocate 10.96 GiB. GPU 0 has a total capacity of 44.42 GiB of which 10.01 GiB is free. Including non-PyTorch memory, this process has 34.40 GiB memory in use. Of the allocated memory 21.72 GiB is allocated by PyTorch, and 12.37 GiB is reserved by PyTorch but unallocated. If reserved but unallocated memory is large try setting PYTORCH_CUDA_ALLOC_CONF=expandable_segments:True to avoid fragmentation.  See documentation for Memory Management  (https://pytorch.org/docs/stable/notes/cuda.html#environment-variables)
----------------------------------------------------------------
Training script finished.
Job finished at: Sun Jan 11 15:32:32 EST 2026
