Setting up the environment...
Job started on gl1529.arc-ts.umich.edu at Sat Feb 28 22:13:15 EST 2026
Python version: Python 3.9.7
PyTorch version: 2.8.0+cu128
CUDA available: True
Current GPU: NVIDIA A40
----------------------------------------------------------------
EXPERIMENT NAME: supcon_temp_0.3
USE_QUEUE=1
QUEUE_SIZE=16384
ACCUM_STEPS=1
CENTER_BEFORE_NORM=0
GLOBAL_CENTER=0
Detected NUM_GPUS=1
Using BATCH_SIZE=32
Using device: cuda
Model: facebook/wav2vec2-xls-r-300m
Checkpoint: /scratch/hafiz_root/hafiz1/jsudan/wav2vec_contr_loss/checkpoints_stage1/supcon_temp_0.3/wav2vec2-xls-r-300m_stage1_head_best.pt
Saving to: /home/jsudan/wav2vec_contr_loss/plots/dep_embeddings/ASV/supcon_temp_0.3/facebook__wav2vec2-xls-r-300m
Loaded finetuned encoder weights from checkpoint.
Collecting embeddings on eval set...
  Processed 1280 samples...
  Processed 2560 samples...
  Processed 3840 samples...
  Processed 5120 samples...
  Processed 6400 samples...
  Processed 7680 samples...
  Processed 8960 samples...
  Processed 10240 samples...
  Processed 11520 samples...
  Processed 12800 samples...
  Processed 14080 samples...
  Processed 15360 samples...
  Processed 16640 samples...
  Processed 17920 samples...
  Processed 19200 samples...
  Processed 20480 samples...
  Processed 21760 samples...
  Processed 23040 samples...
  Processed 24320 samples...
  Processed 25600 samples...
  Processed 26880 samples...
  Processed 28160 samples...
  Processed 29440 samples...
  Processed 30720 samples...
  Processed 32000 samples...
  Processed 33280 samples...
  Processed 34560 samples...
  Processed 35840 samples...
  Processed 37120 samples...
  Processed 38400 samples...
  Processed 39680 samples...
  Processed 40960 samples...
  Processed 42240 samples...
  Processed 43520 samples...
  Processed 44800 samples...
  Processed 46080 samples...
  Processed 47360 samples...
  Processed 48640 samples...
  Processed 49920 samples...
  Processed 51200 samples...
  Processed 52480 samples...
  Processed 53760 samples...
  Processed 55040 samples...
  Processed 56320 samples...
  Processed 57600 samples...
  Processed 58880 samples...
  Processed 60160 samples...
  Processed 61440 samples...
  Processed 62720 samples...
  Processed 64000 samples...
  Processed 65280 samples...
  Processed 66560 samples...
  Processed 67840 samples...
  Processed 69120 samples...
  Processed 70400 samples...
Total eval embeddings: 71237 (dim=256)
Running t-SNE...
Saving PNG plot...
Saved PNG: /home/jsudan/wav2vec_contr_loss/plots/dep_embeddings/ASV/supcon_temp_0.3/facebook__wav2vec2-xls-r-300m/stage1_umap_eval_by_attack.png
Saving interactive HTML plot...
Saved HTML: /home/jsudan/wav2vec_contr_loss/plots/dep_embeddings/ASV/supcon_temp_0.3/facebook__wav2vec2-xls-r-300m/stage1_umap_eval_by_attack.html
Done.
Using device: cuda
Model: facebook/wav2vec2-xls-r-300m
Checkpoint: /scratch/hafiz_root/hafiz1/jsudan/wav2vec_contr_loss/checkpoints_stage1/supcon_temp_0.3/wav2vec2-xls-r-300m_stage1_head_best.pt
Saving to: /home/jsudan/wav2vec_contr_loss/plots/dep_embeddings/ITW/supcon_temp_0.3/facebook__wav2vec2-xls-r-300m
Traceback (most recent call last):
  File "/home/jsudan/myenv/lib/python3.9/site-packages/pandas/core/indexes/base.py", line 3812, in get_loc
    return self._engine.get_loc(casted_key)
  File "pandas/_libs/index.pyx", line 167, in pandas._libs.index.IndexEngine.get_loc
  File "pandas/_libs/index.pyx", line 196, in pandas._libs.index.IndexEngine.get_loc
  File "pandas/_libs/hashtable_class_helper.pxi", line 7088, in pandas._libs.hashtable.PyObjectHashTable.get_item
  File "pandas/_libs/hashtable_class_helper.pxi", line 7096, in pandas._libs.hashtable.PyObjectHashTable.get_item
KeyError: 'label'

The above exception was the direct cause of the following exception:

Traceback (most recent call last):
  File "/home/jsudan/wav2vec_contr_loss/plot_stage1_umap_itw.py", line 348, in <module>
    main()
  File "/home/jsudan/wav2vec_contr_loss/plot_stage1_umap_itw.py", line 164, in main
    itw_ds = InTheWildDataset(
  File "/home/jsudan/wav2vec_contr_loss/data_loader.py", line 827, in __init__
    protocol_df['label'] = protocol_df['label'].replace('bona-fide', 'bonafide')
  File "/home/jsudan/myenv/lib/python3.9/site-packages/pandas/core/frame.py", line 4107, in __getitem__
    indexer = self.columns.get_loc(key)
  File "/home/jsudan/myenv/lib/python3.9/site-packages/pandas/core/indexes/base.py", line 3819, in get_loc
    raise KeyError(key) from err
KeyError: 'label'
----------------------------------------------------------------
ASV19 pipeline finished at: Sat Feb 28 22:33:56 EST 2026
