Setting up the environment...
Job started on gl1526.arc-ts.umich.edu at Mon Jan 12 18:13:25 EST 2026
Python version: Python 3.9.7
PyTorch version: 2.8.0+cu128
CUDA available: True
Current GPU: NVIDIA A40
NVIDIA A40
----------------------------------------------------------------
EXPERIMENT NAME: windowed_loader_supcon_temp_0.6
Using BATCH_SIZE=32
W0112 18:13:31.429752 3818793 torch/distributed/run.py:774] 
W0112 18:13:31.429752 3818793 torch/distributed/run.py:774] *****************************************
W0112 18:13:31.429752 3818793 torch/distributed/run.py:774] Setting OMP_NUM_THREADS environment variable for each process to be 1 in default, to avoid your system being overloaded, please further tune the variable for optimal performance in your application as needed. 
W0112 18:13:31.429752 3818793 torch/distributed/run.py:774] *****************************************
Traceback (most recent call last):
  File "/home/jsudan/myenv/bin/torchrun", line 7, in <module>
    sys.exit(main())
  File "/home/jsudan/myenv/lib/python3.9/site-packages/torch/distributed/elastic/multiprocessing/errors/__init__.py", line 357, in wrapper
    return f(*args, **kwargs)
  File "/home/jsudan/myenv/lib/python3.9/site-packages/torch/distributed/run.py", line 901, in main
    run(args)
  File "/home/jsudan/myenv/lib/python3.9/site-packages/torch/distributed/run.py", line 892, in run
    elastic_launch(
  File "/home/jsudan/myenv/lib/python3.9/site-packages/torch/distributed/launcher/api.py", line 143, in __call__
    return launch_agent(self._config, self._entrypoint, list(args))
  File "/home/jsudan/myenv/lib/python3.9/site-packages/torch/distributed/launcher/api.py", line 268, in launch_agent
    result = agent.run()
  File "/home/jsudan/myenv/lib/python3.9/site-packages/torch/distributed/elastic/metrics/api.py", line 138, in wrapper
    result = f(*args, **kwargs)
  File "/home/jsudan/myenv/lib/python3.9/site-packages/torch/distributed/elastic/agent/server/api.py", line 715, in run
    result = self._invoke_run(role)
  File "/home/jsudan/myenv/lib/python3.9/site-packages/torch/distributed/elastic/agent/server/api.py", line 873, in _invoke_run
    self._initialize_workers(self._worker_group)
  File "/home/jsudan/myenv/lib/python3.9/site-packages/torch/distributed/elastic/metrics/api.py", line 138, in wrapper
    result = f(*args, **kwargs)
  File "/home/jsudan/myenv/lib/python3.9/site-packages/torch/distributed/elastic/agent/server/api.py", line 683, in _initialize_workers
    self._rendezvous(worker_group)
  File "/home/jsudan/myenv/lib/python3.9/site-packages/torch/distributed/elastic/metrics/api.py", line 138, in wrapper
    result = f(*args, **kwargs)
  File "/home/jsudan/myenv/lib/python3.9/site-packages/torch/distributed/elastic/agent/server/api.py", line 498, in _rendezvous
    rdzv_info = spec.rdzv_handler.next_rendezvous()
  File "/home/jsudan/myenv/lib/python3.9/site-packages/torch/distributed/elastic/rendezvous/static_tcp_rendezvous.py", line 67, in next_rendezvous
    self._store = TCPStore(  # type: ignore[call-arg]
torch.distributed.DistNetworkError: The server socket has failed to listen on any local network address. port: 29500, useIpv6: false, code: -98, name: EADDRINUSE, message: address already in use
[ERROR] Stage-1 checkpoint not found: /scratch/hafiz_root/hafiz1/jsudan/wav2vec_contr_loss/checkpoints_stage1/windowed_loader_supcon_temp_0.6/facebook__wav2vec2-xls-r-300m/facebook__wav2vec2-xls-r-300m_stage1_head_best.pt
