Job started on gl1515.arc-ts.umich.edu at Sun Mar  1 14:31:02 EST 2026
------------------------------------------------
===============================================
Running plots for: supcon_temp_0.3
===============================================
Using device: cuda
Model: facebook/wav2vec2-xls-r-300m
Checkpoint: /scratch/hafiz_root/hafiz1/jsudan/wav2vec_contr_loss/checkpoints_stage1/supcon_temp_0.3/wav2vec2-xls-r-300m_stage1_head_best.pt
Saving to: /home/jsudan/wav2vec_contr_loss/plots/dep_embeddings/ITW/supcon_temp_0.3/facebook__wav2vec2-xls-r-300m
Loaded finetuned encoder weights from checkpoint.
Collecting embeddings on ITW set...
  Processed 1280 samples...
  Processed 2560 samples...
  Processed 3840 samples...
  Processed 5120 samples...
  Processed 6400 samples...
  Processed 7680 samples...
  Processed 8960 samples...
  Processed 10240 samples...
  Processed 11520 samples...
  Processed 12800 samples...
  Processed 14080 samples...
  Processed 15360 samples...
  Processed 16640 samples...
  Processed 17920 samples...
  Processed 19200 samples...
  Processed 20480 samples...
  Processed 21760 samples...
  Processed 23040 samples...
  Processed 24320 samples...
  Processed 25600 samples...
  Processed 26880 samples...
  Processed 28160 samples...
  Processed 29440 samples...
  Processed 30720 samples...
Total ITW embeddings: 31767 (dim=256)
Running t-SNE...
Saving PNG plot...
Saved PNG: /home/jsudan/wav2vec_contr_loss/plots/dep_embeddings/ITW/supcon_temp_0.3/facebook__wav2vec2-xls-r-300m/stage1_umap_itw_real_vs_spoof.png
Saving interactive HTML plot...
Saved HTML: /home/jsudan/wav2vec_contr_loss/plots/dep_embeddings/ITW/supcon_temp_0.3/facebook__wav2vec2-xls-r-300m/stage1_umap_itw_real_vs_spoof.html
Done.
===============================================
Running plots for: supcon_geodesic_temp_0.07
===============================================
Using device: cuda
Model: facebook/wav2vec2-xls-r-300m
Checkpoint: /scratch/hafiz_root/hafiz1/jsudan/wav2vec_contr_loss/checkpoints_stage1/supcon_geodesic_temp_0.07/wav2vec2-xls-r-300m_stage1_head_best.pt
Saving to: /home/jsudan/wav2vec_contr_loss/plots/dep_embeddings/ITW/supcon_geodesic_temp_0.07/facebook__wav2vec2-xls-r-300m
Loaded finetuned encoder weights from checkpoint.
Collecting embeddings on ITW set...
  Processed 1280 samples...
  Processed 2560 samples...
  Processed 3840 samples...
  Processed 5120 samples...
  Processed 6400 samples...
  Processed 7680 samples...
  Processed 8960 samples...
  Processed 10240 samples...
  Processed 11520 samples...
  Processed 12800 samples...
  Processed 14080 samples...
  Processed 15360 samples...
  Processed 16640 samples...
  Processed 17920 samples...
  Processed 19200 samples...
  Processed 20480 samples...
  Processed 21760 samples...
  Processed 23040 samples...
  Processed 24320 samples...
  Processed 25600 samples...
  Processed 26880 samples...
  Processed 28160 samples...
  Processed 29440 samples...
  Processed 30720 samples...
Total ITW embeddings: 31767 (dim=256)
Running t-SNE...
Saving PNG plot...
Saved PNG: /home/jsudan/wav2vec_contr_loss/plots/dep_embeddings/ITW/supcon_geodesic_temp_0.07/facebook__wav2vec2-xls-r-300m/stage1_umap_itw_real_vs_spoof.png
Saving interactive HTML plot...
Saved HTML: /home/jsudan/wav2vec_contr_loss/plots/dep_embeddings/ITW/supcon_geodesic_temp_0.07/facebook__wav2vec2-xls-r-300m/stage1_umap_itw_real_vs_spoof.html
Done.
===============================================
Running plots for: mem_256_supcon_temp_0.3
===============================================
Using device: cuda
Model: facebook/wav2vec2-xls-r-300m
Checkpoint: /scratch/hafiz_root/hafiz1/jsudan/wav2vec_contr_loss/checkpoints_stage1/mem_256_supcon_temp_0.3/wav2vec2-xls-r-300m_stage1_head_best.pt
Saving to: /home/jsudan/wav2vec_contr_loss/plots/dep_embeddings/ITW/mem_256_supcon_temp_0.3/facebook__wav2vec2-xls-r-300m
Loaded finetuned encoder weights from checkpoint.
Collecting embeddings on ITW set...
  Processed 1280 samples...
  Processed 2560 samples...
  Processed 3840 samples...
  Processed 5120 samples...
  Processed 6400 samples...
  Processed 7680 samples...
  Processed 8960 samples...
  Processed 10240 samples...
  Processed 11520 samples...
  Processed 12800 samples...
  Processed 14080 samples...
  Processed 15360 samples...
  Processed 16640 samples...
  Processed 17920 samples...
  Processed 19200 samples...
  Processed 20480 samples...
  Processed 21760 samples...
  Processed 23040 samples...
  Processed 24320 samples...
  Processed 25600 samples...
  Processed 26880 samples...
  Processed 28160 samples...
  Processed 29440 samples...
  Processed 30720 samples...
Total ITW embeddings: 31767 (dim=256)
Running t-SNE...
Saving PNG plot...
Saved PNG: /home/jsudan/wav2vec_contr_loss/plots/dep_embeddings/ITW/mem_256_supcon_temp_0.3/facebook__wav2vec2-xls-r-300m/stage1_umap_itw_real_vs_spoof.png
Saving interactive HTML plot...
Saved HTML: /home/jsudan/wav2vec_contr_loss/plots/dep_embeddings/ITW/mem_256_supcon_temp_0.3/facebook__wav2vec2-xls-r-300m/stage1_umap_itw_real_vs_spoof.html
Done.
===============================================
Running plots for: mem_256_supcon_geodesic_temp_0.07
===============================================
Using device: cuda
Model: facebook/wav2vec2-xls-r-300m
Checkpoint: /scratch/hafiz_root/hafiz1/jsudan/wav2vec_contr_loss/checkpoints_stage1/mem_256_supcon_geodesic_temp_0.07/wav2vec2-xls-r-300m_stage1_head_best.pt
Saving to: /home/jsudan/wav2vec_contr_loss/plots/dep_embeddings/ITW/mem_256_supcon_geodesic_temp_0.07/facebook__wav2vec2-xls-r-300m
Loaded finetuned encoder weights from checkpoint.
Collecting embeddings on ITW set...
  Processed 1280 samples...
  Processed 2560 samples...
  Processed 3840 samples...
  Processed 5120 samples...
  Processed 6400 samples...
  Processed 7680 samples...
  Processed 8960 samples...
  Processed 10240 samples...
  Processed 11520 samples...
  Processed 12800 samples...
  Processed 14080 samples...
  Processed 15360 samples...
  Processed 16640 samples...
  Processed 17920 samples...
  Processed 19200 samples...
  Processed 20480 samples...
  Processed 21760 samples...
  Processed 23040 samples...
  Processed 24320 samples...
  Processed 25600 samples...
  Processed 26880 samples...
  Processed 28160 samples...
  Processed 29440 samples...
  Processed 30720 samples...
Total ITW embeddings: 31767 (dim=256)
Running t-SNE...
Saving PNG plot...
Saved PNG: /home/jsudan/wav2vec_contr_loss/plots/dep_embeddings/ITW/mem_256_supcon_geodesic_temp_0.07/facebook__wav2vec2-xls-r-300m/stage1_umap_itw_real_vs_spoof.png
Saving interactive HTML plot...
Saved HTML: /home/jsudan/wav2vec_contr_loss/plots/dep_embeddings/ITW/mem_256_supcon_geodesic_temp_0.07/facebook__wav2vec2-xls-r-300m/stage1_umap_itw_real_vs_spoof.html
Done.
===============================================
Running plots for: mem_1024_supcon_temp_0.3
===============================================
Using device: cuda
Model: facebook/wav2vec2-xls-r-300m
Checkpoint: /scratch/hafiz_root/hafiz1/jsudan/wav2vec_contr_loss/checkpoints_stage1/mem_1024_supcon_temp_0.3/wav2vec2-xls-r-300m_stage1_head_best.pt
Saving to: /home/jsudan/wav2vec_contr_loss/plots/dep_embeddings/ITW/mem_1024_supcon_temp_0.3/facebook__wav2vec2-xls-r-300m
Loaded finetuned encoder weights from checkpoint.
Collecting embeddings on ITW set...
  Processed 1280 samples...
  Processed 2560 samples...
  Processed 3840 samples...
  Processed 5120 samples...
  Processed 6400 samples...
  Processed 7680 samples...
  Processed 8960 samples...
  Processed 10240 samples...
  Processed 11520 samples...
  Processed 12800 samples...
  Processed 14080 samples...
  Processed 15360 samples...
  Processed 16640 samples...
  Processed 17920 samples...
  Processed 19200 samples...
  Processed 20480 samples...
  Processed 21760 samples...
  Processed 23040 samples...
  Processed 24320 samples...
  Processed 25600 samples...
  Processed 26880 samples...
  Processed 28160 samples...
  Processed 29440 samples...
  Processed 30720 samples...
Total ITW embeddings: 31767 (dim=256)
Running t-SNE...
Saving PNG plot...
Saved PNG: /home/jsudan/wav2vec_contr_loss/plots/dep_embeddings/ITW/mem_1024_supcon_temp_0.3/facebook__wav2vec2-xls-r-300m/stage1_umap_itw_real_vs_spoof.png
Saving interactive HTML plot...
Saved HTML: /home/jsudan/wav2vec_contr_loss/plots/dep_embeddings/ITW/mem_1024_supcon_temp_0.3/facebook__wav2vec2-xls-r-300m/stage1_umap_itw_real_vs_spoof.html
Done.
===============================================
Running plots for: mem_1024_supcon_geodesic_temp_0.07
===============================================
Using device: cuda
Model: facebook/wav2vec2-xls-r-300m
Checkpoint: /scratch/hafiz_root/hafiz1/jsudan/wav2vec_contr_loss/checkpoints_stage1/mem_1024_supcon_geodesic_temp_0.07/wav2vec2-xls-r-300m_stage1_head_best.pt
Saving to: /home/jsudan/wav2vec_contr_loss/plots/dep_embeddings/ITW/mem_1024_supcon_geodesic_temp_0.07/facebook__wav2vec2-xls-r-300m
Loaded finetuned encoder weights from checkpoint.
Collecting embeddings on ITW set...
  Processed 1280 samples...
  Processed 2560 samples...
  Processed 3840 samples...
  Processed 5120 samples...
  Processed 6400 samples...
  Processed 7680 samples...
  Processed 8960 samples...
  Processed 10240 samples...
  Processed 11520 samples...
  Processed 12800 samples...
  Processed 14080 samples...
  Processed 15360 samples...
  Processed 16640 samples...
  Processed 17920 samples...
  Processed 19200 samples...
  Processed 20480 samples...
  Processed 21760 samples...
  Processed 23040 samples...
  Processed 24320 samples...
  Processed 25600 samples...
  Processed 26880 samples...
  Processed 28160 samples...
  Processed 29440 samples...
  Processed 30720 samples...
Total ITW embeddings: 31767 (dim=256)
Running t-SNE...
Saving PNG plot...
Saved PNG: /home/jsudan/wav2vec_contr_loss/plots/dep_embeddings/ITW/mem_1024_supcon_geodesic_temp_0.07/facebook__wav2vec2-xls-r-300m/stage1_umap_itw_real_vs_spoof.png
Saving interactive HTML plot...
Saved HTML: /home/jsudan/wav2vec_contr_loss/plots/dep_embeddings/ITW/mem_1024_supcon_geodesic_temp_0.07/facebook__wav2vec2-xls-r-300m/stage1_umap_itw_real_vs_spoof.html
Done.
===============================================
Running plots for: mem_4096_supcon_temp_0.3
===============================================
Using device: cuda
Model: facebook/wav2vec2-xls-r-300m
Checkpoint: /scratch/hafiz_root/hafiz1/jsudan/wav2vec_contr_loss/checkpoints_stage1/mem_4096_supcon_temp_0.3/wav2vec2-xls-r-300m_stage1_head_best.pt
Saving to: /home/jsudan/wav2vec_contr_loss/plots/dep_embeddings/ITW/mem_4096_supcon_temp_0.3/facebook__wav2vec2-xls-r-300m
Loaded finetuned encoder weights from checkpoint.
Collecting embeddings on ITW set...
  Processed 1280 samples...
  Processed 2560 samples...
  Processed 3840 samples...
  Processed 5120 samples...
  Processed 6400 samples...
  Processed 7680 samples...
  Processed 8960 samples...
  Processed 10240 samples...
  Processed 11520 samples...
  Processed 12800 samples...
  Processed 14080 samples...
  Processed 15360 samples...
  Processed 16640 samples...
  Processed 17920 samples...
  Processed 19200 samples...
  Processed 20480 samples...
  Processed 21760 samples...
  Processed 23040 samples...
  Processed 24320 samples...
  Processed 25600 samples...
  Processed 26880 samples...
  Processed 28160 samples...
  Processed 29440 samples...
  Processed 30720 samples...
Total ITW embeddings: 31767 (dim=256)
Running t-SNE...
Saving PNG plot...
Saved PNG: /home/jsudan/wav2vec_contr_loss/plots/dep_embeddings/ITW/mem_4096_supcon_temp_0.3/facebook__wav2vec2-xls-r-300m/stage1_umap_itw_real_vs_spoof.png
Saving interactive HTML plot...
Saved HTML: /home/jsudan/wav2vec_contr_loss/plots/dep_embeddings/ITW/mem_4096_supcon_temp_0.3/facebook__wav2vec2-xls-r-300m/stage1_umap_itw_real_vs_spoof.html
Done.
===============================================
Running plots for: mem_4096_supcon_geodesic_temp_0.07
===============================================
Using device: cuda
Model: facebook/wav2vec2-xls-r-300m
Checkpoint: /scratch/hafiz_root/hafiz1/jsudan/wav2vec_contr_loss/checkpoints_stage1/mem_4096_supcon_geodesic_temp_0.07/wav2vec2-xls-r-300m_stage1_head_best.pt
Saving to: /home/jsudan/wav2vec_contr_loss/plots/dep_embeddings/ITW/mem_4096_supcon_geodesic_temp_0.07/facebook__wav2vec2-xls-r-300m
Loaded finetuned encoder weights from checkpoint.
Collecting embeddings on ITW set...
  Processed 1280 samples...
  Processed 2560 samples...
  Processed 3840 samples...
  Processed 5120 samples...
  Processed 6400 samples...
  Processed 7680 samples...
  Processed 8960 samples...
  Processed 10240 samples...
  Processed 11520 samples...
  Processed 12800 samples...
  Processed 14080 samples...
  Processed 15360 samples...
  Processed 16640 samples...
  Processed 17920 samples...
  Processed 19200 samples...
  Processed 20480 samples...
  Processed 21760 samples...
  Processed 23040 samples...
  Processed 24320 samples...
  Processed 25600 samples...
  Processed 26880 samples...
  Processed 28160 samples...
  Processed 29440 samples...
  Processed 30720 samples...
Total ITW embeddings: 31767 (dim=256)
Running t-SNE...
Saving PNG plot...
Saved PNG: /home/jsudan/wav2vec_contr_loss/plots/dep_embeddings/ITW/mem_4096_supcon_geodesic_temp_0.07/facebook__wav2vec2-xls-r-300m/stage1_umap_itw_real_vs_spoof.png
Saving interactive HTML plot...
Saved HTML: /home/jsudan/wav2vec_contr_loss/plots/dep_embeddings/ITW/mem_4096_supcon_geodesic_temp_0.07/facebook__wav2vec2-xls-r-300m/stage1_umap_itw_real_vs_spoof.html
Done.
===============================================
Running plots for: mem_16384_supcon_temp_0.3
===============================================
Using device: cuda
Model: facebook/wav2vec2-xls-r-300m
Checkpoint: /scratch/hafiz_root/hafiz1/jsudan/wav2vec_contr_loss/checkpoints_stage1/mem_16384_supcon_temp_0.3/wav2vec2-xls-r-300m_stage1_head_best.pt
Saving to: /home/jsudan/wav2vec_contr_loss/plots/dep_embeddings/ITW/mem_16384_supcon_temp_0.3/facebook__wav2vec2-xls-r-300m
Loaded finetuned encoder weights from checkpoint.
Collecting embeddings on ITW set...
  Processed 1280 samples...
  Processed 2560 samples...
  Processed 3840 samples...
  Processed 5120 samples...
  Processed 6400 samples...
  Processed 7680 samples...
  Processed 8960 samples...
  Processed 10240 samples...
  Processed 11520 samples...
  Processed 12800 samples...
  Processed 14080 samples...
  Processed 15360 samples...
  Processed 16640 samples...
  Processed 17920 samples...
  Processed 19200 samples...
  Processed 20480 samples...
  Processed 21760 samples...
  Processed 23040 samples...
  Processed 24320 samples...
  Processed 25600 samples...
  Processed 26880 samples...
  Processed 28160 samples...
  Processed 29440 samples...
  Processed 30720 samples...
Total ITW embeddings: 31767 (dim=256)
Running t-SNE...
Saving PNG plot...
Saved PNG: /home/jsudan/wav2vec_contr_loss/plots/dep_embeddings/ITW/mem_16384_supcon_temp_0.3/facebook__wav2vec2-xls-r-300m/stage1_umap_itw_real_vs_spoof.png
Saving interactive HTML plot...
Saved HTML: /home/jsudan/wav2vec_contr_loss/plots/dep_embeddings/ITW/mem_16384_supcon_temp_0.3/facebook__wav2vec2-xls-r-300m/stage1_umap_itw_real_vs_spoof.html
Done.
===============================================
Running plots for: mem_16384_supcon_geodesic_temp_0.07
===============================================
Using device: cuda
Model: facebook/wav2vec2-xls-r-300m
Checkpoint: /scratch/hafiz_root/hafiz1/jsudan/wav2vec_contr_loss/checkpoints_stage1/mem_16384_supcon_geodesic_temp_0.07/wav2vec2-xls-r-300m_stage1_head_best.pt
Saving to: /home/jsudan/wav2vec_contr_loss/plots/dep_embeddings/ITW/mem_16384_supcon_geodesic_temp_0.07/facebook__wav2vec2-xls-r-300m
Loaded finetuned encoder weights from checkpoint.
Collecting embeddings on ITW set...
  Processed 1280 samples...
  Processed 2560 samples...
  Processed 3840 samples...
  Processed 5120 samples...
  Processed 6400 samples...
  Processed 7680 samples...
  Processed 8960 samples...
  Processed 10240 samples...
  Processed 11520 samples...
  Processed 12800 samples...
  Processed 14080 samples...
  Processed 15360 samples...
  Processed 16640 samples...
  Processed 17920 samples...
  Processed 19200 samples...
  Processed 20480 samples...
  Processed 21760 samples...
  Processed 23040 samples...
  Processed 24320 samples...
  Processed 25600 samples...
  Processed 26880 samples...
  Processed 28160 samples...
  Processed 29440 samples...
  Processed 30720 samples...
Total ITW embeddings: 31767 (dim=256)
Running t-SNE...
Saving PNG plot...
Saved PNG: /home/jsudan/wav2vec_contr_loss/plots/dep_embeddings/ITW/mem_16384_supcon_geodesic_temp_0.07/facebook__wav2vec2-xls-r-300m/stage1_umap_itw_real_vs_spoof.png
Saving interactive HTML plot...
Saved HTML: /home/jsudan/wav2vec_contr_loss/plots/dep_embeddings/ITW/mem_16384_supcon_geodesic_temp_0.07/facebook__wav2vec2-xls-r-300m/stage1_umap_itw_real_vs_spoof.html
Done.
------------------------------------------------
All plotting finished at Sun Mar  1 16:02:43 EST 2026
