nohup: ignoring input
Setting up the environment...
Job started on ISSFLab.engin.umd.umich.edu at Mon Apr 20 21:27:26 EDT 2026
Python version: Python 3.12.12
PyTorch version: 2.6.0+cu124
/home/jsudan/.myenv/lib64/python3.12/site-packages/torch/cuda/__init__.py:129: UserWarning: CUDA initialization: CUDA driver initialization failed, you might not have a CUDA gpu. (Triggered internally at /pytorch/c10/cuda/CUDAFunctions.cpp:109.)
  return torch._C._cuda_getDeviceCount() > 0
CUDA available: False
Current GPU: NVIDIA A100-PCIE-40GB
NVIDIA A100-PCIE-40GB
NVIDIA A100-PCIE-40GB
----------------------------------------------------------------
EXPERIMENT NAME: supcon_geodesic_temp_0.05_seed_1337
SEED: 1337
Using NUM_GPUS=2
Using BATCH_SIZE=32
W0420 21:27:32.987000 3092507 torch/distributed/run.py:792] 
W0420 21:27:32.987000 3092507 torch/distributed/run.py:792] *****************************************
W0420 21:27:32.987000 3092507 torch/distributed/run.py:792] Setting OMP_NUM_THREADS environment variable for each process to be 1 in default, to avoid your system being overloaded, please further tune the variable for optimal performance in your application as needed. 
W0420 21:27:32.987000 3092507 torch/distributed/run.py:792] *****************************************
usage: train_stage1.py [-h] [--model_name MODEL_NAME] [--save_dir SAVE_DIR]
                       [--supcon_similarity {cosine,geodesic}]
                       [--uniformity_weight UNIFORMITY_WEIGHT]
                       [--uniformity_t UNIFORMITY_T] [--epochs EPOCHS]
                       [--batch_size BATCH_SIZE] [--num_samples NUM_SAMPLES]
                       [--use_ravdess {0,1}] [--use_commonvoice {0,1}]
                       [--ravdess_root RAVDESS_ROOT]
                       [--commonvoice_root COMMONVOICE_ROOT]
                       [--head_lr HEAD_LR] [--enc_lr ENC_LR]
                       [--weight_decay WEIGHT_DECAY]
                       [--temperature TEMPERATURE] [--num_workers NUM_WORKERS]
                       [--patience PATIENCE] [--seed SEED]
                       [--topk_neg TOPK_NEG] [--warmup_epochs WARMUP_EPOCHS]
                       [--alpha_end ALPHA_END]
                       [--alpha_ramp_epochs ALPHA_RAMP_EPOCHS]
                       [--use_rawboost {0,1}] [--rawboost_prob RAWBOOST_PROB]
                       [--finetune_encoder {0,1}]
train_stage1.py: error: unrecognized arguments: --max_duration_seconds 5 --accum_steps 1 --label_type binary --train_root /data/Data/ASVSpoofData_2019/train/LA/ASVspoof2019_LA_train/flac --train_protocol /data/Data/ASVSpoofData_2019/train/LA/ASVspoof2019_train_protocol_with_speaker.txt --dev_root /data/Data/ASVSpoofData_2019/train/LA/ASVspoof2019_LA_dev/flac --dev_protocol /data/Data/ASVSpoofData_2019/train/LA/ASVspoof2019_dev_protocol_with_speaker.txt
usage: train_stage1.py [-h] [--model_name MODEL_NAME] [--save_dir SAVE_DIR]
                       [--supcon_similarity {cosine,geodesic}]
                       [--uniformity_weight UNIFORMITY_WEIGHT]
                       [--uniformity_t UNIFORMITY_T] [--epochs EPOCHS]
                       [--batch_size BATCH_SIZE] [--num_samples NUM_SAMPLES]
                       [--use_ravdess {0,1}] [--use_commonvoice {0,1}]
                       [--ravdess_root RAVDESS_ROOT]
                       [--commonvoice_root COMMONVOICE_ROOT]
                       [--head_lr HEAD_LR] [--enc_lr ENC_LR]
                       [--weight_decay WEIGHT_DECAY]
                       [--temperature TEMPERATURE] [--num_workers NUM_WORKERS]
                       [--patience PATIENCE] [--seed SEED]
                       [--topk_neg TOPK_NEG] [--warmup_epochs WARMUP_EPOCHS]
                       [--alpha_end ALPHA_END]
                       [--alpha_ramp_epochs ALPHA_RAMP_EPOCHS]
                       [--use_rawboost {0,1}] [--rawboost_prob RAWBOOST_PROB]
                       [--finetune_encoder {0,1}]
train_stage1.py: error: unrecognized arguments: --max_duration_seconds 5 --accum_steps 1 --label_type binary --train_root /data/Data/ASVSpoofData_2019/train/LA/ASVspoof2019_LA_train/flac --train_protocol /data/Data/ASVSpoofData_2019/train/LA/ASVspoof2019_train_protocol_with_speaker.txt --dev_root /data/Data/ASVSpoofData_2019/train/LA/ASVspoof2019_LA_dev/flac --dev_protocol /data/Data/ASVSpoofData_2019/train/LA/ASVspoof2019_dev_protocol_with_speaker.txt
W0420 21:27:40.994000 3092507 torch/distributed/elastic/multiprocessing/api.py:897] Sending process 3092561 closing signal SIGTERM
E0420 21:27:41.109000 3092507 torch/distributed/elastic/multiprocessing/api.py:869] failed (exitcode: 2) local_rank: 0 (pid: 3092560) of binary: /home/jsudan/.myenv/bin/python3.12
Traceback (most recent call last):
  File "/home/jsudan/.myenv/bin/torchrun", line 8, in <module>
    sys.exit(main())
             ^^^^^^
  File "/home/jsudan/.myenv/lib64/python3.12/site-packages/torch/distributed/elastic/multiprocessing/errors/__init__.py", line 355, in wrapper
    return f(*args, **kwargs)
           ^^^^^^^^^^^^^^^^^^
  File "/home/jsudan/.myenv/lib64/python3.12/site-packages/torch/distributed/run.py", line 918, in main
    run(args)
  File "/home/jsudan/.myenv/lib64/python3.12/site-packages/torch/distributed/run.py", line 909, in run
    elastic_launch(
  File "/home/jsudan/.myenv/lib64/python3.12/site-packages/torch/distributed/launcher/api.py", line 138, in __call__
    return launch_agent(self._config, self._entrypoint, list(args))
           ^^^^^^^^^^^^^^^^^^^^^^^^^^^^^^^^^^^^^^^^^^^^^^^^^^^^^^^^
  File "/home/jsudan/.myenv/lib64/python3.12/site-packages/torch/distributed/launcher/api.py", line 269, in launch_agent
    raise ChildFailedError(
torch.distributed.elastic.multiprocessing.errors.ChildFailedError: 
============================================================
train_stage1.py FAILED
------------------------------------------------------------
Failures:
  <NO_OTHER_FAILURES>
------------------------------------------------------------
Root Cause (first observed failure):
[0]:
  time      : 2026-04-20_21:27:40
  host      : ISSFLab.engin.umd.umich.edu
  rank      : 0 (local_rank: 0)
  exitcode  : 2 (pid: 3092560)
  error_file: <N/A>
  traceback : To enable traceback see: https://pytorch.org/docs/stable/elastic/errors.html
============================================================
