nohup: ignoring input
Setting up the environment...
Job started on ISSFLab.engin.umd.umich.edu at Sat Apr 18 20:31:04 EDT 2026
Python version: Python 3.12.12
PyTorch version: 2.6.0+cu124
CUDA available: True
Current GPU: NVIDIA A100-PCIE-40GB
NVIDIA A100-PCIE-40GB
NVIDIA A100-PCIE-40GB
----------------------------------------------------------------
EXPERIMENT NAME: supcon_geodesic_temp_0.07_seed_1337
SEED: 1337
Using NUM_GPUS=2
Using BATCH_SIZE=32
Warning: You are sending unauthenticated requests to the HF Hub. Please set a HF_TOKEN to enable higher rate limits and faster downloads.
Using device: cuda
Model: facebook/wav2vec2-xls-r-300m
Checkpoint: /home/jsudan/wav2vec_contr_loss/checkpoints_stage1/supcon_geodesic_temp_0.07_seed_1337/wav2vec2-xls-r-300m_stage1_head_best.pt
Saving to: /home/jsudan/wav2vec_contr_loss/plots/dep_embeddings/ASV/supcon_geodesic_temp_0.07_seed_1337/facebook__wav2vec2-xls-r-300m
Loading weights:   0%|          | 0/422 [00:00<?, ?it/s]Loading weights: 100%|██████████| 422/422 [00:00<00:00, 39708.27it/s]
[1mWav2Vec2Model LOAD REPORT[0m from: facebook/wav2vec2-xls-r-300m
Key                          | Status     |  | 
-----------------------------+------------+--+-
project_hid.bias             | UNEXPECTED |  | 
quantizer.weight_proj.bias   | UNEXPECTED |  | 
quantizer.codevectors        | UNEXPECTED |  | 
project_q.bias               | UNEXPECTED |  | 
project_hid.weight           | UNEXPECTED |  | 
project_q.weight             | UNEXPECTED |  | 
quantizer.weight_proj.weight | UNEXPECTED |  | 

Notes:
- UNEXPECTED:	can be ignored when loading from different task/architecture; not ok if you expect identical arch.
Loaded finetuned encoder weights from checkpoint.
Collecting embeddings on eval set...
  Processed 1280 samples...
  Processed 2560 samples...
  Processed 3840 samples...
  Processed 5120 samples...
  Processed 6400 samples...
  Processed 7680 samples...
  Processed 8960 samples...
  Processed 10240 samples...
  Processed 11520 samples...
  Processed 12800 samples...
  Processed 14080 samples...
  Processed 15360 samples...
  Processed 16640 samples...
  Processed 17920 samples...
  Processed 19200 samples...
  Processed 20480 samples...
  Processed 21760 samples...
  Processed 23040 samples...
  Processed 24320 samples...
  Processed 25600 samples...
  Processed 26880 samples...
  Processed 28160 samples...
  Processed 29440 samples...
  Processed 30720 samples...
  Processed 32000 samples...
  Processed 33280 samples...
  Processed 34560 samples...
  Processed 35840 samples...
  Processed 37120 samples...
  Processed 38400 samples...
  Processed 39680 samples...
  Processed 40960 samples...
  Processed 42240 samples...
  Processed 43520 samples...
  Processed 44800 samples...
  Processed 46080 samples...
  Processed 47360 samples...
  Processed 48640 samples...
  Processed 49920 samples...
  Processed 51200 samples...
  Processed 52480 samples...
  Processed 53760 samples...
  Processed 55040 samples...
  Processed 56320 samples...
  Processed 57600 samples...
  Processed 58880 samples...
  Processed 60160 samples...
  Processed 61440 samples...
  Processed 62720 samples...
  Processed 64000 samples...
  Processed 65280 samples...
  Processed 66560 samples...
  Processed 67840 samples...
  Processed 69120 samples...
  Processed 70400 samples...
Total eval embeddings: 71237 (dim=256)
Running t-SNE...
Saving PNG plot...
Saved PNG: /home/jsudan/wav2vec_contr_loss/plots/dep_embeddings/ASV/supcon_geodesic_temp_0.07_seed_1337/facebook__wav2vec2-xls-r-300m/stage1_umap_eval_by_attack.png
Saving interactive HTML plot...
Saved HTML: /home/jsudan/wav2vec_contr_loss/plots/dep_embeddings/ASV/supcon_geodesic_temp_0.07_seed_1337/facebook__wav2vec2-xls-r-300m/stage1_umap_eval_by_attack.html
Done.
Warning: You are sending unauthenticated requests to the HF Hub. Please set a HF_TOKEN to enable higher rate limits and faster downloads.
Using device: cuda
Model: facebook/wav2vec2-xls-r-300m
Checkpoint: /home/jsudan/wav2vec_contr_loss/checkpoints_stage1/supcon_geodesic_temp_0.07_seed_1337/wav2vec2-xls-r-300m_stage1_head_best.pt
Saving to: /home/jsudan/wav2vec_contr_loss/plots/dep_embeddings/ITW/supcon_geodesic_temp_0.07_seed_1337/facebook__wav2vec2-xls-r-300m
Clean mode: False
Loading weights:   0%|          | 0/422 [00:00<?, ?it/s]Loading weights: 100%|██████████| 422/422 [00:00<00:00, 39654.01it/s]
[1mWav2Vec2Model LOAD REPORT[0m from: facebook/wav2vec2-xls-r-300m
Key                          | Status     |  | 
-----------------------------+------------+--+-
project_q.bias               | UNEXPECTED |  | 
quantizer.weight_proj.weight | UNEXPECTED |  | 
quantizer.weight_proj.bias   | UNEXPECTED |  | 
project_hid.weight           | UNEXPECTED |  | 
project_q.weight             | UNEXPECTED |  | 
quantizer.codevectors        | UNEXPECTED |  | 
project_hid.bias             | UNEXPECTED |  | 

Notes:
- UNEXPECTED:	can be ignored when loading from different task/architecture; not ok if you expect identical arch.
Loaded finetuned encoder weights from checkpoint.
Collecting embeddings on ITW set...
  Processed 1280 samples...
  Processed 2560 samples...
  Processed 3840 samples...
  Processed 5120 samples...
  Processed 6400 samples...
  Processed 7680 samples...
  Processed 8960 samples...
  Processed 10240 samples...
  Processed 11520 samples...
  Processed 12800 samples...
  Processed 14080 samples...
  Processed 15360 samples...
  Processed 16640 samples...
  Processed 17920 samples...
  Processed 19200 samples...
  Processed 20480 samples...
  Processed 21760 samples...
  Processed 23040 samples...
  Processed 24320 samples...
  Processed 25600 samples...
  Processed 26880 samples...
  Processed 28160 samples...
  Processed 29440 samples...
  Processed 30720 samples...
Total ITW embeddings: 31778 (dim=256)
Running t-SNE...
Saving PNG plot...
Saved PNG: /home/jsudan/wav2vec_contr_loss/plots/dep_embeddings/ITW/supcon_geodesic_temp_0.07_seed_1337/facebook__wav2vec2-xls-r-300m/stage1_umap_itw_real_vs_spoof.png
Saving interactive HTML plot...
Saved HTML: /home/jsudan/wav2vec_contr_loss/plots/dep_embeddings/ITW/supcon_geodesic_temp_0.07_seed_1337/facebook__wav2vec2-xls-r-300m/stage1_umap_itw_real_vs_spoof.html
Done.
Warning: You are sending unauthenticated requests to the HF Hub. Please set a HF_TOKEN to enable higher rate limits and faster downloads.
Using device: cuda
Loading Stage-1 checkpoint from: /home/jsudan/wav2vec_contr_loss/checkpoints_stage1/supcon_geodesic_temp_0.07_seed_1337/wav2vec2-xls-r-300m_stage1_head_best.pt
Loading weights:   0%|          | 0/422 [00:00<?, ?it/s]Loading weights: 100%|██████████| 422/422 [00:00<00:00, 38970.39it/s]
[1mWav2Vec2Model LOAD REPORT[0m from: facebook/wav2vec2-xls-r-300m
Key                          | Status     |  | 
-----------------------------+------------+--+-
project_q.weight             | UNEXPECTED |  | 
project_q.bias               | UNEXPECTED |  | 
quantizer.weight_proj.weight | UNEXPECTED |  | 
project_hid.weight           | UNEXPECTED |  | 
quantizer.codevectors        | UNEXPECTED |  | 
quantizer.weight_proj.bias   | UNEXPECTED |  | 
project_hid.bias             | UNEXPECTED |  | 

Notes:
- UNEXPECTED:	can be ignored when loading from different task/architecture; not ok if you expect identical arch.
[OK] Loaded finetuned encoder weights from checkpoint.
[INFO] Using ASVspoof2019 dataset for embedding extraction.
==> Building ASV dataset for split: train
[OK][ASV] Saved train: embeddings (25380, 256), labels (25380,)
     -> /home/jsudan/wav2vec_contr_loss/encoder_embeddings/stage1_embeddings/ASV/supcon_geodesic_temp_0.07_seed_1337/train_embeddings.npy
     -> /home/jsudan/wav2vec_contr_loss/encoder_embeddings/stage1_embeddings/ASV/supcon_geodesic_temp_0.07_seed_1337/train_labels.npy
==> Building ASV dataset for split: dev
[OK][ASV] Saved dev: embeddings (24844, 256), labels (24844,)
     -> /home/jsudan/wav2vec_contr_loss/encoder_embeddings/stage1_embeddings/ASV/supcon_geodesic_temp_0.07_seed_1337/dev_embeddings.npy
     -> /home/jsudan/wav2vec_contr_loss/encoder_embeddings/stage1_embeddings/ASV/supcon_geodesic_temp_0.07_seed_1337/dev_labels.npy
==> Building ASV dataset for split: eval
[OK][ASV] Saved eval: embeddings (71237, 256), labels (71237,)
     -> /home/jsudan/wav2vec_contr_loss/encoder_embeddings/stage1_embeddings/ASV/supcon_geodesic_temp_0.07_seed_1337/eval_embeddings.npy
     -> /home/jsudan/wav2vec_contr_loss/encoder_embeddings/stage1_embeddings/ASV/supcon_geodesic_temp_0.07_seed_1337/eval_labels.npy
[INFO] SKIP_ITW=1 set; skipping ITW embedding extraction.
Using device: cuda
Train embeddings: (25380, 256), Dev embeddings: (24844, 256)
Class balance: pos_weight=8.837
[epoch 001] train_loss=1.1957 | dev_loss=1.1382 | dev_acc=62.90% | dev_auc=1.0000 | dev_eer=0.08%
[epoch 001] ✓ New best EER=0.08% -> checkpoints_stage2/supcon_geodesic_temp_0.07_seed_1337/wav2vec2-xls-r-300m/stage2_binary_head_best.pt
[epoch 002] train_loss=1.0809 | dev_loss=1.0326 | dev_acc=70.11% | dev_auc=1.0000 | dev_eer=0.11%
[epoch 002] No EER improvement for 1 epoch(s) (best=0.08%)
[epoch 003] train_loss=0.9840 | dev_loss=0.9423 | dev_acc=76.00% | dev_auc=1.0000 | dev_eer=0.11%
[epoch 003] No EER improvement for 2 epoch(s) (best=0.08%)
[epoch 004] train_loss=0.9002 | dev_loss=0.8637 | dev_acc=81.46% | dev_auc=1.0000 | dev_eer=0.11%
[epoch 004] No EER improvement for 3 epoch(s) (best=0.08%)
[epoch 005] train_loss=0.8267 | dev_loss=0.7943 | dev_acc=83.45% | dev_auc=1.0000 | dev_eer=0.11%
[epoch 005] No EER improvement for 4 epoch(s) (best=0.08%)
[epoch 006] train_loss=0.7613 | dev_loss=0.7322 | dev_acc=84.20% | dev_auc=1.0000 | dev_eer=0.09%
[epoch 006] No EER improvement for 5 epoch(s) (best=0.08%)
[epoch 007] train_loss=0.7025 | dev_loss=0.6763 | dev_acc=84.52% | dev_auc=1.0000 | dev_eer=0.09%
[epoch 007] No EER improvement for 6 epoch(s) (best=0.08%)
[epoch 008] train_loss=0.6493 | dev_loss=0.6256 | dev_acc=84.83% | dev_auc=1.0000 | dev_eer=0.08%
[epoch 008] No EER improvement for 7 epoch(s) (best=0.08%)
[epoch 009] train_loss=0.6008 | dev_loss=0.5791 | dev_acc=87.05% | dev_auc=1.0000 | dev_eer=0.08%
[epoch 009] ✓ New best EER=0.08% -> checkpoints_stage2/supcon_geodesic_temp_0.07_seed_1337/wav2vec2-xls-r-300m/stage2_binary_head_best.pt
[epoch 010] train_loss=0.5565 | dev_loss=0.5366 | dev_acc=93.00% | dev_auc=1.0000 | dev_eer=0.08%
[epoch 010] ✓ New best EER=0.08% -> checkpoints_stage2/supcon_geodesic_temp_0.07_seed_1337/wav2vec2-xls-r-300m/stage2_binary_head_best.pt
[epoch 011] train_loss=0.5158 | dev_loss=0.4975 | dev_acc=97.33% | dev_auc=1.0000 | dev_eer=0.08%
[epoch 011] No EER improvement for 1 epoch(s) (best=0.08%)
[epoch 012] train_loss=0.4782 | dev_loss=0.4613 | dev_acc=98.82% | dev_auc=1.0000 | dev_eer=0.08%
[epoch 012] No EER improvement for 2 epoch(s) (best=0.08%)
[epoch 013] train_loss=0.4434 | dev_loss=0.4278 | dev_acc=99.34% | dev_auc=1.0000 | dev_eer=0.08%
[epoch 013] No EER improvement for 3 epoch(s) (best=0.08%)
[epoch 014] train_loss=0.4113 | dev_loss=0.3968 | dev_acc=99.55% | dev_auc=1.0000 | dev_eer=0.08%
[epoch 014] No EER improvement for 4 epoch(s) (best=0.08%)
[epoch 015] train_loss=0.3815 | dev_loss=0.3680 | dev_acc=99.66% | dev_auc=1.0000 | dev_eer=0.08%
[epoch 015] No EER improvement for 5 epoch(s) (best=0.08%)
[epoch 016] train_loss=0.3538 | dev_loss=0.3414 | dev_acc=99.71% | dev_auc=1.0000 | dev_eer=0.08%
[epoch 016] No EER improvement for 6 epoch(s) (best=0.08%)
[epoch 017] train_loss=0.3282 | dev_loss=0.3165 | dev_acc=99.75% | dev_auc=1.0000 | dev_eer=0.08%
[epoch 017] No EER improvement for 7 epoch(s) (best=0.08%)
[epoch 018] train_loss=0.3044 | dev_loss=0.2936 | dev_acc=99.77% | dev_auc=1.0000 | dev_eer=0.08%
[epoch 018] No EER improvement for 8 epoch(s) (best=0.08%)
[epoch 019] train_loss=0.2823 | dev_loss=0.2722 | dev_acc=99.79% | dev_auc=1.0000 | dev_eer=0.08%
[epoch 019] No EER improvement for 9 epoch(s) (best=0.08%)
[epoch 020] train_loss=0.2618 | dev_loss=0.2524 | dev_acc=99.81% | dev_auc=1.0000 | dev_eer=0.08%
[epoch 020] No EER improvement for 10 epoch(s) (best=0.08%)
[epoch 021] train_loss=0.2428 | dev_loss=0.2340 | dev_acc=99.82% | dev_auc=1.0000 | dev_eer=0.08%
[epoch 021] No EER improvement for 11 epoch(s) (best=0.08%)
[epoch 022] train_loss=0.2252 | dev_loss=0.2171 | dev_acc=99.83% | dev_auc=1.0000 | dev_eer=0.08%
[epoch 022] No EER improvement for 12 epoch(s) (best=0.08%)
[epoch 023] train_loss=0.2090 | dev_loss=0.2013 | dev_acc=99.84% | dev_auc=1.0000 | dev_eer=0.08%
[epoch 023] No EER improvement for 13 epoch(s) (best=0.08%)
[epoch 024] train_loss=0.1939 | dev_loss=0.1868 | dev_acc=99.85% | dev_auc=1.0000 | dev_eer=0.08%
[epoch 024] No EER improvement for 14 epoch(s) (best=0.08%)
[epoch 025] train_loss=0.1800 | dev_loss=0.1733 | dev_acc=99.85% | dev_auc=1.0000 | dev_eer=0.08%
[epoch 025] No EER improvement for 15 epoch(s) (best=0.08%)
[EARLY STOP] Patience reached (15) with no EER improvement. Best EER = 0.08%
==> Stage-2 training complete.
Best classifier checkpoint: checkpoints_stage2/supcon_geodesic_temp_0.07_seed_1337/wav2vec2-xls-r-300m/stage2_binary_head_best.pt
Warning: You are sending unauthenticated requests to the HF Hub. Please set a HF_TOKEN to enable higher rate limits and faster downloads.
FF_PROTOCOL: /nfs/turbo/umd-hafiz/issf_server_data/famousfigures/protocol.txt
Device: cuda
Loading weights:   0%|          | 0/422 [00:00<?, ?it/s]Loading weights: 100%|██████████| 422/422 [00:00<00:00, 39033.13it/s]
[1mWav2Vec2Model LOAD REPORT[0m from: facebook/wav2vec2-xls-r-300m
Key                          | Status     |  | 
-----------------------------+------------+--+-
quantizer.weight_proj.weight | UNEXPECTED |  | 
project_hid.bias             | UNEXPECTED |  | 
project_q.weight             | UNEXPECTED |  | 
quantizer.codevectors        | UNEXPECTED |  | 
quantizer.weight_proj.bias   | UNEXPECTED |  | 
project_q.bias               | UNEXPECTED |  | 
project_hid.weight           | UNEXPECTED |  | 

Notes:
- UNEXPECTED:	can be ignored when loading from different task/architecture; not ok if you expect identical arch.
Loaded Stage-2 head: type=linear, in_dim=256, hidden_dim=128, dropout=0.2
[INFO] Scoring dataset 'itw' -> /home/jsudan/wav2vec_contr_loss/scores/supcon_geodesic_temp_0.07_seed_1337/facebook/wav2vec2-xls-r-300m/score_cm_itw.txt
[OK] Wrote: /home/jsudan/wav2vec_contr_loss/scores/supcon_geodesic_temp_0.07_seed_1337/facebook/wav2vec2-xls-r-300m/score_cm_itw.txt
EER (itw): 14.066443148347506
[INFO] Scoring dataset 'asv19' -> /home/jsudan/wav2vec_contr_loss/scores/supcon_geodesic_temp_0.07_seed_1337/facebook/wav2vec2-xls-r-300m/score_cm_eval.txt
[OK] Wrote: /home/jsudan/wav2vec_contr_loss/scores/supcon_geodesic_temp_0.07_seed_1337/facebook/wav2vec2-xls-r-300m/score_cm_eval.txt
EER (asv19): 0.6119473423243752
[INFO] Scoring dataset 'asv5' -> /home/jsudan/wav2vec_contr_loss/scores/supcon_geodesic_temp_0.07_seed_1337/facebook/wav2vec2-xls-r-300m/score_cm_eval_asv5.txt
run_asv19_pipeline.sh: line 249: 1470483 Terminated              CUDA_VISIBLE_DEVICES=0 python eval_datasets.py --exp_name "${EXP_NAME}" --datasets "${DATASETS}" --model_name "${MODEL_PATH}" --stage1_ckpt "${CKPT}" --stage2_ckpt "${STAGE2_CKPT}" --scores_dir "${SCORES_DIR}" --batch_size ${EVAL_BATCH_SIZE} --num_workers ${NUM_WORKERS} --subset all --max_duration_seconds ${MAX_DURATION_SECONDS} --ff_speakers "${FF_SPEAKERS}" --ff_root /data/Data/famousfigures --ff_protocol /data/Data/famousfigures/protocol.txt --asv19_root ${ASV19_EVAL_ROOT} --asv19_protocol ${ASV19_EVAL_PROTOCOL} --asv5_root /data/Data/ASVSpoof5/No_Laundering_eval/flac --asv5_protocol /data/Data/ASVSpoof5/protocols/ASVspoof5.eval.track_1.tsv --itw_root /data/Data/ds_wild/release_in_the_wild --itw_protocol /data/Data/ds_wild/protocols/meta.csv --fakexpose_root /data/Data/fakexpose --deepfake_root /data/Data/Deepfake_Eval_2024/audio-data --deepfake_protocol /data/Data/Deepfake_Eval_2024/audio-metadata-publish.csv --print_eer --windowed_eval ${WINDOWED_EVAL} --window_sec ${WINDOW_SEC} --hop_sec ${HOP_SEC} --agg ${AGG} --topk_frac ${TOPK_FRAC} --max_windows_per_utt ${MAX_WINDOWS_PER_UTT} --window_batch_size ${WINDOW_BATCH_SIZE}
