Setting up the environment...
Job started on gl1500.arc-ts.umich.edu at Sun Feb 15 18:18:02 EST 2026
Python version: Python 3.9.7
PyTorch version: 2.8.0+cu128
CUDA available: True
Current GPU: NVIDIA A40
----------------------------------------------------------------
Starting the Python training script...
Device: cuda
[INFO] Found existing score file for 'itw': /home/jsudan/wav2vec_contr_loss/scores/baseline/facebook/wav2vec2-xls-r-300m/score_cm_itw.txt
EER (itw): 11.088589805154431
[INFO] Found existing score file for 'asv19': /home/jsudan/wav2vec_contr_loss/scores/baseline/facebook/wav2vec2-xls-r-300m/score_cm_eval.txt
EER (asv19): 0.218346577181488
[INFO] Found existing score file for 'asv21_la': /home/jsudan/wav2vec_contr_loss/scores/baseline/facebook/wav2vec2-xls-r-300m/asv21_la/score_cm_asv21_la.txt
EER (asv21_la): 7.311462283293197
[INFO] Found existing score file for 'asv21_df': /home/jsudan/wav2vec_contr_loss/scores/baseline/facebook/wav2vec2-xls-r-300m/asv21_df/score_cm_asv21_df.txt
EER (asv21_df): 7.242362288619764
----------------------------------------------------------------
Training script finished.
Job finished at: Sun Feb 15 18:22:18 EST 2026
